../Components/App/Inc/app_dshot_test.h:24:20:AppDshotTest_Step	48	static
../Components/App/Src/../../MotorDshot300/Inc/motor_dshot300.h:16:27:MotorDshot300_Init	24	static
../Components/App/Src/app.c:172:6:App_SetSpi	24	static
../Components/App/Src/app.c:179:6:App_SetUsbTransmit	16	static
../Components/App/Src/app.c:184:6:App_SetActivityLed	16	static
../Components/App/Src/app.c:190:6:App_SetMotorTimer	16	static
../Components/App/Src/app.c:195:6:App_SetControlUart	16	static
../Components/App/Src/app.c:200:6:App_OnUsbReceive	16	static
../Components/App/Src/app.c:210:6:App_OnUsbTransmitComplete	4	static
../Components/App/Src/app.c:215:6:App_Init	48	static
../Components/App/Src/app.c:261:13:App_StartMotorOutput	104	static
../Components/App/Src/app.c:395:6:App_Process	8	static
../Components/App/Src/app.c:400:6:App_FlightControlStep	16	static
../Components/App/Src/app.c:441:6:App_TelemetryStep	16	static
../Components/App/Src/app.c:471:6:App_HousekeepingStep	16	static
../Components/App/Src/app.c:483:6:App_GetTimingStats	336	static,ignoring_inline_asm
../Components/App/Src/app.c:608:6:HAL_UARTEx_RxEventCallback	16	static
../Components/App/Src/app.c:613:6:HAL_UART_ErrorCallback	16	static
../Components/App/Src/app.c:618:13:App_FlushControlUartLog	4	static
../Components/App/Src/app.c:660:13:App_ReportTiming	296	static
../Components/App/Src/app.c:726:13:App_ReportMixer	192	static
../Components/App/Src/app.c:779:13:App_ReportDshotStatus	48	static
../Components/App/Src/app.c:811:16:App_FloatToTenths	16	static
../Components/App/Src/app.c:818:13:App_TryInitICM20948	24	static
../Components/App/Src/app.c:897:13:App_CalibrateGyro	152	static
../Components/App/Src/app.c:954:13:App_UpdateAttitude	128	static,ignoring_inline_asm
../Components/App/Src/app.c:1129:13:App_UpdateMagnetometer	56	static
../Components/App/Src/app.c:1177:13:App_ReportICM20948	192	static
../Components/App/Src/app.c:1246:13:App_ReportMagDebug	216	static
../Components/App/Src/app.c:1292:13:App_IcmLog	16	static
../Components/App/Src/app.c:1319:16:App_GyroRawToMdps	16	static
../Components/App/Src/app.c:1325:16:App_TempRawToCentiC	16	static
../Components/App/Src/app.c:1330:16:App_MagRawToCentiUt	16	static
../Components/App/Src/app.c:1335:13:App_EnableCycleCounter	4	static
../Components/App/Src/app.c:1347:17:App_CyclesToUs	64	static
../Components/App/Src/app.c:1356:13:App_ResetTimingStats	4	static,ignoring_inline_asm
../Components/App/Src/app.c:1389:13:App_RecordSampleTiming	112	static,ignoring_inline_asm
