../Components/App/Src/app.c:135:6:App_SetSpi	24	static
../Components/App/Src/app.c:142:6:App_SetUsbTransmit	16	static
../Components/App/Src/app.c:147:6:App_SetActivityLed	16	static
../Components/App/Src/app.c:153:6:App_SetMotorTimer	16	static
../Components/App/Src/app.c:158:6:App_SetControlUart	16	static
../Components/App/Src/app.c:163:6:App_OnUsbReceive	16	static
../Components/App/Src/app.c:173:6:App_OnUsbTransmitComplete	4	static
../Components/App/Src/app.c:178:6:App_Init	16	static
../Components/App/Src/app.c:213:13:App_StartMotorPwm	80	static
../Components/App/Src/app.c:285:6:App_Process	8	static
../Components/App/Src/app.c:290:6:App_FlightControlStep	16	static
../Components/App/Src/app.c:326:6:App_TelemetryStep	16	static
../Components/App/Src/app.c:349:6:App_HousekeepingStep	16	static
../Components/App/Src/app.c:361:6:App_GetTimingStats	336	static,ignoring_inline_asm
../Components/App/Src/app.c:486:6:HAL_UARTEx_RxEventCallback	16	static
../Components/App/Src/app.c:491:6:HAL_UART_ErrorCallback	16	static
../Components/App/Src/app.c:496:13:App_FlushControlUartLog	4	static
../Components/App/Src/app.c:538:13:App_ReportTiming	296	static
../Components/App/Src/app.c:604:13:App_ReportMixer	192	static
../Components/App/Src/app.c:656:16:App_FloatToTenths	16	static
../Components/App/Src/app.c:663:13:App_TryInitICM20948	24	static
../Components/App/Src/app.c:743:13:App_CalibrateGyro	152	static
../Components/App/Src/app.c:800:13:App_UpdateAttitude	128	static,ignoring_inline_asm
../Components/App/Src/app.c:975:13:App_UpdateMagnetometer	56	static
../Components/App/Src/app.c:1023:13:App_ReportICM20948	192	static
../Components/App/Src/app.c:1092:13:App_ReportMagDebug	216	static
../Components/App/Src/app.c:1138:13:App_IcmLog	16	static
../Components/App/Src/app.c:1165:16:App_GyroRawToMdps	16	static
../Components/App/Src/app.c:1171:16:App_TempRawToCentiC	16	static
../Components/App/Src/app.c:1176:16:App_MagRawToCentiUt	16	static
../Components/App/Src/app.c:1181:13:App_EnableCycleCounter	4	static
../Components/App/Src/app.c:1193:17:App_CyclesToUs	64	static
../Components/App/Src/app.c:1202:13:App_ResetTimingStats	4	static,ignoring_inline_asm
../Components/App/Src/app.c:1235:13:App_RecordSampleTiming	112	static,ignoring_inline_asm
