Archive member included to satisfy reference by file (symbol)

/opt/st/stm32cubeide_2.1.0/plugins/com.st.stm32cube.ide.mcu.externaltools.gnu-tools-for-stm32.14.3.rel1.linux64_1.0.100.202602081740/tools/bin/../lib/gcc/arm-none-eabi/14.3.1/../../../../arm-none-eabi/lib/thumb/v7e-m+dp/hard/libc_nano.a(libc_a-exit.o)
                              /opt/st/stm32cubeide_2.1.0/plugins/com.st.stm32cube.ide.mcu.externaltools.gnu-tools-for-stm32.14.3.rel1.linux64_1.0.100.202602081740/tools/bin/../lib/gcc/arm-none-eabi/14.3.1/../../../../arm-none-eabi/lib/thumb/v7e-m+dp/hard/crt0.o (exit)
/opt/st/stm32cubeide_2.1.0/plugins/com.st.stm32cube.ide.mcu.externaltools.gnu-tools-for-stm32.14.3.rel1.linux64_1.0.100.202602081740/tools/bin/../lib/gcc/arm-none-eabi/14.3.1/../../../../arm-none-eabi/lib/thumb/v7e-m+dp/hard/libc_nano.a(libc_a-findfp.o)
                              /opt/st/stm32cubeide_2.1.0/plugins/com.st.stm32cube.ide.mcu.externaltools.gnu-tools-for-stm32.14.3.rel1.linux64_1.0.100.202602081740/tools/bin/../lib/gcc/arm-none-eabi/14.3.1/../../../../arm-none-eabi/lib/thumb/v7e-m+dp/hard/libc_nano.a(libc_a-exit.o) (__stdio_exit_handler)
/opt/st/stm32cubeide_2.1.0/plugins/com.st.stm32cube.ide.mcu.externaltools.gnu-tools-for-stm32.14.3.rel1.linux64_1.0.100.202602081740/tools/bin/../lib/gcc/arm-none-eabi/14.3.1/../../../../arm-none-eabi/lib/thumb/v7e-m+dp/hard/libc_nano.a(libc_a-fwalk.o)
                              /opt/st/stm32cubeide_2.1.0/plugins/com.st.stm32cube.ide.mcu.externaltools.gnu-tools-for-stm32.14.3.rel1.linux64_1.0.100.202602081740/tools/bin/../lib/gcc/arm-none-eabi/14.3.1/../../../../arm-none-eabi/lib/thumb/v7e-m+dp/hard/libc_nano.a(libc_a-findfp.o) (_fwalk_sglue)
/opt/st/stm32cubeide_2.1.0/plugins/com.st.stm32cube.ide.mcu.externaltools.gnu-tools-for-stm32.14.3.rel1.linux64_1.0.100.202602081740/tools/bin/../lib/gcc/arm-none-eabi/14.3.1/../../../../arm-none-eabi/lib/thumb/v7e-m+dp/hard/libc_nano.a(libc_a-snprintf.o)
                              ./Components/App/Src/app.o (snprintf)
/opt/st/stm32cubeide_2.1.0/plugins/com.st.stm32cube.ide.mcu.externaltools.gnu-tools-for-stm32.14.3.rel1.linux64_1.0.100.202602081740/tools/bin/../lib/gcc/arm-none-eabi/14.3.1/../../../../arm-none-eabi/lib/thumb/v7e-m+dp/hard/libc_nano.a(libc_a-stdio.o)
                              /opt/st/stm32cubeide_2.1.0/plugins/com.st.stm32cube.ide.mcu.externaltools.gnu-tools-for-stm32.14.3.rel1.linux64_1.0.100.202602081740/tools/bin/../lib/gcc/arm-none-eabi/14.3.1/../../../../arm-none-eabi/lib/thumb/v7e-m+dp/hard/libc_nano.a(libc_a-findfp.o) (__sread)
/opt/st/stm32cubeide_2.1.0/plugins/com.st.stm32cube.ide.mcu.externaltools.gnu-tools-for-stm32.14.3.rel1.linux64_1.0.100.202602081740/tools/bin/../lib/gcc/arm-none-eabi/14.3.1/../../../../arm-none-eabi/lib/thumb/v7e-m+dp/hard/libc_nano.a(libc_a-memset.o)
                              /opt/st/stm32cubeide_2.1.0/plugins/com.st.stm32cube.ide.mcu.externaltools.gnu-tools-for-stm32.14.3.rel1.linux64_1.0.100.202602081740/tools/bin/../lib/gcc/arm-none-eabi/14.3.1/../../../../arm-none-eabi/lib/thumb/v7e-m+dp/hard/crt0.o (memset)
/opt/st/stm32cubeide_2.1.0/plugins/com.st.stm32cube.ide.mcu.externaltools.gnu-tools-for-stm32.14.3.rel1.linux64_1.0.100.202602081740/tools/bin/../lib/gcc/arm-none-eabi/14.3.1/../../../../arm-none-eabi/lib/thumb/v7e-m+dp/hard/libc_nano.a(libc_a-closer.o)
                              /opt/st/stm32cubeide_2.1.0/plugins/com.st.stm32cube.ide.mcu.externaltools.gnu-tools-for-stm32.14.3.rel1.linux64_1.0.100.202602081740/tools/bin/../lib/gcc/arm-none-eabi/14.3.1/../../../../arm-none-eabi/lib/thumb/v7e-m+dp/hard/libc_nano.a(libc_a-stdio.o) (_close_r)
/opt/st/stm32cubeide_2.1.0/plugins/com.st.stm32cube.ide.mcu.externaltools.gnu-tools-for-stm32.14.3.rel1.linux64_1.0.100.202602081740/tools/bin/../lib/gcc/arm-none-eabi/14.3.1/../../../../arm-none-eabi/lib/thumb/v7e-m+dp/hard/libc_nano.a(libc_a-reent.o)
                              /opt/st/stm32cubeide_2.1.0/plugins/com.st.stm32cube.ide.mcu.externaltools.gnu-tools-for-stm32.14.3.rel1.linux64_1.0.100.202602081740/tools/bin/../lib/gcc/arm-none-eabi/14.3.1/../../../../arm-none-eabi/lib/thumb/v7e-m+dp/hard/libc_nano.a(libc_a-closer.o) (errno)
/opt/st/stm32cubeide_2.1.0/plugins/com.st.stm32cube.ide.mcu.externaltools.gnu-tools-for-stm32.14.3.rel1.linux64_1.0.100.202602081740/tools/bin/../lib/gcc/arm-none-eabi/14.3.1/../../../../arm-none-eabi/lib/thumb/v7e-m+dp/hard/libc_nano.a(libc_a-impure.o)
                              /opt/st/stm32cubeide_2.1.0/plugins/com.st.stm32cube.ide.mcu.externaltools.gnu-tools-for-stm32.14.3.rel1.linux64_1.0.100.202602081740/tools/bin/../lib/gcc/arm-none-eabi/14.3.1/../../../../arm-none-eabi/lib/thumb/v7e-m+dp/hard/libc_nano.a(libc_a-snprintf.o) (_impure_ptr)
/opt/st/stm32cubeide_2.1.0/plugins/com.st.stm32cube.ide.mcu.externaltools.gnu-tools-for-stm32.14.3.rel1.linux64_1.0.100.202602081740/tools/bin/../lib/gcc/arm-none-eabi/14.3.1/../../../../arm-none-eabi/lib/thumb/v7e-m+dp/hard/libc_nano.a(libc_a-lseekr.o)
[...]
Memory Configuration

Name             Origin             Length             Attributes
FLASH            0x08000000         0x00200000         xr
DTCMRAM          0x20000000         0x00020000         xrw
RAM_D1           0x24000000         0x00080000         xrw
RAM_D2           0x30000000         0x00048000         xrw
RAM_D3           0x38000000         0x00010000         xrw
ITCMRAM          0x00000000         0x00010000         xrw
*default*        0x00000000         0xffffffff

Linker script and memory map

LOAD /opt/st/stm32cubeide_2.1.0/plugins/com.st.stm32cube.ide.mcu.externaltools.gnu-tools-for-stm32.14.3.rel1.linux64_1.0.100.202602081740/tools/bin/../lib/gcc/arm-none-eabi/14.3.1/thumb/v7e-m+dp/hard/crti.o
LOAD /opt/st/stm32cubeide_2.1.0/plugins/com.st.stm32cube.ide.mcu.externaltools.gnu-tools-for-stm32.14.3.rel1.linux64_1.0.100.202602081740/tools/bin/../lib/gcc/arm-none-eabi/14.3.1/thumb/v7e-m+dp/hard/crtbegin.o
LOAD /opt/st/stm32cubeide_2.1.0/plugins/com.st.stm32cube.ide.mcu.externaltools.gnu-tools-for-stm32.14.3.rel1.linux64_1.0.100.202602081740/tools/bin/../lib/gcc/arm-none-eabi/14.3.1/../../../../arm-none-eabi/lib/thumb/v7e-m+dp/hard/crt0.o
LOAD ./Components/App/Src/app.o
LOAD ./Components/Attitude/Src/attitude.o
LOAD ./Components/DroneControl/Src/drone_control.o
LOAD ./Components/DroneProtocol/Src/drone_cobs.o
LOAD ./Components/DroneProtocol/Src/drone_protocol.o
LOAD ./Components/ICM20948/Src/icm20948.o
LOAD ./Components/Mahony/Src/mahony.o
LOAD ./Components/Mahony9/Src/mahony9.o
LOAD ./Components/MotorPWM/Src/motor_pwm.o
LOAD ./Core/Src/main.o
LOAD ./Core/Src/stm32h7xx_hal_msp.o
LOAD ./Core/Src/stm32h7xx_it.o
LOAD ./Core/Src/syscalls.o
LOAD ./Core/Src/sysmem.o
LOAD ./Core/Src/system_stm32h7xx.o
LOAD ./Core/Startup/startup_stm32h743xihx.o
LOAD ./Drivers/STM32H7xx_HAL_Driver/Src/stm32h7xx_hal.o
LOAD ./Drivers/STM32H7xx_HAL_Driver/Src/stm32h7xx_hal_cortex.o
LOAD ./Drivers/STM32H7xx_HAL_Driver/Src/stm32h7xx_hal_dma.o
LOAD ./Drivers/STM32H7xx_HAL_Driver/Src/stm32h7xx_hal_dma_ex.o
LOAD ./Drivers/STM32H7xx_HAL_Driver/Src/stm32h7xx_hal_exti.o
LOAD ./Drivers/STM32H7xx_HAL_Driver/Src/stm32h7xx_hal_flash.o
LOAD ./Drivers/STM32H7xx_HAL_Driver/Src/stm32h7xx_hal_flash_ex.o
LOAD ./Drivers/STM32H7xx_HAL_Driver/Src/stm32h7xx_hal_gpio.o
LOAD ./Drivers/STM32H7xx_HAL_Driver/Src/stm32h7xx_hal_hsem.o
LOAD ./Drivers/STM32H7xx_HAL_Driver/Src/stm32h7xx_hal_i2c.o
LOAD ./Drivers/STM32H7xx_HAL_Driver/Src/stm32h7xx_hal_i2c_ex.o
LOAD ./Drivers/STM32H7xx_HAL_Driver/Src/stm32h7xx_hal_mdma.o
LOAD ./Drivers/STM32H7xx_HAL_Driver/Src/stm32h7xx_hal_pcd.o
LOAD ./Drivers/STM32H7xx_HAL_Driver/Src/stm32h7xx_hal_pcd_ex.o
LOAD ./Drivers/STM32H7xx_HAL_Driver/Src/stm32h7xx_hal_pwr.o
LOAD ./Drivers/STM32H7xx_HAL_Driver/Src/stm32h7xx_hal_pwr_ex.o
LOAD ./Drivers/STM32H7xx_HAL_Driver/Src/stm32h7xx_hal_rcc.o
LOAD ./Drivers/STM32H7xx_HAL_Driver/Src/stm32h7xx_hal_rcc_ex.o
LOAD ./Drivers/STM32H7xx_HAL_Driver/Src/stm32h7xx_hal_spi.o
LOAD ./Drivers/STM32H7xx_HAL_Driver/Src/stm32h7xx_hal_spi_ex.o
LOAD ./Drivers/STM32H7xx_HAL_Driver/Src/stm32h7xx_hal_tim.o
LOAD ./Drivers/STM32H7xx_HAL_Driver/Src/stm32h7xx_hal_tim_ex.o
LOAD ./Drivers/STM32H7xx_HAL_Driver/Src/stm32h7xx_hal_uart.o
LOAD ./Drivers/STM32H7xx_HAL_Driver/Src/stm32h7xx_hal_uart_ex.o
LOAD ./Drivers/STM32H7xx_HAL_Driver/Src/stm32h7xx_ll_usb.o
LOAD ./Middlewares/ST/STM32_USB_Device_Library/Class/CDC/Src/usbd_cdc.o
LOAD ./Middlewares/ST/STM32_USB_Device_Library/Core/Src/usbd_core.o
LOAD ./Middlewares/ST/STM32_USB_Device_Library/Core/Src/usbd_ctlreq.o
LOAD ./Middlewares/ST/STM32_USB_Device_Library/Core/Src/usbd_ioreq.o
LOAD ./USB_DEVICE/App/usb_device.o
LOAD ./USB_DEVICE/App/usbd_cdc_if.o
LOAD ./USB_DEVICE/App/usbd_desc.o
LOAD ./USB_DEVICE/Target/usbd_conf.o
START GROUP
LOAD /opt/st/stm32cubeide_2.1.0/plugins/com.st.stm32cube.ide.mcu.externaltools.gnu-tools-for-stm32.14.3.rel1.linux64_1.0.100.202602081740/tools/bin/../lib/gcc/arm-none-eabi/14.3.1/../../../../arm-none-eabi/lib/thumb/v7e-m+dp/hard/libc_nano.a
LOAD /opt/st/stm32cubeide_2.1.0/plugins/com.st.stm32cube.ide.mcu.externaltools.gnu-tools-for-stm32.14.3.rel1.linux64_1.0.100.202602081740/tools/bin/../lib/gcc/arm-none-eabi/14.3.1/../../../../arm-none-eabi/lib/thumb/v7e-m+dp/hard/libm.a
END GROUP
START GROUP
LOAD /opt/st/stm32cubeide_2.1.0/plugins/com.st.stm32cube.ide.mcu.externaltools.gnu-tools-for-stm32.14.3.rel1.linux64_1.0.100.202602081740/tools/bin/../lib/gcc/arm-none-eabi/14.3.1/thumb/v7e-m+dp/hard/libgcc.a
LOAD /opt/st/stm32cubeide_2.1.0/plugins/com.st.stm32cube.ide.mcu.externaltools.gnu-tools-for-stm32.14.3.rel1.linux64_1.0.100.202602081740/tools/bin/../lib/gcc/arm-none-eabi/14.3.1/../../../../arm-none-eabi/lib/thumb/v7e-m+dp/hard/libc_nano.a
END GROUP
START GROUP
LOAD /opt/st/stm32cubeide_2.1.0/plugins/com.st.stm32cube.ide.mcu.externaltools.gnu-tools-for-stm32.14.3.rel1.linux64_1.0.100.202602081740/tools/bin/../lib/gcc/arm-none-eabi/14.3.1/thumb/v7e-m+dp/hard/libgcc.a
LOAD /opt/st/stm32cubeide_2.1.0/plugins/com.st.stm32cube.ide.mcu.externaltools.gnu-tools-for-stm32.14.3.rel1.linux64_1.0.100.202602081740/tools/bin/../lib/gcc/arm-none-eabi/14.3.1/../../../../arm-none-eabi/lib/thumb/v7e-m+dp/hard/libc_nano.a
LOAD /opt/st/stm32cubeide_2.1.0/plugins/com.st.stm32cube.ide.mcu.externaltools.gnu-tools-for-stm32.14.3.rel1.linux64_1.0.100.202602081740/tools/bin/../lib/gcc/arm-none-eabi/14.3.1/../../../../arm-none-eabi/lib/thumb/v7e-m+dp/hard/libnosys.a
END GROUP
START GROUP
LOAD /opt/st/stm32cubeide_2.1.0/plugins/com.st.stm32cube.ide.mcu.externaltools.gnu-tools-for-stm32.14.3.rel1.linux64_1.0.100.202602081740/tools/bin/../lib/gcc/arm-none-eabi/14.3.1/thumb/v7e-m+dp/hard/libgcc.a
LOAD /opt/st/stm32cubeide_2.1.0/plugins/com.st.stm32cube.ide.mcu.externaltools.gnu-tools-for-stm32.14.3.rel1.linux64_1.0.100.202602081740/tools/bin/../lib/gcc/arm-none-eabi/14.3.1/../../../../arm-none-eabi/lib/thumb/v7e-m+dp/hard/libc_nano.a
LOAD /opt/st/stm32cubeide_2.1.0/plugins/com.st.stm32cube.ide.mcu.externaltools.gnu-tools-for-stm32.14.3.rel1.linux64_1.0.100.202602081740/tools/bin/../lib/gcc/arm-none-eabi/14.3.1/../../../../arm-none-eabi/lib/thumb/v7e-m+dp/hard/libnosys.a
END GROUP
LOAD /opt/st/stm32cubeide_2.1.0/plugins/com.st.stm32cube.ide.mcu.externaltools.gnu-tools-for-stm32.14.3.rel1.linux64_1.0.100.202602081740/tools/bin/../lib/gcc/arm-none-eabi/14.3.1/thumb/v7e-m+dp/hard/crtend.o
LOAD /opt/st/stm32cubeide_2.1.0/plugins/com.st.stm32cube.ide.mcu.externaltools.gnu-tools-for-stm32.14.3.rel1.linux64_1.0.100.202602081740/tools/bin/../lib/gcc/arm-none-eabi/14.3.1/thumb/v7e-m+dp/hard/crtn.o
                0x24080000                        _estack = (ORIGIN (RAM_D1) + LENGTH (RAM_D1))
                0x00000200                        _Min_Heap_Size = 0x200
                0x00000400                        _Min_Stack_Size = 0x400

.isr_vector     0x08000000      0x298
                0x08000000                        . = ALIGN (0x4)
 *(.isr_vector)
 .isr_vector    0x08000000      0x298 ./Core/Startup/startup_stm32h743xihx.o
                0x08000000                g_pfnVectors
                0x08000298                        . = ALIGN (0x4)

.text           0x080002a0    0x1474c
                0x080002a0                        . = ALIGN (0x4)
 *(.text)
 .text          0x080002a0       0x40 /opt/st/stm32cubeide_2.1.0/plugins/com.st.stm32cube.ide.mcu.externaltools.gnu-tools-for-stm32.14.3.rel1.linux64_1.0.100.202602081740/tools/bin/../lib/gcc/arm-none-eabi/14.3.1/thumb/v7e-m+dp/hard/crtbegin.o
 .text          0x080002e0       0xa0 /opt/st/stm32cubeide_2.1.0/plugins/com.st.stm32cube.ide.mcu.externaltools.gnu-tools-for-stm32.14.3.rel1.linux64_1.0.100.202602081740/tools/bin/../lib/gcc/arm-none-eabi/14.3.1/../../../../arm-none-eabi/lib/thumb/v7e-m+dp/hard/libc_nano.a(libc_a-memchr.o)
                0x080002e0                memchr
 .text          0x08000380      0x378 /opt/st/stm32cubeide_2.1.0/plugins/com.st.stm32cube.ide.mcu.externaltools.gnu-tools-for-stm32.14.3.rel1.linux64_1.0.100.202602081740/tools/bin/../lib/gcc/arm-none-eabi/14.3.1/thumb/v7e-m+dp/hard/libgcc.a(_arm_addsubdf3.o)
                0x08000380                __aeabi_drsub
                0x08000388                __aeabi_dsub
                0x08000388                __subdf3
                0x0800038c                __adddf3
                0x0800038c                __aeabi_dadd
                0x08000604                __aeabi_ui2d
                0x08000604                __floatunsidf
                0x08000624                __floatsidf
                0x08000624                __aeabi_i2d
                0x08000648                __extendsfdf2
                0x08000648                __aeabi_f2d
                0x0800068c                __aeabi_ul2d
                0x0800068c                __floatundidf
                0x0800069c                __floatdidf
                0x0800069c                __aeabi_l2d
 .text          0x080006f8       0xa0 /opt/st/stm32cubeide_2.1.0/plugins/com.st.stm32cube.ide.mcu.externaltools.gnu-tools-for-stm32.14.3.rel1.linux64_1.0.100.202602081740/tools/bin/../lib/gcc/arm-none-eabi/14.3.1/thumb/v7e-m+dp/hard/libgcc.a(_aeabi_ldivmod.o)
                0x080006f8                __aeabi_ldivmod
 .text          0x08000798       0x30 /opt/st/stm32cubeide_2.1.0/plugins/com.st.stm32cube.ide.mcu.externaltools.gnu-tools-for-stm32.14.3.rel1.linux64_1.0.100.202602081740/tools/bin/../lib/gcc/arm-none-eabi/14.3.1/thumb/v7e-m+dp/hard/libgcc.a(_aeabi_uldivmod.o)
                0x08000798                __aeabi_uldivmod
 .text          0x080007c8      0x2f8 /opt/st/stm32cubeide_2.1.0/plugins/com.st.stm32cube.ide.mcu.externaltools.gnu-tools-for-stm32.14.3.rel1.linux64_1.0.100.202602081740/tools/bin/../lib/gcc/arm-none-eabi/14.3.1/thumb/v7e-m+dp/hard/libgcc.a(_udivmoddi4.o)
                0x080007c8                __udivmoddi4
 .text          0x08000ac0        0x4 /opt/st/stm32cubeide_2.1.0/plugins/com.st.stm32cube.ide.mcu.externaltools.gnu-tools-for-stm32.14.3.rel1.linux64_1.0.100.202602081740/tools/bin/../lib/gcc/arm-none-eabi/14.3.1/thumb/v7e-m+dp/hard/libgcc.a(_dvmd_tls.o)
                0x08000ac0                __aeabi_ldiv0
                0x08000ac0                __aeabi_idiv0
 *(.text*)
 .text.App_SetSpi
                0x08000ac4       0x38 ./Components/App/Src/app.o
                0x08000ac4                App_SetSpi
 .text.App_SetUsbTransmit
                0x08000afc       0x20 ./Components/App/Src/app.o
                0x08000afc                App_SetUsbTransmit
 .text.App_SetActivityLed
                0x08000b1c       0x2c ./Components/App/Src/app.o
                0x08000b1c                App_SetActivityLed
 .text.App_SetMotorTimer
                0x08000b48       0x20 ./Components/App/Src/app.o
                0x08000b48                App_SetMotorTimer
 .text.App_SetControlUart
                0x08000b68       0x20 ./Components/App/Src/app.o
                0x08000b68                App_SetControlUart
 .text.App_OnUsbReceive
                0x08000b88       0x16 ./Components/App/Src/app.o
                0x08000b88                App_OnUsbReceive
 *fill*         0x08000b9e        0x2 
 .text.App_OnUsbTransmitComplete
                0x08000ba0       0x18 ./Components/App/Src/app.o
                0x08000ba0                App_OnUsbTransmitComplete
 .text.App_Init
                0x08000bb8       0x98 ./Components/App/Src/app.o
                0x08000bb8                App_Init
 .text.App_Process
                0x08000c50       0xb0 ./Components/App/Src/app.o
                0x08000c50                App_Process
 .text.HAL_UARTEx_RxEventCallback
                0x08000d00       0x1e ./Components/App/Src/app.o
                0x08000d00                HAL_UARTEx_RxEventCallback
 .text.HAL_UART_ErrorCallback
                0x08000d1e       0x16 ./Components/App/Src/app.o
                0x08000d1e                HAL_UART_ErrorCallback
 .text.App_FlushControlUartLog
                0x08000d34       0xec ./Components/App/Src/app.o
 .text.App_TryInitICM20948
                0x08000e20      0x194 ./Components/App/Src/app.o
 .text.App_CalibrateGyro
                0x08000fb4      0x1cc ./Components/App/Src/app.o
 .text.App_UpdateAttitude
                0x08001180      0x2e0 ./Components/App/Src/app.o
 .text.App_UpdateMagnetometer
                0x08001460       0xfc ./Components/App/Src/app.o
 .text.App_IcmLog
                0x0800155c       0x16 ./Components/App/Src/app.o
 .text.App_MagRawToCentiUt
                0x08001572       0x1c ./Components/App/Src/app.o
 .text.Attitude_MapSensorRawToBody
                0x0800158e       0x38 ./Components/Attitude/Src/attitude.o
                0x0800158e                Attitude_MapSensorRawToBody
 .text.Attitude_MapMagSensorRawToBody
                0x080015c6       0x38 ./Components/Attitude/Src/attitude.o
                0x080015c6                Attitude_MapMagSensorRawToBody
 *fill*         0x080015fe        0x2 
 .text.Attitude_CalibrateMagBodyCentiUt
                0x08001600      0x130 ./Components/Attitude/Src/attitude.o
                0x08001600                Attitude_CalibrateMagBodyCentiUt
 .text.Attitude_CalibrateAccelBodyG
                0x08001730       0xb4 ./Components/Attitude/Src/attitude.o
                0x08001730                Attitude_CalibrateAccelBodyG
 .text.Attitude_AccelRawToBodyG
                0x080017e4       0xda ./Components/Attitude/Src/attitude.o
                0x080017e4                Attitude_AccelRawToBodyG
 *fill*         0x080018be        0x2 
 .text.Attitude_GyroRawToBodyRadS
                0x080018c0       0xf4 ./Components/Attitude/Src/attitude.o
                0x080018c0                Attitude_GyroRawToBodyRadS
 .text.Attitude_SpecificForceToGravity
                0x080019b4       0x78 ./Components/Attitude/Src/attitude.o
                0x080019b4                Attitude_SpecificForceToGravity
 .text.DroneControl_Init
                0x08001a2c       0xc8 ./Components/DroneControl/Src/drone_control.o
                0x08001a2c                DroneControl_Init
 .text.DroneControl_Process
                0x08001af4       0x8c ./Components/DroneControl/Src/drone_control.o
                0x08001af4                DroneControl_Process
 .text.DroneControl_OnUartRxEvent
                0x08001b80       0xcc ./Components/DroneControl/Src/drone_control.o
                0x08001b80                DroneControl_OnUartRxEvent
 .text.DroneControl_OnUartError
                0x08001c4c       0x34 ./Components/DroneControl/Src/drone_control.o
                0x08001c4c                DroneControl_OnUartError
 .text.DroneControl_ReadUartRxLog
                0x08001c80       0x74 ./Components/DroneControl/Src/drone_control.o
                0x08001c80                DroneControl_ReadUartRxLog
 .text.start_uart_receive
                0x08001cf4       0x28 ./Components/DroneControl/Src/drone_control.o
 .text.process_uart_bytes
                0x08001d1c       0xec ./Components/DroneControl/Src/drone_control.o
 .text.process_raw_packet
                0x08001e08       0x60 ./Components/DroneControl/Src/drone_control.o
 .text.process_control_command
                0x08001e68      0x268 ./Components/DroneControl/Src/drone_control.o
 .text.enter_failsafe
                0x080020d0       0x4c ./Components/DroneControl/Src/drone_control.o
 .text.disarm_output
                0x0800211c       0x20 ./Components/DroneControl/Src/drone_control.o
 .text.apply_throttle
                0x0800213c       0xc8 ./Components/DroneControl/Src/drone_control.o
 .text.send_status
                0x08002204       0xe8 ./Components/DroneControl/Src/drone_control.o
 .text.DroneCobs_Encode
                0x080022ec       0xee ./Components/DroneProtocol/Src/drone_cobs.o
                0x080022ec                DroneCobs_Encode
 .text.DroneCobs_Decode
                0x080023da       0xc8 ./Components/DroneProtocol/Src/drone_cobs.o
                0x080023da                DroneCobs_Decode
 .text.read_u16_le
                0x080024a2       0x2c ./Components/DroneProtocol/Src/drone_protocol.o
 .text.read_i16_le
                0x080024ce       0x1a ./Components/DroneProtocol/Src/drone_protocol.o
 .text.read_u32_le
                0x080024e8       0x38 ./Components/DroneProtocol/Src/drone_protocol.o
 .text.write_u16_le
                0x08002520       0x2e ./Components/DroneProtocol/Src/drone_protocol.o
 .text.write_u32_le
                0x0800254e       0x42 ./Components/DroneProtocol/Src/drone_protocol.o
 .text.encode_header
                0x08002590       0x84 ./Components/DroneProtocol/Src/drone_protocol.o
 .text.decode_header
                0x08002614      0x118 ./Components/DroneProtocol/Src/drone_protocol.o
 .text.append_crc
                0x0800272c       0x34 ./Components/DroneProtocol/Src/drone_protocol.o
 .text.DroneProtocol_Crc16CcittFalse
                0x08002760       0x8c ./Components/DroneProtocol/Src/drone_protocol.o
                0x08002760                DroneProtocol_Crc16CcittFalse
 .text.DroneProtocol_DecodeControl
                0x080027ec      0x120 ./Components/DroneProtocol/Src/drone_protocol.o
                0x080027ec                DroneProtocol_DecodeControl
 .text.DroneProtocol_EncodeStatus
                0x0800290c       0xf8 ./Components/DroneProtocol/Src/drone_protocol.o
                0x0800290c                DroneProtocol_EncodeStatus
 .text.DroneProtocol_IsSequenceNewer
                0x08002a04       0x3e ./Components/DroneProtocol/Src/drone_protocol.o
                0x08002a04                DroneProtocol_IsSequenceNewer
 .text.ICM20948_Init
                0x08002a42      0x1d8 ./Components/ICM20948/Src/icm20948.o
                0x08002a42                ICM20948_Init
 .text.ICM20948_ReadWhoAmI
                0x08002c1a       0x20 ./Components/ICM20948/Src/icm20948.o
                0x08002c1a                ICM20948_ReadWhoAmI
 .text.ICM20948_SetAccelRange
                0x08002c3a       0x7c ./Components/ICM20948/Src/icm20948.o
                0x08002c3a                ICM20948_SetAccelRange
 .text.ICM20948_SetGyroRange
                0x08002cb6       0x7c ./Components/ICM20948/Src/icm20948.o
                0x08002cb6                ICM20948_SetGyroRange
 .text.ICM20948_ReadRaw
                0x08002d32       0xd0 ./Components/ICM20948/Src/icm20948.o
                0x08002d32                ICM20948_ReadRaw
 .text.ICM20948_InitMagnetometer
                0x08002e02      0x12a ./Components/ICM20948/Src/icm20948.o
                0x08002e02                ICM20948_InitMagnetometer
 .text.ICM20948_ReadMagRaw
                0x08002f2c       0xc8 ./Components/ICM20948/Src/icm20948.o
                0x08002f2c                ICM20948_ReadMagRaw
 .text.ICM20948_ReadRegister
                0x08002ff4       0x36 ./Components/ICM20948/Src/icm20948.o
                0x08002ff4                ICM20948_ReadRegister
 .text.ICM20948_ReadRegisters
                0x0800302a       0x5c ./Components/ICM20948/Src/icm20948.o
                0x0800302a                ICM20948_ReadRegisters
 .text.ICM20948_WriteRegister
                0x08003086       0x58 ./Components/ICM20948/Src/icm20948.o
                0x08003086                ICM20948_WriteRegister
 .text.ICM20948_SelectBank
                0x080030de       0x4a ./Components/ICM20948/Src/icm20948.o
 .text.ICM20948_ReadRawRegister
                0x08003128      0x10a ./Components/ICM20948/Src/icm20948.o
 .text.ICM20948_WriteRawRegister
                0x08003232       0x80 ./Components/ICM20948/Src/icm20948.o
 .text.ICM20948_MagReadRegister
                0x080032b2       0x24 ./Components/ICM20948/Src/icm20948.o
 .text.ICM20948_MagReadRegisters
                0x080032d6       0xa6 ./Components/ICM20948/Src/icm20948.o
 .text.ICM20948_MagWriteRegister
                0x0800337c       0x9e ./Components/ICM20948/Src/icm20948.o
 .text.ICM20948_MagConfigureContinuousRead
                0x0800341a       0x6c ./Components/ICM20948/Src/icm20948.o
 .text.ICM20948_FromHalStatus
                0x08003486       0x22 ./Components/ICM20948/Src/icm20948.o
 .text.ICM20948_BankValue
                0x080034a8       0x1c ./Components/ICM20948/Src/icm20948.o
 .text.ICM20948_ToInt16
                0x080034c4       0x2c ./Components/ICM20948/Src/icm20948.o
 .text.Mahony9_Init
                0x080034f0       0x80 ./Components/Mahony9/Src/mahony9.o
                0x080034f0                Mahony9_Init
 .text.Mahony9_InitFromAccelMag
                0x08003570      0x550 ./Components/Mahony9/Src/mahony9.o
                0x08003570                Mahony9_InitFromAccelMag
 .text.Mahony9_Update
                0x08003ac0       0x6a ./Components/Mahony9/Src/mahony9.o
                0x08003ac0                Mahony9_Update
 *fill*         0x08003b2a        0x2 
 .text.Mahony9_UpdateImu
                0x08003b2c       0x64 ./Components/Mahony9/Src/mahony9.o
                0x08003b2c                Mahony9_UpdateImu
 .text.Mahony9_GetEulerDegrees
                0x08003b90      0x180 ./Components/Mahony9/Src/mahony9.o
                0x08003b90                Mahony9_GetEulerDegrees
 .text.Mahony9_UpdateInternal
                0x08003d10      0xa64 ./Components/Mahony9/Src/mahony9.o
 .text.Mahony9_NormAccepted
                0x08004774       0x88 ./Components/Mahony9/Src/mahony9.o
 .text.Mahony9_Clamp
                0x080047fc       0x52 ./Components/Mahony9/Src/mahony9.o
 .text.MotorPwm_Init
                0x0800484e      0x174 ./Components/MotorPWM/Src/motor_pwm.o
                0x0800484e                MotorPwm_Init
 .text.MotorPwm_Arm
                0x080049c2       0x3a ./Components/MotorPWM/Src/motor_pwm.o
                0x080049c2                MotorPwm_Arm
 .text.MotorPwm_Disarm
                0x080049fc       0x36 ./Components/MotorPWM/Src/motor_pwm.o
                0x080049fc                MotorPwm_Disarm
 .text.MotorPwm_SetAllPulseUs
                0x08004a32       0xbc ./Components/MotorPWM/Src/motor_pwm.o
                0x08004a32                MotorPwm_SetAllPulseUs
 .text.MotorPwm_GetPulseUs
                0x08004aee       0x44 ./Components/MotorPWM/Src/motor_pwm.o
                0x08004aee                MotorPwm_GetPulseUs
 .text.MotorPwm_ConfigValid
                0x08004b32       0x9e ./Components/MotorPWM/Src/motor_pwm.o
 .text.MotorPwm_WriteCompare
                0x08004bd0       0xa8 ./Components/MotorPWM/Src/motor_pwm.o
 .text.MotorPwm_WriteDisarmed
                0x08004c78       0x44 ./Components/MotorPWM/Src/motor_pwm.o
 .text.main     0x08004cbc       0x6c ./Core/Src/main.o
                0x08004cbc                main
 .text.SystemClock_Config
                0x08004d28       0xf8 ./Core/Src/main.o
                0x08004d28                SystemClock_Config
 .text.MX_TIM3_Init
                0x08004e20       0xdc ./Core/Src/main.o
 .text.MX_SPI1_Init
                0x08004efc       0xac ./Core/Src/main.o
 .text.MX_USART1_UART_Init
                0x08004fa8       0x98 ./Core/Src/main.o
 .text.MX_GPIO_Init
                0x08005040      0x13c ./Core/Src/main.o
 .text.MPU_Config
                0x0800517c       0x58 ./Core/Src/main.o
 .text.Error_Handler
                0x080051d4        0xc ./Core/Src/main.o
                0x080051d4                Error_Handler
 .text.HAL_TIM_PWM_MspInit
                0x080051e0       0x44 ./Core/Src/stm32h7xx_hal_msp.o
                0x080051e0                HAL_TIM_PWM_MspInit
 .text.HAL_TIM_MspPostInit
                0x08005224       0xa8 ./Core/Src/stm32h7xx_hal_msp.o
                0x08005224                HAL_TIM_MspPostInit
 .text.HAL_MspInit
                0x080052cc       0x34 ./Core/Src/stm32h7xx_hal_msp.o
                0x080052cc                HAL_MspInit
 .text.HAL_SPI_MspInit
                0x08005300      0x11c ./Core/Src/stm32h7xx_hal_msp.o
                0x08005300                HAL_SPI_MspInit
 .text.HAL_UART_MspInit
                0x0800541c       0xe4 ./Core/Src/stm32h7xx_hal_msp.o
                0x0800541c                HAL_UART_MspInit
 .text.NMI_Handler
                0x08005500        0x8 ./Core/Src/stm32h7xx_it.o
                0x08005500                NMI_Handler
 .text.HardFault_Handler
                0x08005508        0x8 ./Core/Src/stm32h7xx_it.o
                0x08005508                HardFault_Handler
 .text.MemManage_Handler
                0x08005510        0x8 ./Core/Src/stm32h7xx_it.o
                0x08005510                MemManage_Handler
 .text.BusFault_Handler
                0x08005518        0x8 ./Core/Src/stm32h7xx_it.o
                0x08005518                BusFault_Handler
 .text.UsageFault_Handler
                0x08005520        0x8 ./Core/Src/stm32h7xx_it.o
                0x08005520                UsageFault_Handler
 .text.SVC_Handler
                0x08005528        0xe ./Core/Src/stm32h7xx_it.o
                0x08005528                SVC_Handler
 .text.DebugMon_Handler
                0x08005536        0xe ./Core/Src/stm32h7xx_it.o
                0x08005536                DebugMon_Handler
 .text.PendSV_Handler
                0x08005544        0xe ./Core/Src/stm32h7xx_it.o
                0x08005544                PendSV_Handler
 .text.SysTick_Handler
                0x08005552        0xc ./Core/Src/stm32h7xx_it.o
                0x08005552                SysTick_Handler
 *fill*         0x0800555e        0x2 
 .text.USART1_IRQHandler
                0x08005560       0x14 ./Core/Src/stm32h7xx_it.o
                0x08005560                USART1_IRQHandler
 .text.OTG_FS_IRQHandler
                0x08005574       0x14 ./Core/Src/stm32h7xx_it.o
                0x08005574                OTG_FS_IRQHandler
 .text._sbrk    0x08005588       0x6c ./Core/Src/sysmem.o
                0x08005588                _sbrk
 .text.SystemInit
                0x080055f4      0x140 ./Core/Src/system_stm32h7xx.o
                0x080055f4                SystemInit
 .text.ExitRun0Mode
                0x08005734       0x18 ./Core/Src/system_stm32h7xx.o
                0x08005734                ExitRun0Mode
 .text.Reset_Handler
                0x0800574c       0x54 ./Core/Startup/startup_stm32h743xihx.o
                0x0800574c                Reset_Handler
 .text.Default_Handler
                0x080057a0        0x2 ./Core/Startup/startup_stm32h743xihx.o
                0x080057a0                RTC_Alarm_IRQHandler
                0x080057a0                EXTI2_IRQHandler
                0x080057a0                TIM8_CC_IRQHandler
                0x080057a0                HRTIM1_Master_IRQHandler
                0x080057a0                UART8_IRQHandler
                0x080057a0                SPI4_IRQHandler
                0x080057a0                TIM1_CC_IRQHandler
                0x080057a0                BDMA_Channel6_IRQHandler
                0x080057a0                DMA2_Stream5_IRQHandler
                0x080057a0                HRTIM1_FLT_IRQHandler
                0x080057a0                JPEG_IRQHandler
                0x080057a0                DMA1_Stream5_IRQHandler
                0x080057a0                BDMA_Channel1_IRQHandler
                0x080057a0                HRTIM1_TIMD_IRQHandler
                0x080057a0                TAMP_STAMP_IRQHandler
                0x080057a0                EXTI3_IRQHandler
                0x080057a0                LPTIM4_IRQHandler
                0x080057a0                TIM8_TRG_COM_TIM14_IRQHandler
                0x080057a0                LPTIM2_IRQHandler
                0x080057a0                DFSDM1_FLT1_IRQHandler
                0x080057a0                DMAMUX2_OVR_IRQHandler
                0x080057a0                TIM8_UP_TIM13_IRQHandler
                0x080057a0                I2C3_ER_IRQHandler
                0x080057a0                DFSDM1_FLT2_IRQHandler
                0x080057a0                MDMA_IRQHandler
                0x080057a0                LPTIM3_IRQHandler
                0x080057a0                HSEM1_IRQHandler
                0x080057a0                EXTI0_IRQHandler
                0x080057a0                I2C2_EV_IRQHandler
                0x080057a0                DMA1_Stream2_IRQHandler
                0x080057a0                FPU_IRQHandler
                0x080057a0                OTG_HS_WKUP_IRQHandler
                0x080057a0                FDCAN1_IT1_IRQHandler
                0x080057a0                LTDC_ER_IRQHandler
                0x080057a0                DMA2_Stream2_IRQHandler
                0x080057a0                HRTIM1_TIME_IRQHandler
                0x080057a0                SPI1_IRQHandler
                0x080057a0                TIM6_DAC_IRQHandler
                0x080057a0                DCMI_IRQHandler
                0x080057a0                HRTIM1_TIMC_IRQHandler
                0x080057a0                DMA2_Stream3_IRQHandler
                0x080057a0                SAI2_IRQHandler
                0x080057a0                DFSDM1_FLT3_IRQHandler
                0x080057a0                USART6_IRQHandler
                0x080057a0                TIM17_IRQHandler
                0x080057a0                USART3_IRQHandler
                0x080057a0                BDMA_Channel7_IRQHandler
                0x080057a0                LPTIM5_IRQHandler
                0x080057a0                UART5_IRQHandler
                0x080057a0                ADC3_IRQHandler
                0x080057a0                DMA2_Stream0_IRQHandler
                0x080057a0                TIM4_IRQHandler
                0x080057a0                BDMA_Channel2_IRQHandler
                0x080057a0                QUADSPI_IRQHandler
                0x080057a0                I2C1_EV_IRQHandler
                0x080057a0                DMA1_Stream6_IRQHandler
                0x080057a0                DMAMUX1_OVR_IRQHandler
                0x080057a0                DMA1_Stream1_IRQHandler
                0x080057a0                TIM16_IRQHandler
                0x080057a0                UART4_IRQHandler
                0x080057a0                BDMA_Channel5_IRQHandler
                0x080057a0                TIM3_IRQHandler
                0x080057a0                RCC_IRQHandler
                0x080057a0                TIM8_BRK_TIM12_IRQHandler
                0x080057a0                TIM1_TRG_COM_IRQHandler
                0x080057a0                Default_Handler
                0x080057a0                ECC_IRQHandler
                0x080057a0                CEC_IRQHandler
                0x080057a0                EXTI15_10_IRQHandler
                0x080057a0                BDMA_Channel0_IRQHandler
                0x080057a0                ADC_IRQHandler
                0x080057a0                DMA1_Stream7_IRQHandler
                0x080057a0                HRTIM1_TIMA_IRQHandler
                0x080057a0                SPI5_IRQHandler
                0x080057a0                TIM7_IRQHandler
                0x080057a0                SDMMC1_IRQHandler
                0x080057a0                TIM5_IRQHandler
                0x080057a0                DMA2_Stream7_IRQHandler
                0x080057a0                TIM15_IRQHandler
                0x080057a0                PVD_AVD_IRQHandler
                0x080057a0                I2C3_EV_IRQHandler
                0x080057a0                EXTI9_5_IRQHandler
                0x080057a0                RTC_WKUP_IRQHandler
                0x080057a0                LTDC_IRQHandler
                0x080057a0                SAI3_IRQHandler
                0x080057a0                ETH_WKUP_IRQHandler
                0x080057a0                SPDIF_RX_IRQHandler
                0x080057a0                SPI2_IRQHandler
                0x080057a0                OTG_HS_EP1_IN_IRQHandler
                0x080057a0                DMA1_Stream0_IRQHandler
                0x080057a0                CRS_IRQHandler
                0x080057a0                EXTI4_IRQHandler
                0x080057a0                RNG_IRQHandler
                0x080057a0                HRTIM1_TIMB_IRQHandler
                0x080057a0                FDCAN2_IT1_IRQHandler
                0x080057a0                ETH_IRQHandler
                0x080057a0                TIM1_UP_IRQHandler
                0x080057a0                BDMA_Channel4_IRQHandler
                0x080057a0                OTG_HS_EP1_OUT_IRQHandler
                0x080057a0                WWDG_IRQHandler
                0x080057a0                SPI6_IRQHandler
                0x080057a0                MDIOS_IRQHandler
                0x080057a0                I2C4_EV_IRQHandler
                0x080057a0                FDCAN2_IT0_IRQHandler
                0x080057a0                LPUART1_IRQHandler
                0x080057a0                FDCAN1_IT0_IRQHandler
                0x080057a0                TIM2_IRQHandler
                0x080057a0                OTG_FS_WKUP_IRQHandler
                0x080057a0                OTG_HS_IRQHandler
                0x080057a0                DMA2D_IRQHandler
                0x080057a0                TIM1_BRK_IRQHandler
                0x080057a0                EXTI1_IRQHandler
                0x080057a0                SDMMC2_IRQHandler
                0x080057a0                OTG_FS_EP1_OUT_IRQHandler
                0x080057a0                BDMA_Channel3_IRQHandler
                0x080057a0                UART7_IRQHandler
                0x080057a0                MDIOS_WKUP_IRQHandler
                0x080057a0                USART2_IRQHandler
                0x080057a0                DFSDM1_FLT0_IRQHandler
                0x080057a0                SAI4_IRQHandler
                0x080057a0                I2C2_ER_IRQHandler
                0x080057a0                DMA2_Stream1_IRQHandler
                0x080057a0                FLASH_IRQHandler
                0x080057a0                DMA2_Stream4_IRQHandler
                0x080057a0                SPI3_IRQHandler
                0x080057a0                WAKEUP_PIN_IRQHandler
                0x080057a0                DMA1_Stream4_IRQHandler
                0x080057a0                OTG_FS_EP1_IN_IRQHandler
                0x080057a0                I2C1_ER_IRQHandler
                0x080057a0                FMC_IRQHandler
                0x080057a0                FDCAN_CAL_IRQHandler
                0x080057a0                SWPMI1_IRQHandler
                0x080057a0                COMP1_IRQHandler
                0x080057a0                LPTIM1_IRQHandler
                0x080057a0                I2C4_ER_IRQHandler
                0x080057a0                DMA2_Stream6_IRQHandler
                0x080057a0                SAI1_IRQHandler
                0x080057a0                DMA1_Stream3_IRQHandler
 *fill*         0x080057a2        0x2 
 .text.HAL_Init
                0x080057a4       0x78 ./Drivers/STM32H7xx_HAL_Driver/Src/stm32h7xx_hal.o
                0x080057a4                HAL_Init
 .text.HAL_InitTick
                0x0800581c       0x6c ./Drivers/STM32H7xx_HAL_Driver/Src/stm32h7xx_hal.o
                0x0800581c                HAL_InitTick
 .text.HAL_IncTick
                0x08005888       0x28 ./Drivers/STM32H7xx_HAL_Driver/Src/stm32h7xx_hal.o
                0x08005888                HAL_IncTick
 .text.HAL_GetTick
                0x080058b0       0x18 ./Drivers/STM32H7xx_HAL_Driver/Src/stm32h7xx_hal.o
                0x080058b0                HAL_GetTick
 .text.HAL_Delay
                0x080058c8       0x48 ./Drivers/STM32H7xx_HAL_Driver/Src/stm32h7xx_hal.o
                0x080058c8                HAL_Delay
 .text.HAL_GetREVID
                0x08005910       0x18 ./Drivers/STM32H7xx_HAL_Driver/Src/stm32h7xx_hal.o
                0x08005910                HAL_GetREVID
 .text.__NVIC_SetPriorityGrouping
                0x08005928       0x48 ./Drivers/STM32H7xx_HAL_Driver/Src/stm32h7xx_hal_cortex.o
 .text.__NVIC_GetPriorityGrouping
                0x08005970       0x1c ./Drivers/STM32H7xx_HAL_Driver/Src/stm32h7xx_hal_cortex.o
 .text.__NVIC_EnableIRQ
                0x0800598c       0x3c ./Drivers/STM32H7xx_HAL_Driver/Src/stm32h7xx_hal_cortex.o
 .text.__NVIC_SetPriority
                0x080059c8       0x54 ./Drivers/STM32H7xx_HAL_Driver/Src/stm32h7xx_hal_cortex.o
 .text.NVIC_EncodePriority
                0x08005a1c       0x66 ./Drivers/STM32H7xx_HAL_Driver/Src/stm32h7xx_hal_cortex.o
 *fill*         0x08005a82        0x2 
 .text.SysTick_Config
                0x08005a84       0x44 ./Drivers/STM32H7xx_HAL_Driver/Src/stm32h7xx_hal_cortex.o
 .text.HAL_NVIC_SetPriorityGrouping
                0x08005ac8       0x16 ./Drivers/STM32H7xx_HAL_Driver/Src/stm32h7xx_hal_cortex.o
                0x08005ac8                HAL_NVIC_SetPriorityGrouping
 .text.HAL_NVIC_SetPriority
                0x08005ade       0x34 ./Drivers/STM32H7xx_HAL_Driver/Src/stm32h7xx_hal_cortex.o
                0x08005ade                HAL_NVIC_SetPriority
 .text.HAL_NVIC_EnableIRQ
                0x08005b12       0x1c ./Drivers/STM32H7xx_HAL_Driver/Src/stm32h7xx_hal_cortex.o
                0x08005b12                HAL_NVIC_EnableIRQ
 .text.HAL_SYSTICK_Config
                0x08005b2e       0x18 ./Drivers/STM32H7xx_HAL_Driver/Src/stm32h7xx_hal_cortex.o
                0x08005b2e                HAL_SYSTICK_Config
 *fill*         0x08005b46        0x2 
 .text.HAL_MPU_Disable
                0x08005b48       0x30 ./Drivers/STM32H7xx_HAL_Driver/Src/stm32h7xx_hal_cortex.o
                0x08005b48                HAL_MPU_Disable
 .text.HAL_MPU_Enable
                0x08005b78       0x40 ./Drivers/STM32H7xx_HAL_Driver/Src/stm32h7xx_hal_cortex.o
                0x08005b78                HAL_MPU_Enable
 .text.HAL_MPU_ConfigRegion
                0x08005bb8       0x80 ./Drivers/STM32H7xx_HAL_Driver/Src/stm32h7xx_hal_cortex.o
                0x08005bb8                HAL_MPU_ConfigRegion
 .text.HAL_DMA_Abort
                0x08005c38      0x63c ./Drivers/STM32H7xx_HAL_Driver/Src/stm32h7xx_hal_dma.o
                0x08005c38                HAL_DMA_Abort
 .text.HAL_DMA_Abort_IT
                0x08006274      0x48c ./Drivers/STM32H7xx_HAL_Driver/Src/stm32h7xx_hal_dma.o
                0x08006274                HAL_DMA_Abort_IT
 .text.HAL_GPIO_Init
                0x08006700      0x374 ./Drivers/STM32H7xx_HAL_Driver/Src/stm32h7xx_hal_gpio.o
                0x08006700                HAL_GPIO_Init
 .text.HAL_GPIO_WritePin
                0x08006a74       0x32 ./Drivers/STM32H7xx_HAL_Driver/Src/stm32h7xx_hal_gpio.o
                0x08006a74                HAL_GPIO_WritePin
 .text.HAL_GPIO_TogglePin
                0x08006aa6       0x34 ./Drivers/STM32H7xx_HAL_Driver/Src/stm32h7xx_hal_gpio.o
                0x08006aa6                HAL_GPIO_TogglePin
 .text.HAL_PCD_Init
                0x08006ada      0x218 ./Drivers/STM32H7xx_HAL_Driver/Src/stm32h7xx_hal_pcd.o
                0x08006ada                HAL_PCD_Init
 .text.HAL_PCD_Start
                0x08006cf2       0x6a ./Drivers/STM32H7xx_HAL_Driver/Src/stm32h7xx_hal_pcd.o
                0x08006cf2                HAL_PCD_Start
 .text.HAL_PCD_IRQHandler
                0x08006d5c      0x9d0 ./Drivers/STM32H7xx_HAL_Driver/Src/stm32h7xx_hal_pcd.o
                0x08006d5c                HAL_PCD_IRQHandler
 .text.HAL_PCD_SetAddress
                0x0800772c       0x48 ./Drivers/STM32H7xx_HAL_Driver/Src/stm32h7xx_hal_pcd.o
                0x0800772c                HAL_PCD_SetAddress
 .text.HAL_PCD_EP_Open
                0x08007774       0xd4 ./Drivers/STM32H7xx_HAL_Driver/Src/stm32h7xx_hal_pcd.o
                0x08007774                HAL_PCD_EP_Open
 .text.HAL_PCD_EP_Close
                0x08007848       0x94 ./Drivers/STM32H7xx_HAL_Driver/Src/stm32h7xx_hal_pcd.o
                0x08007848                HAL_PCD_EP_Close
 .text.HAL_PCD_EP_Receive
                0x080078dc       0x76 ./Drivers/STM32H7xx_HAL_Driver/Src/stm32h7xx_hal_pcd.o
                0x080078dc                HAL_PCD_EP_Receive
 .text.HAL_PCD_EP_GetRxCount
                0x08007952       0x30 ./Drivers/STM32H7xx_HAL_Driver/Src/stm32h7xx_hal_pcd.o
                0x08007952                HAL_PCD_EP_GetRxCount
 .text.HAL_PCD_EP_Transmit
                0x08007982       0x74 ./Drivers/STM32H7xx_HAL_Driver/Src/stm32h7xx_hal_pcd.o
                0x08007982                HAL_PCD_EP_Transmit
 .text.HAL_PCD_EP_SetStall
                0x080079f6       0xc6 ./Drivers/STM32H7xx_HAL_Driver/Src/stm32h7xx_hal_pcd.o
                0x080079f6                HAL_PCD_EP_SetStall
 .text.HAL_PCD_EP_ClrStall
                0x08007abc       0xac ./Drivers/STM32H7xx_HAL_Driver/Src/stm32h7xx_hal_pcd.o
                0x08007abc                HAL_PCD_EP_ClrStall
 .text.HAL_PCD_EP_Abort
                0x08007b68       0x62 ./Drivers/STM32H7xx_HAL_Driver/Src/stm32h7xx_hal_pcd.o
                0x08007b68                HAL_PCD_EP_Abort
 .text.PCD_WriteEmptyTxFifo
                0x08007bca      0x118 ./Drivers/STM32H7xx_HAL_Driver/Src/stm32h7xx_hal_pcd.o
 *fill*         0x08007ce2        0x2 
 .text.PCD_EP_OutXfrComplete_int
                0x08007ce4      0x1d0 ./Drivers/STM32H7xx_HAL_Driver/Src/stm32h7xx_hal_pcd.o
 .text.PCD_EP_OutSetupPacket_int
                0x08007eb4       0x8c ./Drivers/STM32H7xx_HAL_Driver/Src/stm32h7xx_hal_pcd.o
 .text.HAL_PCDEx_SetTxFiFo
                0x08007f40       0x8e ./Drivers/STM32H7xx_HAL_Driver/Src/stm32h7xx_hal_pcd_ex.o
                0x08007f40                HAL_PCDEx_SetTxFiFo
 .text.HAL_PCDEx_SetRxFiFo
                0x08007fce       0x22 ./Drivers/STM32H7xx_HAL_Driver/Src/stm32h7xx_hal_pcd_ex.o
                0x08007fce                HAL_PCDEx_SetRxFiFo
 .text.HAL_PCDEx_ActivateLPM
                0x08007ff0       0x48 ./Drivers/STM32H7xx_HAL_Driver/Src/stm32h7xx_hal_pcd_ex.o
                0x08007ff0                HAL_PCDEx_ActivateLPM
 .text.HAL_PCDEx_LPM_Callback
                0x08008038       0x18 ./Drivers/STM32H7xx_HAL_Driver/Src/stm32h7xx_hal_pcd_ex.o
                0x08008038                HAL_PCDEx_LPM_Callback
 .text.HAL_PWREx_ConfigSupply
                0x08008050       0x74 ./Drivers/STM32H7xx_HAL_Driver/Src/stm32h7xx_hal_pwr_ex.o
                0x08008050                HAL_PWREx_ConfigSupply
 .text.HAL_PWREx_EnableUSBVoltageDetector
                0x080080c4       0x20 ./Drivers/STM32H7xx_HAL_Driver/Src/stm32h7xx_hal_pwr_ex.o
                0x080080c4                HAL_PWREx_EnableUSBVoltageDetector
 .text.HAL_RCC_OscConfig
                0x080080e4      0x8b4 ./Drivers/STM32H7xx_HAL_Driver/Src/stm32h7xx_hal_rcc.o
                0x080080e4                HAL_RCC_OscConfig
 .text.HAL_RCC_ClockConfig
                0x08008998      0x36c ./Drivers/STM32H7xx_HAL_Driver/Src/stm32h7xx_hal_rcc.o
                0x08008998                HAL_RCC_ClockConfig
 .text.HAL_RCC_GetSysClockFreq
                0x08008d04      0x2f4 ./Drivers/STM32H7xx_HAL_Driver/Src/stm32h7xx_hal_rcc.o
                0x08008d04                HAL_RCC_GetSysClockFreq
 .text.HAL_RCC_GetHCLKFreq
                0x08008ff8       0x60 ./Drivers/STM32H7xx_HAL_Driver/Src/stm32h7xx_hal_rcc.o
                0x08008ff8                HAL_RCC_GetHCLKFreq
 .text.HAL_RCC_GetPCLK1Freq
                0x08009058       0x2c ./Drivers/STM32H7xx_HAL_Driver/Src/stm32h7xx_hal_rcc.o
                0x08009058                HAL_RCC_GetPCLK1Freq
 .text.HAL_RCC_GetPCLK2Freq
                0x08009084       0x2c ./Drivers/STM32H7xx_HAL_Driver/Src/stm32h7xx_hal_rcc.o
                0x08009084                HAL_RCC_GetPCLK2Freq
 .text.HAL_RCCEx_PeriphCLKConfig
                0x080090b0     0x1414 ./Drivers/STM32H7xx_HAL_Driver/Src/stm32h7xx_hal_rcc_ex.o
                0x080090b0                HAL_RCCEx_PeriphCLKConfig
 .text.HAL_RCCEx_GetD3PCLK1Freq
                0x0800a4c4       0x2c ./Drivers/STM32H7xx_HAL_Driver/Src/stm32h7xx_hal_rcc_ex.o
                0x0800a4c4                HAL_RCCEx_GetD3PCLK1Freq
 .text.HAL_RCCEx_GetPLL2ClockFreq
                0x0800a4f0      0x2a8 ./Drivers/STM32H7xx_HAL_Driver/Src/stm32h7xx_hal_rcc_ex.o
                0x0800a4f0                HAL_RCCEx_GetPLL2ClockFreq
 .text.HAL_RCCEx_GetPLL3ClockFreq
                0x0800a798      0x2a8 ./Drivers/STM32H7xx_HAL_Driver/Src/stm32h7xx_hal_rcc_ex.o
                0x0800a798                HAL_RCCEx_GetPLL3ClockFreq
 .text.RCCEx_PLL2_Config
                0x0800aa40      0x164 ./Drivers/STM32H7xx_HAL_Driver/Src/stm32h7xx_hal_rcc_ex.o
 .text.RCCEx_PLL3_Config
                0x0800aba4      0x164 ./Drivers/STM32H7xx_HAL_Driver/Src/stm32h7xx_hal_rcc_ex.o
 .text.HAL_SPI_Init
                0x0800ad08      0x248 ./Drivers/STM32H7xx_HAL_Driver/Src/stm32h7xx_hal_spi.o
                0x0800ad08                HAL_SPI_Init
 .text.HAL_SPI_Transmit
                0x0800af50      0x3dc ./Drivers/STM32H7xx_HAL_Driver/Src/stm32h7xx_hal_spi.o
                0x0800af50                HAL_SPI_Transmit
 .text.HAL_SPI_TransmitReceive
                0x0800b32c      0x674 ./Drivers/STM32H7xx_HAL_Driver/Src/stm32h7xx_hal_spi.o
                0x0800b32c                HAL_SPI_TransmitReceive
 .text.SPI_CloseTransfer
                0x0800b9a0      0x140 ./Drivers/STM32H7xx_HAL_Driver/Src/stm32h7xx_hal_spi.o
 .text.SPI_WaitOnFlagUntilTimeout
                0x0800bae0       0x5c ./Drivers/STM32H7xx_HAL_Driver/Src/stm32h7xx_hal_spi.o
 .text.SPI_GetPacketSize
                0x0800bb3c       0x36 ./Drivers/STM32H7xx_HAL_Driver/Src/stm32h7xx_hal_spi.o
 .text.HAL_TIM_PWM_Init
                0x0800bb72       0xae ./Drivers/STM32H7xx_HAL_Driver/Src/stm32h7xx_hal_tim.o
                0x0800bb72                HAL_TIM_PWM_Init
 .text.HAL_TIM_PWM_Start
                0x0800bc20      0x21c ./Drivers/STM32H7xx_HAL_Driver/Src/stm32h7xx_hal_tim.o
                0x0800bc20                HAL_TIM_PWM_Start
 .text.HAL_TIM_PWM_Stop
                0x0800be3c      0x12c ./Drivers/STM32H7xx_HAL_Driver/Src/stm32h7xx_hal_tim.o
                0x0800be3c                HAL_TIM_PWM_Stop
 .text.HAL_TIM_PWM_ConfigChannel
                0x0800bf68      0x228 ./Drivers/STM32H7xx_HAL_Driver/Src/stm32h7xx_hal_tim.o
                0x0800bf68                HAL_TIM_PWM_ConfigChannel
 .text.TIM_Base_SetConfig
                0x0800c190      0x140 ./Drivers/STM32H7xx_HAL_Driver/Src/stm32h7xx_hal_tim.o
                0x0800c190                TIM_Base_SetConfig
 .text.TIM_OC1_SetConfig
                0x0800c2d0      0x124 ./Drivers/STM32H7xx_HAL_Driver/Src/stm32h7xx_hal_tim.o
 .text.TIM_OC2_SetConfig
                0x0800c3f4      0x118 ./Drivers/STM32H7xx_HAL_Driver/Src/stm32h7xx_hal_tim.o
                0x0800c3f4                TIM_OC2_SetConfig
 .text.TIM_OC3_SetConfig
                0x0800c50c      0x114 ./Drivers/STM32H7xx_HAL_Driver/Src/stm32h7xx_hal_tim.o
 .text.TIM_OC4_SetConfig
                0x0800c620       0xd4 ./Drivers/STM32H7xx_HAL_Driver/Src/stm32h7xx_hal_tim.o
 .text.TIM_OC5_SetConfig
                0x0800c6f4       0xc8 ./Drivers/STM32H7xx_HAL_Driver/Src/stm32h7xx_hal_tim.o
 .text.TIM_OC6_SetConfig
                0x0800c7bc       0xcc ./Drivers/STM32H7xx_HAL_Driver/Src/stm32h7xx_hal_tim.o
 .text.TIM_CCxChannelCmd
                0x0800c888       0x4a ./Drivers/STM32H7xx_HAL_Driver/Src/stm32h7xx_hal_tim.o
                0x0800c888                TIM_CCxChannelCmd
 .text.HAL_UART_Init
                0x0800c8d2       0xa0 ./Drivers/STM32H7xx_HAL_Driver/Src/stm32h7xx_hal_uart.o
                0x0800c8d2                HAL_UART_Init
 *fill*         0x0800c972        0x2 
 .text.HAL_UART_Transmit_IT
                0x0800c974      0x128 ./Drivers/STM32H7xx_HAL_Driver/Src/stm32h7xx_hal_uart.o
                0x0800c974                HAL_UART_Transmit_IT
 .text.HAL_UART_IRQHandler
                0x0800ca9c      0x7ac ./Drivers/STM32H7xx_HAL_Driver/Src/stm32h7xx_hal_uart.o
                0x0800ca9c                HAL_UART_IRQHandler
 .text.HAL_UART_TxCpltCallback
                0x0800d248       0x14 ./Drivers/STM32H7xx_HAL_Driver/Src/stm32h7xx_hal_uart.o
                0x0800d248                HAL_UART_TxCpltCallback
 .text.HAL_UART_RxCpltCallback
                0x0800d25c       0x14 ./Drivers/STM32H7xx_HAL_Driver/Src/stm32h7xx_hal_uart.o
                0x0800d25c                HAL_UART_RxCpltCallback
 .text.UART_SetConfig
                0x0800d270      0xad0 ./Drivers/STM32H7xx_HAL_Driver/Src/stm32h7xx_hal_uart.o
                0x0800d270                UART_SetConfig
 .text.UART_AdvFeatureConfig
                0x0800dd40      0x144 ./Drivers/STM32H7xx_HAL_Driver/Src/stm32h7xx_hal_uart.o
                0x0800dd40                UART_AdvFeatureConfig
 .text.UART_CheckIdleState
                0x0800de84      0x154 ./Drivers/STM32H7xx_HAL_Driver/Src/stm32h7xx_hal_uart.o
                0x0800de84                UART_CheckIdleState
 .text.UART_WaitOnFlagUntilTimeout
                0x0800dfd8       0xda ./Drivers/STM32H7xx_HAL_Driver/Src/stm32h7xx_hal_uart.o
                0x0800dfd8                UART_WaitOnFlagUntilTimeout
 *fill*         0x0800e0b2        0x2 
 .text.UART_Start_Receive_IT
                0x0800e0b4      0x244 ./Drivers/STM32H7xx_HAL_Driver/Src/stm32h7xx_hal_uart.o
                0x0800e0b4                UART_Start_Receive_IT
 .text.UART_EndRxTransfer
                0x0800e2f8       0xcc ./Drivers/STM32H7xx_HAL_Driver/Src/stm32h7xx_hal_uart.o
 .text.UART_DMAAbortOnError
                0x0800e3c4       0x1c ./Drivers/STM32H7xx_HAL_Driver/Src/stm32h7xx_hal_uart.o
 .text.UART_TxISR_8BIT
                0x0800e3e0       0xb8 ./Drivers/STM32H7xx_HAL_Driver/Src/stm32h7xx_hal_uart.o
 .text.UART_TxISR_16BIT
                0x0800e498       0xc2 ./Drivers/STM32H7xx_HAL_Driver/Src/stm32h7xx_hal_uart.o
 .text.UART_TxISR_8BIT_FIFOEN
                0x0800e55a       0xe0 ./Drivers/STM32H7xx_HAL_Driver/Src/stm32h7xx_hal_uart.o
 .text.UART_TxISR_16BIT_FIFOEN
                0x0800e63a       0xea ./Drivers/STM32H7xx_HAL_Driver/Src/stm32h7xx_hal_uart.o
 .text.UART_EndTransmit_IT
                0x0800e724       0x56 ./Drivers/STM32H7xx_HAL_Driver/Src/stm32h7xx_hal_uart.o
 *fill*         0x0800e77a        0x2 
 .text.UART_RxISR_8BIT
                0x0800e77c      0x1b8 ./Drivers/STM32H7xx_HAL_Driver/Src/stm32h7xx_hal_uart.o
 .text.UART_RxISR_16BIT
                0x0800e934      0x1b8 ./Drivers/STM32H7xx_HAL_Driver/Src/stm32h7xx_hal_uart.o
 .text.UART_RxISR_8BIT_FIFOEN
                0x0800eaec      0x364 ./Drivers/STM32H7xx_HAL_Driver/Src/stm32h7xx_hal_uart.o
 .text.UART_RxISR_16BIT_FIFOEN
                0x0800ee50      0x36c ./Drivers/STM32H7xx_HAL_Driver/Src/stm32h7xx_hal_uart.o
 .text.HAL_UARTEx_WakeupCallback
                0x0800f1bc       0x14 ./Drivers/STM32H7xx_HAL_Driver/Src/stm32h7xx_hal_uart_ex.o
                0x0800f1bc                HAL_UARTEx_WakeupCallback
 .text.HAL_UARTEx_RxFifoFullCallback
                0x0800f1d0       0x14 ./Drivers/STM32H7xx_HAL_Driver/Src/stm32h7xx_hal_uart_ex.o
                0x0800f1d0                HAL_UARTEx_RxFifoFullCallback
 .text.HAL_UARTEx_TxFifoEmptyCallback
                0x0800f1e4       0x14 ./Drivers/STM32H7xx_HAL_Driver/Src/stm32h7xx_hal_uart_ex.o
                0x0800f1e4                HAL_UARTEx_TxFifoEmptyCallback
 .text.HAL_UARTEx_DisableFifoMode
                0x0800f1f8       0x72 ./Drivers/STM32H7xx_HAL_Driver/Src/stm32h7xx_hal_uart_ex.o
                0x0800f1f8                HAL_UARTEx_DisableFifoMode
 .text.HAL_UARTEx_SetTxFifoThreshold
                0x0800f26a       0x7c ./Drivers/STM32H7xx_HAL_Driver/Src/stm32h7xx_hal_uart_ex.o
                0x0800f26a                HAL_UARTEx_SetTxFifoThreshold
 .text.HAL_UARTEx_SetRxFifoThreshold
                0x0800f2e6       0x7c ./Drivers/STM32H7xx_HAL_Driver/Src/stm32h7xx_hal_uart_ex.o
                0x0800f2e6                HAL_UARTEx_SetRxFifoThreshold
 .text.HAL_UARTEx_ReceiveToIdle_IT
                0x0800f362       0xa0 ./Drivers/STM32H7xx_HAL_Driver/Src/stm32h7xx_hal_uart_ex.o
                0x0800f362                HAL_UARTEx_ReceiveToIdle_IT
 *fill*         0x0800f402        0x2 
 .text.UARTEx_SetNbDataToProcess
                0x0800f404       0x9c ./Drivers/STM32H7xx_HAL_Driver/Src/stm32h7xx_hal_uart_ex.o
 .text.USB_CoreInit
                0x0800f4a0       0xf0 ./Drivers/STM32H7xx_HAL_Driver/Src/stm32h7xx_ll_usb.o
                0x0800f4a0                USB_CoreInit
 .text.USB_SetTurnaroundTime
                0x0800f590      0x144 ./Drivers/STM32H7xx_HAL_Driver/Src/stm32h7xx_ll_usb.o
                0x0800f590                USB_SetTurnaroundTime
 .text.USB_EnableGlobalInt
                0x0800f6d4       0x22 ./Drivers/STM32H7xx_HAL_Driver/Src/stm32h7xx_ll_usb.o
                0x0800f6d4                USB_EnableGlobalInt
 .text.USB_DisableGlobalInt
                0x0800f6f6       0x22 ./Drivers/STM32H7xx_HAL_Driver/Src/stm32h7xx_ll_usb.o
                0x0800f6f6                USB_DisableGlobalInt
 .text.USB_SetCurrentMode
                0x0800f718       0x98 ./Drivers/STM32H7xx_HAL_Driver/Src/stm32h7xx_ll_usb.o
                0x0800f718                USB_SetCurrentMode
 .text.USB_DevInit
                0x0800f7b0      0x2bc ./Drivers/STM32H7xx_HAL_Driver/Src/stm32h7xx_ll_usb.o
                0x0800f7b0                USB_DevInit
 .text.USB_FlushTxFifo
                0x0800fa6c       0x64 ./Drivers/STM32H7xx_HAL_Driver/Src/stm32h7xx_ll_usb.o
                0x0800fa6c                USB_FlushTxFifo
 .text.USB_FlushRxFifo
                0x0800fad0       0x5c ./Drivers/STM32H7xx_HAL_Driver/Src/stm32h7xx_ll_usb.o
                0x0800fad0                USB_FlushRxFifo
 .text.USB_SetDevSpeed
                0x0800fb2c       0x32 ./Drivers/STM32H7xx_HAL_Driver/Src/stm32h7xx_ll_usb.o
                0x0800fb2c                USB_SetDevSpeed
 .text.USB_GetDevSpeed
                0x0800fb5e       0x4a ./Drivers/STM32H7xx_HAL_Driver/Src/stm32h7xx_ll_usb.o
                0x0800fb5e                USB_GetDevSpeed
 .text.USB_ActivateEndpoint
                0x0800fba8      0x110 ./Drivers/STM32H7xx_HAL_Driver/Src/stm32h7xx_ll_usb.o
                0x0800fba8                USB_ActivateEndpoint
 .text.USB_DeactivateEndpoint
                0x0800fcb8      0x1b8 ./Drivers/STM32H7xx_HAL_Driver/Src/stm32h7xx_ll_usb.o
                0x0800fcb8                USB_DeactivateEndpoint
 .text.USB_EPStartXfer
                0x0800fe70      0x548 ./Drivers/STM32H7xx_HAL_Driver/Src/stm32h7xx_ll_usb.o
                0x0800fe70                USB_EPStartXfer
 .text.USB_EPStopXfer
                0x080103b8      0x1fa ./Drivers/STM32H7xx_HAL_Driver/Src/stm32h7xx_ll_usb.o
                0x080103b8                USB_EPStopXfer
 .text.USB_EPSetStall
                0x080105b2       0xdc ./Drivers/STM32H7xx_HAL_Driver/Src/stm32h7xx_ll_usb.o
                0x080105b2                USB_EPSetStall
 .text.USB_EPClearStall
                0x0801068e       0xcc ./Drivers/STM32H7xx_HAL_Driver/Src/stm32h7xx_ll_usb.o
                0x0801068e                USB_EPClearStall
 .text.USB_WritePacket
                0x0801075a       0x7c ./Drivers/STM32H7xx_HAL_Driver/Src/stm32h7xx_ll_usb.o
                0x0801075a                USB_WritePacket
 .text.USB_ReadPacket
                0x080107d6       0xb0 ./Drivers/STM32H7xx_HAL_Driver/Src/stm32h7xx_ll_usb.o
                0x080107d6                USB_ReadPacket
 .text.USB_SetDevAddress
                0x08010886       0x4c ./Drivers/STM32H7xx_HAL_Driver/Src/stm32h7xx_ll_usb.o
                0x08010886                USB_SetDevAddress
 .text.USB_DevConnect
                0x080108d2       0x42 ./Drivers/STM32H7xx_HAL_Driver/Src/stm32h7xx_ll_usb.o
                0x080108d2                USB_DevConnect
 .text.USB_DevDisconnect
                0x08010914       0x42 ./Drivers/STM32H7xx_HAL_Driver/Src/stm32h7xx_ll_usb.o
                0x08010914                USB_DevDisconnect
 .text.USB_ReadInterrupts
                0x08010956       0x26 ./Drivers/STM32H7xx_HAL_Driver/Src/stm32h7xx_ll_usb.o
                0x08010956                USB_ReadInterrupts
 .text.USB_ReadDevAllOutEpInterrupt
                0x0801097c       0x34 ./Drivers/STM32H7xx_HAL_Driver/Src/stm32h7xx_ll_usb.o
                0x0801097c                USB_ReadDevAllOutEpInterrupt
 .text.USB_ReadDevAllInEpInterrupt
                0x080109b0       0x34 ./Drivers/STM32H7xx_HAL_Driver/Src/stm32h7xx_ll_usb.o
                0x080109b0                USB_ReadDevAllInEpInterrupt
 .text.USB_ReadDevOutEPInterrupt
                0x080109e4       0x3c ./Drivers/STM32H7xx_HAL_Driver/Src/stm32h7xx_ll_usb.o
                0x080109e4                USB_ReadDevOutEPInterrupt
 .text.USB_ReadDevInEPInterrupt
                0x08010a20       0x5c ./Drivers/STM32H7xx_HAL_Driver/Src/stm32h7xx_ll_usb.o
                0x08010a20                USB_ReadDevInEPInterrupt
 .text.USB_GetMode
                0x08010a7c       0x1c ./Drivers/STM32H7xx_HAL_Driver/Src/stm32h7xx_ll_usb.o
                0x08010a7c                USB_GetMode
 .text.USB_ActivateSetup
                0x08010a98       0x48 ./Drivers/STM32H7xx_HAL_Driver/Src/stm32h7xx_ll_usb.o
                0x08010a98                USB_ActivateSetup
 .text.USB_EP0_OutStart
                0x08010ae0       0xbc ./Drivers/STM32H7xx_HAL_Driver/Src/stm32h7xx_ll_usb.o
                0x08010ae0                USB_EP0_OutStart
 .text.USB_CoreReset
                0x08010b9c       0x70 ./Drivers/STM32H7xx_HAL_Driver/Src/stm32h7xx_ll_usb.o
 .text.USBD_CDC_Init
                0x08010c0c      0x1f0 ./Middlewares/ST/STM32_USB_Device_Library/Class/CDC/Src/usbd_cdc.o
 .text.USBD_CDC_DeInit
                0x08010dfc      0x104 ./Middlewares/ST/STM32_USB_Device_Library/Class/CDC/Src/usbd_cdc.o
 .text.USBD_CDC_Setup
                0x08010f00      0x1b8 ./Middlewares/ST/STM32_USB_Device_Library/Class/CDC/Src/usbd_cdc.o
 .text.USBD_CDC_DataIn
                0x080110b8       0xfe ./Middlewares/ST/STM32_USB_Device_Library/Class/CDC/Src/usbd_cdc.o
 .text.USBD_CDC_DataOut
                0x080111b6       0x70 ./Middlewares/ST/STM32_USB_Device_Library/Class/CDC/Src/usbd_cdc.o
 .text.USBD_CDC_EP0_RxReady
                0x08011226       0x74 ./Middlewares/ST/STM32_USB_Device_Library/Class/CDC/Src/usbd_cdc.o
 *fill*         0x0801129a        0x2 
 .text.USBD_CDC_GetFSCfgDesc
                0x0801129c       0x70 ./Middlewares/ST/STM32_USB_Device_Library/Class/CDC/Src/usbd_cdc.o
 .text.USBD_CDC_GetHSCfgDesc
                0x0801130c       0x70 ./Middlewares/ST/STM32_USB_Device_Library/Class/CDC/Src/usbd_cdc.o
 .text.USBD_CDC_GetOtherSpeedCfgDesc
                0x0801137c       0x70 ./Middlewares/ST/STM32_USB_Device_Library/Class/CDC/Src/usbd_cdc.o
 .text.USBD_CDC_GetDeviceQualifierDescriptor
                0x080113ec       0x20 ./Middlewares/ST/STM32_USB_Device_Library/Class/CDC/Src/usbd_cdc.o
                0x080113ec                USBD_CDC_GetDeviceQualifierDescriptor
 .text.USBD_CDC_RegisterInterface
                0x0801140c       0x34 ./Middlewares/ST/STM32_USB_Device_Library/Class/CDC/Src/usbd_cdc.o
                0x0801140c                USBD_CDC_RegisterInterface
 .text.USBD_CDC_SetTxBuffer
                0x08011440       0x44 ./Middlewares/ST/STM32_USB_Device_Library/Class/CDC/Src/usbd_cdc.o
                0x08011440                USBD_CDC_SetTxBuffer
 .text.USBD_CDC_SetRxBuffer
                0x08011484       0x3a ./Middlewares/ST/STM32_USB_Device_Library/Class/CDC/Src/usbd_cdc.o
                0x08011484                USBD_CDC_SetRxBuffer
 *fill*         0x080114be        0x2 
 .text.USBD_CDC_TransmitPacket
                0x080114c0       0x80 ./Middlewares/ST/STM32_USB_Device_Library/Class/CDC/Src/usbd_cdc.o
                0x080114c0                USBD_CDC_TransmitPacket
 .text.USBD_CDC_ReceivePacket
                0x08011540       0x6c ./Middlewares/ST/STM32_USB_Device_Library/Class/CDC/Src/usbd_cdc.o
                0x08011540                USBD_CDC_ReceivePacket
 .text.USBD_Init
                0x080115ac       0x60 ./Middlewares/ST/STM32_USB_Device_Library/Core/Src/usbd_core.o
                0x080115ac                USBD_Init
 .text.USBD_RegisterClass
                0x0801160c       0x6c ./Middlewares/ST/STM32_USB_Device_Library/Core/Src/usbd_core.o
                0x0801160c                USBD_RegisterClass
 .text.USBD_Start
                0x08011678       0x18 ./Middlewares/ST/STM32_USB_Device_Library/Core/Src/usbd_core.o
                0x08011678                USBD_Start
 .text.USBD_RunTestMode
                0x08011690       0x16 ./Middlewares/ST/STM32_USB_Device_Library/Core/Src/usbd_core.o
                0x08011690                USBD_RunTestMode
 .text.USBD_SetClassConfig
                0x080116a6       0x38 ./Middlewares/ST/STM32_USB_Device_Library/Core/Src/usbd_core.o
                0x080116a6                USBD_SetClassConfig
 .text.USBD_ClrClassConfig
                0x080116de       0x34 ./Middlewares/ST/STM32_USB_Device_Library/Core/Src/usbd_core.o
                0x080116de                USBD_ClrClassConfig
 .text.USBD_LL_SetupStage
                0x08011712       0xaa ./Middlewares/ST/STM32_USB_Device_Library/Core/Src/usbd_core.o
                0x08011712                USBD_LL_SetupStage
 .text.USBD_LL_DataOutStage
                0x080117bc      0x178 ./Middlewares/ST/STM32_USB_Device_Library/Core/Src/usbd_core.o
                0x080117bc                USBD_LL_DataOutStage
 .text.USBD_LL_DataInStage
                0x08011934      0x176 ./Middlewares/ST/STM32_USB_Device_Library/Core/Src/usbd_core.o
                0x08011934                USBD_LL_DataInStage
 .text.USBD_LL_Reset
                0x08011aaa       0xa6 ./Middlewares/ST/STM32_USB_Device_Library/Core/Src/usbd_core.o
                0x08011aaa                USBD_LL_Reset
 .text.USBD_LL_SetSpeed
                0x08011b50       0x20 ./Middlewares/ST/STM32_USB_Device_Library/Core/Src/usbd_core.o
                0x08011b50                USBD_LL_SetSpeed
 .text.USBD_LL_Suspend
                0x08011b70       0x38 ./Middlewares/ST/STM32_USB_Device_Library/Core/Src/usbd_core.o
                0x08011b70                USBD_LL_Suspend
 .text.USBD_LL_Resume
                0x08011ba8       0x30 ./Middlewares/ST/STM32_USB_Device_Library/Core/Src/usbd_core.o
                0x08011ba8                USBD_LL_Resume
 .text.USBD_LL_SOF
                0x08011bd8       0x40 ./Middlewares/ST/STM32_USB_Device_Library/Core/Src/usbd_core.o
                0x08011bd8                USBD_LL_SOF
 .text.USBD_LL_IsoINIncomplete
                0x08011c18       0x64 ./Middlewares/ST/STM32_USB_Device_Library/Core/Src/usbd_core.o
                0x08011c18                USBD_LL_IsoINIncomplete
 .text.USBD_LL_IsoOUTIncomplete
                0x08011c7c       0x64 ./Middlewares/ST/STM32_USB_Device_Library/Core/Src/usbd_core.o
                0x08011c7c                USBD_LL_IsoOUTIncomplete
 .text.USBD_LL_DevConnected
                0x08011ce0       0x16 ./Middlewares/ST/STM32_USB_Device_Library/Core/Src/usbd_core.o
                0x08011ce0                USBD_LL_DevConnected
 .text.USBD_LL_DevDisconnected
                0x08011cf6       0x46 ./Middlewares/ST/STM32_USB_Device_Library/Core/Src/usbd_core.o
                0x08011cf6                USBD_LL_DevDisconnected
 .text.USBD_CoreFindIF
                0x08011d3c       0x1a ./Middlewares/ST/STM32_USB_Device_Library/Core/Src/usbd_core.o
                0x08011d3c                USBD_CoreFindIF
 .text.USBD_CoreFindEP
                0x08011d56       0x1a ./Middlewares/ST/STM32_USB_Device_Library/Core/Src/usbd_core.o
                0x08011d56                USBD_CoreFindEP
 .text.USBD_GetEpDesc
                0x08011d70       0x70 ./Middlewares/ST/STM32_USB_Device_Library/Core/Src/usbd_core.o
                0x08011d70                USBD_GetEpDesc
 .text.USBD_GetNextDesc
                0x08011de0       0x38 ./Middlewares/ST/STM32_USB_Device_Library/Core/Src/usbd_core.o
                0x08011de0                USBD_GetNextDesc
 .text.SWAPBYTE
                0x08011e18       0x3e ./Middlewares/ST/STM32_USB_Device_Library/Core/Src/usbd_ctlreq.o
 *fill*         0x08011e56        0x2 
 .text.USBD_StdDevReq
                0x08011e58       0xe4 ./Middlewares/ST/STM32_USB_Device_Library/Core/Src/usbd_ctlreq.o
                0x08011e58                USBD_StdDevReq
 .text.USBD_StdItfReq
                0x08011f3c       0xd8 ./Middlewares/ST/STM32_USB_Device_Library/Core/Src/usbd_ctlreq.o
                0x08011f3c                USBD_StdItfReq
 .text.USBD_StdEPReq
                0x08012014      0x33e ./Middlewares/ST/STM32_USB_Device_Library/Core/Src/usbd_ctlreq.o
                0x08012014                USBD_StdEPReq
 *fill*         0x08012352        0x2 
 .text.USBD_GetDescriptor
                0x08012354      0x328 ./Middlewares/ST/STM32_USB_Device_Library/Core/Src/usbd_ctlreq.o
 .text.USBD_SetAddress
                0x0801267c       0x88 ./Middlewares/ST/STM32_USB_Device_Library/Core/Src/usbd_ctlreq.o
 .text.USBD_SetConfig
                0x08012704      0x154 ./Middlewares/ST/STM32_USB_Device_Library/Core/Src/usbd_ctlreq.o
 .text.USBD_GetConfig
                0x08012858       0x6c ./Middlewares/ST/STM32_USB_Device_Library/Core/Src/usbd_ctlreq.o
 .text.USBD_GetStatus
                0x080128c4       0x68 ./Middlewares/ST/STM32_USB_Device_Library/Core/Src/usbd_ctlreq.o
 .text.USBD_SetFeature
                0x0801292c       0x52 ./Middlewares/ST/STM32_USB_Device_Library/Core/Src/usbd_ctlreq.o
 .text.USBD_ClrFeature
                0x0801297e       0x44 ./Middlewares/ST/STM32_USB_Device_Library/Core/Src/usbd_ctlreq.o
 .text.USBD_ParseSetupRequest
                0x080129c2       0x74 ./Middlewares/ST/STM32_USB_Device_Library/Core/Src/usbd_ctlreq.o
                0x080129c2                USBD_ParseSetupRequest
 .text.USBD_CtlError
                0x08012a36       0x22 ./Middlewares/ST/STM32_USB_Device_Library/Core/Src/usbd_ctlreq.o
                0x08012a36                USBD_CtlError
 .text.USBD_GetString
                0x08012a58       0xa4 ./Middlewares/ST/STM32_USB_Device_Library/Core/Src/usbd_ctlreq.o
                0x08012a58                USBD_GetString
 .text.USBD_GetLen
                0x08012afc       0x34 ./Middlewares/ST/STM32_USB_Device_Library/Core/Src/usbd_ctlreq.o
 .text.USBD_CtlSendData
                0x08012b30       0x3c ./Middlewares/ST/STM32_USB_Device_Library/Core/Src/usbd_ioreq.o
                0x08012b30                USBD_CtlSendData
 .text.USBD_CtlContinueSendData
                0x08012b6c       0x22 ./Middlewares/ST/STM32_USB_Device_Library/Core/Src/usbd_ioreq.o
                0x08012b6c                USBD_CtlContinueSendData
 .text.USBD_CtlPrepareRx
                0x08012b8e       0x42 ./Middlewares/ST/STM32_USB_Device_Library/Core/Src/usbd_ioreq.o
                0x08012b8e                USBD_CtlPrepareRx
 .text.USBD_CtlContinueRx
                0x08012bd0       0x22 ./Middlewares/ST/STM32_USB_Device_Library/Core/Src/usbd_ioreq.o
                0x08012bd0                USBD_CtlContinueRx
 .text.USBD_CtlSendStatus
                0x08012bf2       0x26 ./Middlewares/ST/STM32_USB_Device_Library/Core/Src/usbd_ioreq.o
                0x08012bf2                USBD_CtlSendStatus
 .text.USBD_CtlReceiveStatus
                0x08012c18       0x26 ./Middlewares/ST/STM32_USB_Device_Library/Core/Src/usbd_ioreq.o
                0x08012c18                USBD_CtlReceiveStatus
 *fill*         0x08012c3e        0x2 
 .text.MX_USB_DEVICE_Init
                0x08012c40       0x64 ./USB_DEVICE/App/usb_device.o
                0x08012c40                MX_USB_DEVICE_Init
 .text.CDC_Init_FS
                0x08012ca4       0x28 ./USB_DEVICE/App/usbd_cdc_if.o
 .text.CDC_DeInit_FS
                0x08012ccc       0x10 ./USB_DEVICE/App/usbd_cdc_if.o
 .text.CDC_Control_FS
                0x08012cdc       0xbc ./USB_DEVICE/App/usbd_cdc_if.o
 .text.CDC_Receive_FS
                0x08012d98       0x34 ./USB_DEVICE/App/usbd_cdc_if.o
 .text.CDC_Transmit_FS
                0x08012dcc       0x54 ./USB_DEVICE/App/usbd_cdc_if.o
                0x08012dcc                CDC_Transmit_FS
 .text.CDC_TransmitCplt_FS
                0x08012e20       0x22 ./USB_DEVICE/App/usbd_cdc_if.o
 *fill*         0x08012e42        0x2 
 .text.USBD_FS_DeviceDescriptor
                0x08012e44       0x24 ./USB_DEVICE/App/usbd_desc.o
                0x08012e44                USBD_FS_DeviceDescriptor
 .text.USBD_FS_LangIDStrDescriptor
                0x08012e68       0x24 ./USB_DEVICE/App/usbd_desc.o
                0x08012e68                USBD_FS_LangIDStrDescriptor
 .text.USBD_FS_ProductStrDescriptor
                0x08012e8c       0x3c ./USB_DEVICE/App/usbd_desc.o
                0x08012e8c                USBD_FS_ProductStrDescriptor
 .text.USBD_FS_ManufacturerStrDescriptor
                0x08012ec8       0x28 ./USB_DEVICE/App/usbd_desc.o
                0x08012ec8                USBD_FS_ManufacturerStrDescriptor
 .text.USBD_FS_SerialStrDescriptor
                0x08012ef0       0x24 ./USB_DEVICE/App/usbd_desc.o
                0x08012ef0                USBD_FS_SerialStrDescriptor
 .text.USBD_FS_ConfigStrDescriptor
                0x08012f14       0x3c ./USB_DEVICE/App/usbd_desc.o
                0x08012f14                USBD_FS_ConfigStrDescriptor
 .text.USBD_FS_InterfaceStrDescriptor
                0x08012f50       0x3c ./USB_DEVICE/App/usbd_desc.o
                0x08012f50                USBD_FS_InterfaceStrDescriptor
 .text.Get_SerialNum
                0x08012f8c       0x58 ./USB_DEVICE/App/usbd_desc.o
 .text.IntToUnicode
                0x08012fe4       0x7e ./USB_DEVICE/App/usbd_desc.o
 *fill*         0x08013062        0x2 
 .text.HAL_PCD_MspInit
                0x08013064       0xe8 ./USB_DEVICE/Target/usbd_conf.o
                0x08013064                HAL_PCD_MspInit
 .text.HAL_PCD_SetupStageCallback
                0x0801314c       0x24 ./USB_DEVICE/Target/usbd_conf.o
                0x0801314c                HAL_PCD_SetupStageCallback
 .text.HAL_PCD_DataOutStageCallback
                0x08013170       0x36 ./USB_DEVICE/Target/usbd_conf.o
                0x08013170                HAL_PCD_DataOutStageCallback
 .text.HAL_PCD_DataInStageCallback
                0x080131a6       0x34 ./USB_DEVICE/Target/usbd_conf.o
                0x080131a6                HAL_PCD_DataInStageCallback
 .text.HAL_PCD_SOFCallback
                0x080131da       0x1c ./USB_DEVICE/Target/usbd_conf.o
                0x080131da                HAL_PCD_SOFCallback
 .text.HAL_PCD_ResetCallback
                0x080131f6       0x50 ./USB_DEVICE/Target/usbd_conf.o
                0x080131f6                HAL_PCD_ResetCallback
 *fill*         0x08013246        0x2 
 .text.HAL_PCD_SuspendCallback
                0x08013248       0x4c ./USB_DEVICE/Target/usbd_conf.o
                0x08013248                HAL_PCD_SuspendCallback
 .text.HAL_PCD_ResumeCallback
                0x08013294       0x1c ./USB_DEVICE/Target/usbd_conf.o
                0x08013294                HAL_PCD_ResumeCallback
 .text.HAL_PCD_ISOOUTIncompleteCallback
                0x080132b0       0x24 ./USB_DEVICE/Target/usbd_conf.o
                0x080132b0                HAL_PCD_ISOOUTIncompleteCallback
 .text.HAL_PCD_ISOINIncompleteCallback
                0x080132d4       0x24 ./USB_DEVICE/Target/usbd_conf.o
                0x080132d4                HAL_PCD_ISOINIncompleteCallback
 .text.HAL_PCD_ConnectCallback
                0x080132f8       0x1c ./USB_DEVICE/Target/usbd_conf.o
                0x080132f8                HAL_PCD_ConnectCallback
 .text.HAL_PCD_DisconnectCallback
                0x08013314       0x1c ./USB_DEVICE/Target/usbd_conf.o
                0x08013314                HAL_PCD_DisconnectCallback
 .text.USBD_LL_Init
                0x08013330       0xa0 ./USB_DEVICE/Target/usbd_conf.o
                0x08013330                USBD_LL_Init
 .text.USBD_LL_Start
                0x080133d0       0x36 ./USB_DEVICE/Target/usbd_conf.o
                0x080133d0                USBD_LL_Start
 .text.USBD_LL_OpenEP
                0x08013406       0x4c ./USB_DEVICE/Target/usbd_conf.o
                0x08013406                USBD_LL_OpenEP
 .text.USBD_LL_CloseEP
                0x08013452       0x3e ./USB_DEVICE/Target/usbd_conf.o
                0x08013452                USBD_LL_CloseEP
 .text.USBD_LL_StallEP
                0x08013490       0x3e ./USB_DEVICE/Target/usbd_conf.o
                0x08013490                USBD_LL_StallEP
 .text.USBD_LL_ClearStallEP
                0x080134ce       0x3e ./USB_DEVICE/Target/usbd_conf.o
                0x080134ce                USBD_LL_ClearStallEP
 .text.USBD_LL_IsStallEP
                0x0801350c       0x58 ./USB_DEVICE/Target/usbd_conf.o
                0x0801350c                USBD_LL_IsStallEP
 .text.USBD_LL_SetUSBAddress
                0x08013564       0x3e ./USB_DEVICE/Target/usbd_conf.o
                0x08013564                USBD_LL_SetUSBAddress
 .text.USBD_LL_Transmit
                0x080135a2       0x42 ./USB_DEVICE/Target/usbd_conf.o
                0x080135a2                USBD_LL_Transmit
 .text.USBD_LL_PrepareReceive
                0x080135e4       0x42 ./USB_DEVICE/Target/usbd_conf.o
                0x080135e4                USBD_LL_PrepareReceive
 .text.USBD_LL_GetRxDataSize
                0x08013626       0x26 ./USB_DEVICE/Target/usbd_conf.o
                0x08013626                USBD_LL_GetRxDataSize
 .text.USBD_static_malloc
                0x0801364c       0x1c ./USB_DEVICE/Target/usbd_conf.o
                0x0801364c                USBD_static_malloc
 .text.USBD_static_free
                0x08013668       0x14 ./USB_DEVICE/Target/usbd_conf.o
                0x08013668                USBD_static_free
 .text.USBD_Get_USB_Status
                0x0801367c       0x58 ./USB_DEVICE/Target/usbd_conf.o
                0x0801367c                USBD_Get_USB_Status
 .text.snprintf
                0x080136d4       0x6c /opt/st/stm32cubeide_2.1.0/plugins/com.st.stm32cube.ide.mcu.externaltools.gnu-tools-for-stm32.14.3.rel1.linux64_1.0.100.202602081740/tools/bin/../lib/gcc/arm-none-eabi/14.3.1/../../../../arm-none-eabi/lib/thumb/v7e-m+dp/hard/libc_nano.a(libc_a-snprintf.o)
                0x080136d4                snprintf
                0x080136d4                sniprintf
 .text.memset   0x08013740       0x10 /opt/st/stm32cubeide_2.1.0/plugins/com.st.stm32cube.ide.mcu.externaltools.gnu-tools-for-stm32.14.3.rel1.linux64_1.0.100.202602081740/tools/bin/../lib/gcc/arm-none-eabi/14.3.1/../../../../arm-none-eabi/lib/thumb/v7e-m+dp/hard/libc_nano.a(libc_a-memset.o)
                0x08013740                memset
 .text.__errno  0x08013750        0xc /opt/st/stm32cubeide_2.1.0/plugins/com.st.stm32cube.ide.mcu.externaltools.gnu-tools-for-stm32.14.3.rel1.linux64_1.0.100.202602081740/tools/bin/../lib/gcc/arm-none-eabi/14.3.1/../../../../arm-none-eabi/lib/thumb/v7e-m+dp/hard/libc_nano.a(libc_a-errno.o)
                0x08013750                __errno
 .text.__libc_init_array
                0x0801375c       0x48 /opt/st/stm32cubeide_2.1.0/plugins/com.st.stm32cube.ide.mcu.externaltools.gnu-tools-for-stm32.14.3.rel1.linux64_1.0.100.202602081740/tools/bin/../lib/gcc/arm-none-eabi/14.3.1/../../../../arm-none-eabi/lib/thumb/v7e-m+dp/hard/libc_nano.a(libc_a-init.o)
                0x0801375c                __libc_init_array
 .text.__retarget_lock_acquire_recursive
                0x080137a4        0x2 /opt/st/stm32cubeide_2.1.0/plugins/com.st.stm32cube.ide.mcu.externaltools.gnu-tools-for-stm32.14.3.rel1.linux64_1.0.100.202602081740/tools/bin/../lib/gcc/arm-none-eabi/14.3.1/../../../../arm-none-eabi/lib/thumb/v7e-m+dp/hard/libc_nano.a(libc_a-lock.o)
                0x080137a4                __retarget_lock_acquire_recursive
 .text.__retarget_lock_release_recursive
                0x080137a6        0x2 /opt/st/stm32cubeide_2.1.0/plugins/com.st.stm32cube.ide.mcu.externaltools.gnu-tools-for-stm32.14.3.rel1.linux64_1.0.100.202602081740/tools/bin/../lib/gcc/arm-none-eabi/14.3.1/../../../../arm-none-eabi/lib/thumb/v7e-m+dp/hard/libc_nano.a(libc_a-lock.o)
                0x080137a6                __retarget_lock_release_recursive
 .text._free_r  0x080137a8       0x94 /opt/st/stm32cubeide_2.1.0/plugins/com.st.stm32cube.ide.mcu.externaltools.gnu-tools-for-stm32.14.3.rel1.linux64_1.0.100.202602081740/tools/bin/../lib/gcc/arm-none-eabi/14.3.1/../../../../arm-none-eabi/lib/thumb/v7e-m+dp/hard/libc_nano.a(libc_a-freer.o)
                0x080137a8                _free_r
 .text.sbrk_aligned
                0x0801383c       0x44 /opt/st/stm32cubeide_2.1.0/plugins/com.st.stm32cube.ide.mcu.externaltools.gnu-tools-for-stm32.14.3.rel1.linux64_1.0.100.202602081740/tools/bin/../lib/gcc/arm-none-eabi/14.3.1/../../../../arm-none-eabi/lib/thumb/v7e-m+dp/hard/libc_nano.a(libc_a-mallocr.o)
 .text._malloc_r
                0x08013880      0x100 /opt/st/stm32cubeide_2.1.0/plugins/com.st.stm32cube.ide.mcu.externaltools.gnu-tools-for-stm32.14.3.rel1.linux64_1.0.100.202602081740/tools/bin/../lib/gcc/arm-none-eabi/14.3.1/../../../../arm-none-eabi/lib/thumb/v7e-m+dp/hard/libc_nano.a(libc_a-mallocr.o)
                0x08013880                _malloc_r
 .text.__malloc_lock
                0x08013980        0xc /opt/st/stm32cubeide_2.1.0/plugins/com.st.stm32cube.ide.mcu.externaltools.gnu-tools-for-stm32.14.3.rel1.linux64_1.0.100.202602081740/tools/bin/../lib/gcc/arm-none-eabi/14.3.1/../../../../arm-none-eabi/lib/thumb/v7e-m+dp/hard/libc_nano.a(libc_a-mlock.o)
                0x08013980                __malloc_lock
 .text.__malloc_unlock
                0x0801398c        0xc /opt/st/stm32cubeide_2.1.0/plugins/com.st.stm32cube.ide.mcu.externaltools.gnu-tools-for-stm32.14.3.rel1.linux64_1.0.100.202602081740/tools/bin/../lib/gcc/arm-none-eabi/14.3.1/../../../../arm-none-eabi/lib/thumb/v7e-m+dp/hard/libc_nano.a(libc_a-mlock.o)
                0x0801398c                __malloc_unlock
 .text.__ssputs_r
                0x08013998       0xc0 /opt/st/stm32cubeide_2.1.0/plugins/com.st.stm32cube.ide.mcu.externaltools.gnu-tools-for-stm32.14.3.rel1.linux64_1.0.100.202602081740/tools/bin/../lib/gcc/arm-none-eabi/14.3.1/../../../../arm-none-eabi/lib/thumb/v7e-m+dp/hard/libc_nano.a(libc_a-nano-svfprintf.o)
                0x08013998                __ssputs_r
 .text._svfprintf_r
                0x08013a58      0x1f0 /opt/st/stm32cubeide_2.1.0/plugins/com.st.stm32cube.ide.mcu.externaltools.gnu-tools-for-stm32.14.3.rel1.linux64_1.0.100.202602081740/tools/bin/../lib/gcc/arm-none-eabi/14.3.1/../../../../arm-none-eabi/lib/thumb/v7e-m+dp/hard/libc_nano.a(libc_a-nano-svfprintf.o)
                0x08013a58                _svfprintf_r
                0x08013a58                _svfiprintf_r
 .text._printf_common
                0x08013c48       0xda /opt/st/stm32cubeide_2.1.0/plugins/com.st.stm32cube.ide.mcu.externaltools.gnu-tools-for-stm32.14.3.rel1.linux64_1.0.100.202602081740/tools/bin/../lib/gcc/arm-none-eabi/14.3.1/../../../../arm-none-eabi/lib/thumb/v7e-m+dp/hard/libc_nano.a(libc_a-nano-vfprintf_i.o)
                0x08013c48                _printf_common
 *fill*         0x08013d22        0x2 
 .text._printf_i
                0x08013d24      0x24c /opt/st/stm32cubeide_2.1.0/plugins/com.st.stm32cube.ide.mcu.externaltools.gnu-tools-for-stm32.14.3.rel1.linux64_1.0.100.202602081740/tools/bin/../lib/gcc/arm-none-eabi/14.3.1/../../../../arm-none-eabi/lib/thumb/v7e-m+dp/hard/libc_nano.a(libc_a-nano-vfprintf_i.o)
                0x08013d24                _printf_i
 .text.memmove  0x08013f70       0x32 /opt/st/stm32cubeide_2.1.0/plugins/com.st.stm32cube.ide.mcu.externaltools.gnu-tools-for-stm32.14.3.rel1.linux64_1.0.100.202602081740/tools/bin/../lib/gcc/arm-none-eabi/14.3.1/../../../../arm-none-eabi/lib/thumb/v7e-m+dp/hard/libc_nano.a(libc_a-memmove.o)
                0x08013f70                memmove
 *fill*         0x08013fa2        0x2 
 .text._sbrk_r  0x08013fa4       0x20 /opt/st/stm32cubeide_2.1.0/plugins/com.st.stm32cube.ide.mcu.externaltools.gnu-tools-for-stm32.14.3.rel1.linux64_1.0.100.202602081740/tools/bin/../lib/gcc/arm-none-eabi/14.3.1/../../../../arm-none-eabi/lib/thumb/v7e-m+dp/hard/libc_nano.a(libc_a-sbrkr.o)
                0x08013fa4                _sbrk_r
 .text.memcpy   0x08013fc4       0x1c /opt/st/stm32cubeide_2.1.0/plugins/com.st.stm32cube.ide.mcu.externaltools.gnu-tools-for-stm32.14.3.rel1.linux64_1.0.100.202602081740/tools/bin/../lib/gcc/arm-none-eabi/14.3.1/../../../../arm-none-eabi/lib/thumb/v7e-m+dp/hard/libc_nano.a(libc_a-memcpy-stub.o)
                0x08013fc4                memcpy
 .text._realloc_r
                0x08013fe0       0x5c /opt/st/stm32cubeide_2.1.0/plugins/com.st.stm32cube.ide.mcu.externaltools.gnu-tools-for-stm32.14.3.rel1.linux64_1.0.100.202602081740/tools/bin/../lib/gcc/arm-none-eabi/14.3.1/../../../../arm-none-eabi/lib/thumb/v7e-m+dp/hard/libc_nano.a(libc_a-reallocr.o)
                0x08013fe0                _realloc_r
 .text._malloc_usable_size_r
                0x0801403c       0x10 /opt/st/stm32cubeide_2.1.0/plugins/com.st.stm32cube.ide.mcu.externaltools.gnu-tools-for-stm32.14.3.rel1.linux64_1.0.100.202602081740/tools/bin/../lib/gcc/arm-none-eabi/14.3.1/../../../../arm-none-eabi/lib/thumb/v7e-m+dp/hard/libc_nano.a(libc_a-msizer.o)
                0x0801403c                _malloc_usable_size_r
 .text.asinf    0x0801404c       0x58 /opt/st/stm32cubeide_2.1.0/plugins/com.st.stm32cube.ide.mcu.externaltools.gnu-tools-for-stm32.14.3.rel1.linux64_1.0.100.202602081740/tools/bin/../lib/gcc/arm-none-eabi/14.3.1/../../../../arm-none-eabi/lib/thumb/v7e-m+dp/hard/libm.a(libm_a-wf_asin.o)
                0x0801404c                asinf
 .text.atan2f   0x080140a4        0x4 /opt/st/stm32cubeide_2.1.0/plugins/com.st.stm32cube.ide.mcu.externaltools.gnu-tools-for-stm32.14.3.rel1.linux64_1.0.100.202602081740/tools/bin/../lib/gcc/arm-none-eabi/14.3.1/../../../../arm-none-eabi/lib/thumb/v7e-m+dp/hard/libm.a(libm_a-wf_atan2.o)
                0x080140a4                atan2f
 .text.sqrtf    0x080140a8       0x44 /opt/st/stm32cubeide_2.1.0/plugins/com.st.stm32cube.ide.mcu.externaltools.gnu-tools-for-stm32.14.3.rel1.linux64_1.0.100.202602081740/tools/bin/../lib/gcc/arm-none-eabi/14.3.1/../../../../arm-none-eabi/lib/thumb/v7e-m+dp/hard/libm.a(libm_a-wf_sqrt.o)
                0x080140a8                sqrtf
 .text.fabsf    0x080140ec       0x10 /opt/st/stm32cubeide_2.1.0/plugins/com.st.stm32cube.ide.mcu.externaltools.gnu-tools-for-stm32.14.3.rel1.linux64_1.0.100.202602081740/tools/bin/../lib/gcc/arm-none-eabi/14.3.1/../../../../arm-none-eabi/lib/thumb/v7e-m+dp/hard/libm.a(libm_a-sf_fabs.o)
                0x080140ec                fabsf
 .text.nanf     0x080140fc        0xc /opt/st/stm32cubeide_2.1.0/plugins/com.st.stm32cube.ide.mcu.externaltools.gnu-tools-for-stm32.14.3.rel1.linux64_1.0.100.202602081740/tools/bin/../lib/gcc/arm-none-eabi/14.3.1/../../../../arm-none-eabi/lib/thumb/v7e-m+dp/hard/libm.a(libm_a-sf_nan.o)
                0x080140fc                nanf
 .text.sinf     0x08014108      0x1ec /opt/st/stm32cubeide_2.1.0/plugins/com.st.stm32cube.ide.mcu.externaltools.gnu-tools-for-stm32.14.3.rel1.linux64_1.0.100.202602081740/tools/bin/../lib/gcc/arm-none-eabi/14.3.1/../../../../arm-none-eabi/lib/thumb/v7e-m+dp/hard/libm.a(libm_a-sinf.o)
                0x08014108                sinf
 *fill*         0x080142f4        0x4 
 .text.cosf     0x080142f8      0x1b4 /opt/st/stm32cubeide_2.1.0/plugins/com.st.stm32cube.ide.mcu.externaltools.gnu-tools-for-stm32.14.3.rel1.linux64_1.0.100.202602081740/tools/bin/../lib/gcc/arm-none-eabi/14.3.1/../../../../arm-none-eabi/lib/thumb/v7e-m+dp/hard/libm.a(libm_a-cosf.o)
                0x080142f8                cosf
 .text.with_errnof
                0x080144ac       0x1c /opt/st/stm32cubeide_2.1.0/plugins/com.st.stm32cube.ide.mcu.externaltools.gnu-tools-for-stm32.14.3.rel1.linux64_1.0.100.202602081740/tools/bin/../lib/gcc/arm-none-eabi/14.3.1/../../../../arm-none-eabi/lib/thumb/v7e-m+dp/hard/libm.a(libm_a-math_errf.o)
 .text.__math_invalidf
                0x080144c8       0x20 /opt/st/stm32cubeide_2.1.0/plugins/com.st.stm32cube.ide.mcu.externaltools.gnu-tools-for-stm32.14.3.rel1.linux64_1.0.100.202602081740/tools/bin/../lib/gcc/arm-none-eabi/14.3.1/../../../../arm-none-eabi/lib/thumb/v7e-m+dp/hard/libm.a(libm_a-math_errf.o)
                0x080144c8                __math_invalidf
 .text.__ieee754_sqrtf
                0x080144e8        0x8 /opt/st/stm32cubeide_2.1.0/plugins/com.st.stm32cube.ide.mcu.externaltools.gnu-tools-for-stm32.14.3.rel1.linux64_1.0.100.202602081740/tools/bin/../lib/gcc/arm-none-eabi/14.3.1/../../../../arm-none-eabi/lib/thumb/v7e-m+dp/hard/libm.a(libm_a-ef_sqrt.o)
                0x080144e8                __ieee754_sqrtf
 .text.__ieee754_asinf
                0x080144f0      0x1f4 /opt/st/stm32cubeide_2.1.0/plugins/com.st.stm32cube.ide.mcu.externaltools.gnu-tools-for-stm32.14.3.rel1.linux64_1.0.100.202602081740/tools/bin/../lib/gcc/arm-none-eabi/14.3.1/../../../../arm-none-eabi/lib/thumb/v7e-m+dp/hard/libm.a(libm_a-ef_asin.o)
                0x080144f0                __ieee754_asinf
 .text.__ieee754_atan2f
                0x080146e4      0x14c /opt/st/stm32cubeide_2.1.0/plugins/com.st.stm32cube.ide.mcu.externaltools.gnu-tools-for-stm32.14.3.rel1.linux64_1.0.100.202602081740/tools/bin/../lib/gcc/arm-none-eabi/14.3.1/../../../../arm-none-eabi/lib/thumb/v7e-m+dp/hard/libm.a(libm_a-ef_atan2.o)
                0x080146e4                __ieee754_atan2f
 .text.atanf    0x08014830      0x1a4 /opt/st/stm32cubeide_2.1.0/plugins/com.st.stm32cube.ide.mcu.externaltools.gnu-tools-for-stm32.14.3.rel1.linux64_1.0.100.202602081740/tools/bin/../lib/gcc/arm-none-eabi/14.3.1/../../../../arm-none-eabi/lib/thumb/v7e-m+dp/hard/libm.a(libm_a-sf_atan.o)
                0x08014830                atanf
 *(.glue_7)
 .glue_7        0x080149d4        0x0 linker stubs
 *(.glue_7t)
 .glue_7t       0x080149d4        0x0 linker stubs
 *(.eh_frame)
 .eh_frame      0x080149d4        0x0 /opt/st/stm32cubeide_2.1.0/plugins/com.st.stm32cube.ide.mcu.externaltools.gnu-tools-for-stm32.14.3.rel1.linux64_1.0.100.202602081740/tools/bin/../lib/gcc/arm-none-eabi/14.3.1/thumb/v7e-m+dp/hard/crtbegin.o
 *(.init)
 .init          0x080149d4        0x4 /opt/st/stm32cubeide_2.1.0/plugins/com.st.stm32cube.ide.mcu.externaltools.gnu-tools-for-stm32.14.3.rel1.linux64_1.0.100.202602081740/tools/bin/../lib/gcc/arm-none-eabi/14.3.1/thumb/v7e-m+dp/hard/crti.o
                0x080149d4                _init
 .init          0x080149d8        0x8 /opt/st/stm32cubeide_2.1.0/plugins/com.st.stm32cube.ide.mcu.externaltools.gnu-tools-for-stm32.14.3.rel1.linux64_1.0.100.202602081740/tools/bin/../lib/gcc/arm-none-eabi/14.3.1/thumb/v7e-m+dp/hard/crtn.o
 *(.fini)
 .fini          0x080149e0        0x4 /opt/st/stm32cubeide_2.1.0/plugins/com.st.stm32cube.ide.mcu.externaltools.gnu-tools-for-stm32.14.3.rel1.linux64_1.0.100.202602081740/tools/bin/../lib/gcc/arm-none-eabi/14.3.1/thumb/v7e-m+dp/hard/crti.o
                0x080149e0                _fini
 .fini          0x080149e4        0x8 /opt/st/stm32cubeide_2.1.0/plugins/com.st.stm32cube.ide.mcu.externaltools.gnu-tools-for-stm32.14.3.rel1.linux64_1.0.100.202602081740/tools/bin/../lib/gcc/arm-none-eabi/14.3.1/thumb/v7e-m+dp/hard/crtn.o
                0x080149ec                        . = ALIGN (0x4)
                0x080149ec                        _etext = .

.vfp11_veneer   0x080149ec        0x0
 .vfp11_veneer  0x080149ec        0x0 linker stubs

.v4_bx          0x080149ec        0x0
 .v4_bx         0x080149ec        0x0 linker stubs

.iplt           0x080149ec        0x0
 .iplt          0x080149ec        0x0 /opt/st/stm32cubeide_2.1.0/plugins/com.st.stm32cube.ide.mcu.externaltools.gnu-tools-for-stm32.14.3.rel1.linux64_1.0.100.202602081740/tools/bin/../lib/gcc/arm-none-eabi/14.3.1/thumb/v7e-m+dp/hard/crtbegin.o

.rodata         0x080149f0      0x3b0
                0x080149f0                        . = ALIGN (0x4)
 *(.rodata)
 .rodata        0x080149f0        0x8 ./Components/DroneControl/Src/drone_control.o
 *(.rodata*)
 .rodata.mahony9_config
                0x080149f8       0x1c ./Components/App/Src/app.o
 .rodata.App_FlushControlUartLog.str1.4
                0x08014a14      0x192 ./Components/App/Src/app.o
                                  0xf (size before relaxing)
 .rodata.App_TryInitICM20948.str1.4
                0x08014ba6      0x111 ./Components/App/Src/app.o
 .rodata.App_CalibrateGyro.str1.4
                0x08014ba6       0x25 ./Components/App/Src/app.o
 *fill*         0x08014ba6        0x2 
 .rodata.hex.0  0x08014ba8       0x11 ./Components/App/Src/app.o
 *fill*         0x08014bb9        0x3 
 .rodata.D1CorePrescTable
                0x08014bbc       0x10 ./Core/Src/system_stm32h7xx.o
                0x08014bbc                D1CorePrescTable
 .rodata.UARTPrescTable
                0x08014bcc       0x18 ./Drivers/STM32H7xx_HAL_Driver/Src/stm32h7xx_hal_uart.o
                0x08014bcc                UARTPrescTable
 .rodata.numerator.1
                0x08014be4        0x8 ./Drivers/STM32H7xx_HAL_Driver/Src/stm32h7xx_hal_uart_ex.o
 .rodata.denominator.0
                0x08014bec        0x8 ./Drivers/STM32H7xx_HAL_Driver/Src/stm32h7xx_hal_uart_ex.o
 .rodata.USBD_FS_ProductStrDescriptor.str1.4
                0x08014bf4       0x16 ./USB_DEVICE/App/usbd_desc.o
 .rodata.USBD_FS_ManufacturerStrDescriptor.str1.4
                0x08014bf4       0x13 ./USB_DEVICE/App/usbd_desc.o
 .rodata.USBD_FS_ConfigStrDescriptor.str1.4
                0x08014bf4        0xb ./USB_DEVICE/App/usbd_desc.o
 .rodata.USBD_FS_InterfaceStrDescriptor.str1.4
                0x08014bf4        0xe ./USB_DEVICE/App/usbd_desc.o
 .rodata._svfprintf_r.str1.1
                0x08014bf4       0x33 /opt/st/stm32cubeide_2.1.0/plugins/com.st.stm32cube.ide.mcu.externaltools.gnu-tools-for-stm32.14.3.rel1.linux64_1.0.100.202602081740/tools/bin/../lib/gcc/arm-none-eabi/14.3.1/../../../../arm-none-eabi/lib/thumb/v7e-m+dp/hard/libc_nano.a(libc_a-nano-svfprintf.o)
                                 0x11 (size before relaxing)
 .rodata._printf_i.str1.1
                0x08014c27       0x22 /opt/st/stm32cubeide_2.1.0/plugins/com.st.stm32cube.ide.mcu.externaltools.gnu-tools-for-stm32.14.3.rel1.linux64_1.0.100.202602081740/tools/bin/../lib/gcc/arm-none-eabi/14.3.1/../../../../arm-none-eabi/lib/thumb/v7e-m+dp/hard/libc_nano.a(libc_a-nano-vfprintf_i.o)
 .rodata.asinf.str1.4
                0x08014c27        0x1 /opt/st/stm32cubeide_2.1.0/plugins/com.st.stm32cube.ide.mcu.externaltools.gnu-tools-for-stm32.14.3.rel1.linux64_1.0.100.202602081740/tools/bin/../lib/gcc/arm-none-eabi/14.3.1/../../../../arm-none-eabi/lib/thumb/v7e-m+dp/hard/libm.a(libm_a-wf_asin.o)
 *fill*         0x08014c27        0x1 
 .rodata.__inv_pio4
                0x08014c28       0x60 /opt/st/stm32cubeide_2.1.0/plugins/com.st.stm32cube.ide.mcu.externaltools.gnu-tools-for-stm32.14.3.rel1.linux64_1.0.100.202602081740/tools/bin/../lib/gcc/arm-none-eabi/14.3.1/../../../../arm-none-eabi/lib/thumb/v7e-m+dp/hard/libm.a(libm_a-sincosf_data.o)
                0x08014c28                __inv_pio4
 .rodata.__sincosf_table
                0x08014c88       0xe0 /opt/st/stm32cubeide_2.1.0/plugins/com.st.stm32cube.ide.mcu.externaltools.gnu-tools-for-stm32.14.3.rel1.linux64_1.0.100.202602081740/tools/bin/../lib/gcc/arm-none-eabi/14.3.1/../../../../arm-none-eabi/lib/thumb/v7e-m+dp/hard/libm.a(libm_a-sincosf_data.o)
                0x08014c88                __sincosf_table
 .rodata.CSWTCH.9
                0x08014d68        0xc /opt/st/stm32cubeide_2.1.0/plugins/com.st.stm32cube.ide.mcu.externaltools.gnu-tools-for-stm32.14.3.rel1.linux64_1.0.100.202602081740/tools/bin/../lib/gcc/arm-none-eabi/14.3.1/../../../../arm-none-eabi/lib/thumb/v7e-m+dp/hard/libm.a(libm_a-ef_atan2.o)
 .rodata.CSWTCH.8
                0x08014d74        0xc /opt/st/stm32cubeide_2.1.0/plugins/com.st.stm32cube.ide.mcu.externaltools.gnu-tools-for-stm32.14.3.rel1.linux64_1.0.100.202602081740/tools/bin/../lib/gcc/arm-none-eabi/14.3.1/../../../../arm-none-eabi/lib/thumb/v7e-m+dp/hard/libm.a(libm_a-ef_atan2.o)
 .rodata.atanlo
                0x08014d80       0x10 /opt/st/stm32cubeide_2.1.0/plugins/com.st.stm32cube.ide.mcu.externaltools.gnu-tools-for-stm32.14.3.rel1.linux64_1.0.100.202602081740/tools/bin/../lib/gcc/arm-none-eabi/14.3.1/../../../../arm-none-eabi/lib/thumb/v7e-m+dp/hard/libm.a(libm_a-sf_atan.o)
 .rodata.atanhi
                0x08014d90       0x10 /opt/st/stm32cubeide_2.1.0/plugins/com.st.stm32cube.ide.mcu.externaltools.gnu-tools-for-stm32.14.3.rel1.linux64_1.0.100.202602081740/tools/bin/../lib/gcc/arm-none-eabi/14.3.1/../../../../arm-none-eabi/lib/thumb/v7e-m+dp/hard/libm.a(libm_a-sf_atan.o)
                0x08014da0                        . = ALIGN (0x4)

.ARM.extab
 *(.ARM.extab* .gnu.linkonce.armextab.*)

.ARM            0x08014da0        0x8
                0x08014da0                        __exidx_start = .
 *(.ARM.exidx*)
 .ARM.exidx     0x08014da0        0x8 /opt/st/stm32cubeide_2.1.0/plugins/com.st.stm32cube.ide.mcu.externaltools.gnu-tools-for-stm32.14.3.rel1.linux64_1.0.100.202602081740/tools/bin/../lib/gcc/arm-none-eabi/14.3.1/../../../../arm-none-eabi/lib/thumb/v7e-m+dp/hard/libc_nano.a(libc_a-memchr.o)
 .ARM.exidx     0x08014da8        0x0 /opt/st/stm32cubeide_2.1.0/plugins/com.st.stm32cube.ide.mcu.externaltools.gnu-tools-for-stm32.14.3.rel1.linux64_1.0.100.202602081740/tools/bin/../lib/gcc/arm-none-eabi/14.3.1/thumb/v7e-m+dp/hard/libgcc.a(_udivmoddi4.o)
                                  0x8 (size before relaxing)
                0x08014da8                        __exidx_end = .

.preinit_array  0x08014da8        0x0
                0x08014da8                        PROVIDE (__preinit_array_start = .)
 *(.preinit_array*)
                0x08014da8                        PROVIDE (__preinit_array_end = .)

.init_array     0x08014da8        0x4
                0x08014da8                        PROVIDE (__init_array_start = .)
 *(SORT_BY_NAME(.init_array.*))
 *(.init_array*)
 .init_array    0x08014da8        0x4 /opt/st/stm32cubeide_2.1.0/plugins/com.st.stm32cube.ide.mcu.externaltools.gnu-tools-for-stm32.14.3.rel1.linux64_1.0.100.202602081740/tools/bin/../lib/gcc/arm-none-eabi/14.3.1/thumb/v7e-m+dp/hard/crtbegin.o
                0x08014dac                        PROVIDE (__init_array_end = .)

.fini_array     0x08014dac        0x4
                [!provide]                        PROVIDE (__fini_array_start = .)
 *(SORT_BY_NAME(.fini_array.*))
 *(.fini_array*)