Archive member included to satisfy reference by file (symbol)

/usr/lib/gcc/arm-none-eabi/14.2.1/../../../arm-none-eabi/lib/thumb/v7e-m+dp/hard/libc_nano.a(libc_a-errno.o)
                              ./Core/Src/syscalls.o (__errno)
/usr/lib/gcc/arm-none-eabi/14.2.1/../../../arm-none-eabi/lib/thumb/v7e-m+dp/hard/libc_nano.a(libc_a-init.o)
                              /usr/lib/gcc/arm-none-eabi/14.2.1/../../../arm-none-eabi/lib/thumb/v7e-m+dp/hard/crt0.o (__libc_init_array)
/usr/lib/gcc/arm-none-eabi/14.2.1/../../../arm-none-eabi/lib/thumb/v7e-m+dp/hard/libc_nano.a(libc_a-memset.o)
                              /usr/lib/gcc/arm-none-eabi/14.2.1/../../../arm-none-eabi/lib/thumb/v7e-m+dp/hard/crt0.o (memset)
/usr/lib/gcc/arm-none-eabi/14.2.1/../../../arm-none-eabi/lib/thumb/v7e-m+dp/hard/libc_nano.a(libc_a-impure.o)
                              /usr/lib/gcc/arm-none-eabi/14.2.1/../../../arm-none-eabi/lib/thumb/v7e-m+dp/hard/libc_nano.a(libc_a-errno.o) (_impure_ptr)
/usr/lib/gcc/arm-none-eabi/14.2.1/../../../arm-none-eabi/lib/thumb/v7e-m+dp/hard/libc_nano.a(libc_a-exit.o)
                              /usr/lib/gcc/arm-none-eabi/14.2.1/../../../arm-none-eabi/lib/thumb/v7e-m+dp/hard/crt0.o (exit)
/usr/lib/gcc/arm-none-eabi/14.2.1/../../../arm-none-eabi/lib/thumb/v7e-m+dp/hard/libc_nano.a(libc_a-atexit.o)
                              /usr/lib/gcc/arm-none-eabi/14.2.1/../../../arm-none-eabi/lib/thumb/v7e-m+dp/hard/crt0.o (atexit)
/usr/lib/gcc/arm-none-eabi/14.2.1/../../../arm-none-eabi/lib/thumb/v7e-m+dp/hard/libc_nano.a(libc_a-snprintf.o)
                              ./Components/App/Src/app.o (snprintf)
/usr/lib/gcc/arm-none-eabi/14.2.1/../../../arm-none-eabi/lib/thumb/v7e-m+dp/hard/libc_nano.a(libc_a-fini.o)
                              /usr/lib/gcc/arm-none-eabi/14.2.1/../../../arm-none-eabi/lib/thumb/v7e-m+dp/hard/crt0.o (__libc_fini_array)
/usr/lib/gcc/arm-none-eabi/14.2.1/../../../arm-none-eabi/lib/thumb/v7e-m+dp/hard/libc_nano.a(libc_a-nano-svfprintf.o)
                              /usr/lib/gcc/arm-none-eabi/14.2.1/../../../arm-none-eabi/lib/thumb/v7e-m+dp/hard/libc_nano.a(libc_a-snprintf.o) (_svfprintf_r)
/usr/lib/gcc/arm-none-eabi/14.2.1/../../../arm-none-eabi/lib/thumb/v7e-m+dp/hard/libc_nano.a(libc_a-findfp.o)
                              /usr/lib/gcc/arm-none-eabi/14.2.1/../../../arm-none-eabi/lib/thumb/v7e-m+dp/hard/libc_nano.a(libc_a-exit.o) (__stdio_exit_handler)
/usr/lib/gcc/arm-none-eabi/14.2.1/../../../arm-none-eabi/lib/thumb/v7e-m+dp/hard/libc_nano.a(libc_a-fflush.o)
                              /usr/lib/gcc/arm-none-eabi/14.2.1/../../../arm-none-eabi/lib/thumb/v7e-m+dp/hard/libc_nano.a(libc_a-findfp.o) (_fflush_r)
/usr/lib/gcc/arm-none-eabi/14.2.1/../../../arm-none-eabi/lib/thumb/v7e-m+dp/hard/libc_nano.a(libc_a-mallocr.o)
                              /usr/lib/gcc/arm-none-eabi/14.2.1/../../../arm-none-eabi/lib/thumb/v7e-m+dp/hard/libc_nano.a(libc_a-nano-svfprintf.o) (_malloc_r)
/usr/lib/gcc/arm-none-eabi/14.2.1/../../../arm-none-eabi/lib/thumb/v7e-m+dp/hard/libc_nano.a(libc_a-memcpy.o)
                              /usr/lib/gcc/arm-none-eabi/14.2.1/../../../arm-none-eabi/lib/thumb/v7e-m+dp/hard/libc_nano.a(libc_a-nano-svfprintf.o) (memcpy)
/usr/lib/gcc/arm-none-eabi/14.2.1/../../../arm-none-eabi/lib/thumb/v7e-m+dp/hard/libc_nano.a(libc_a-freer.o)
                              /usr/lib/gcc/arm-none-eabi/14.2.1/../../../arm-none-eabi/lib/thumb/v7e-m+dp/hard/libc_nano.a(libc_a-nano-svfprintf.o) (_free_r)
/usr/lib/gcc/arm-none-eabi/14.2.1/../../../arm-none-eabi/lib/thumb/v7e-m+dp/hard/libc_nano.a(libc_a-fwalk.o)
                              /usr/lib/gcc/arm-none-eabi/14.2.1/../../../arm-none-eabi/lib/thumb/v7e-m+dp/hard/libc_nano.a(libc_a-findfp.o) (_fwalk_sglue)
/usr/lib/gcc/arm-none-eabi/14.2.1/../../../arm-none-eabi/lib/thumb/v7e-m+dp/hard/libc_nano.a(libc_a-__atexit.o)
                              /usr/lib/gcc/arm-none-eabi/14.2.1/../../../arm-none-eabi/lib/thumb/v7e-m+dp/hard/libc_nano.a(libc_a-atexit.o) (__register_exitproc)
/usr/lib/gcc/arm-none-eabi/14.2.1/../../../arm-none-eabi/lib/thumb/v7e-m+dp/hard/libc_nano.a(libc_a-reallocr.o)
                              /usr/lib/gcc/arm-none-eabi/14.2.1/../../../arm-none-eabi/lib/thumb/v7e-m+dp/hard/libc_nano.a(libc_a-nano-svfprintf.o) (_realloc_r)
/usr/lib/gcc/arm-none-eabi/14.2.1/../../../arm-none-eabi/lib/thumb/v7e-m+dp/hard/libc_nano.a(libc_a-nano-vfprintf_i.o)
                              /usr/lib/gcc/arm-none-eabi/14.2.1/../../../arm-none-eabi/lib/thumb/v7e-m+dp/hard/libc_nano.a(libc_a-nano-svfprintf.o) (_printf_i)
/usr/lib/gcc/arm-none-eabi/14.2.1/../../../arm-none-eabi/lib/thumb/v7e-m+dp/hard/libc_nano.a(libc_a-mlock.o)
                              /usr/lib/gcc/arm-none-eabi/14.2.1/../../../arm-none-eabi/lib/thumb/v7e-m+dp/hard/libc_nano.a(libc_a-mallocr.o) (__malloc_lock)
/usr/lib/gcc/arm-none-eabi/14.2.1/../../../arm-none-eabi/lib/thumb/v7e-m+dp/hard/libc_nano.a(libc_a-memchr.o)
[...]
Memory Configuration

Name             Origin             Length             Attributes
FLASH            0x08000000         0x00200000         xr
DTCMRAM          0x20000000         0x00020000         xrw
RAM_D1           0x24000000         0x00080000         xrw
RAM_D2           0x30000000         0x00048000         xrw
RAM_D3           0x38000000         0x00010000         xrw
ITCMRAM          0x00000000         0x00010000         xrw
*default*        0x00000000         0xffffffff

Linker script and memory map

LOAD /usr/lib/gcc/arm-none-eabi/14.2.1/thumb/v7e-m+dp/hard/crti.o
LOAD /usr/lib/gcc/arm-none-eabi/14.2.1/thumb/v7e-m+dp/hard/crtbegin.o
LOAD /usr/lib/gcc/arm-none-eabi/14.2.1/../../../arm-none-eabi/lib/thumb/v7e-m+dp/hard/crt0.o
LOAD ./Components/App/Src/app.o
LOAD ./Components/Attitude/Src/attitude.o
LOAD ./Components/ICM20948/Src/icm20948.o
LOAD ./Components/Mahony/Src/mahony.o
LOAD ./Components/Mahony9/Src/mahony9.o
LOAD ./Core/Src/main.o
LOAD ./Core/Src/stm32h7xx_hal_msp.o
LOAD ./Core/Src/stm32h7xx_it.o
LOAD ./Core/Src/syscalls.o
LOAD ./Core/Src/sysmem.o
LOAD ./Core/Src/system_stm32h7xx.o
LOAD ./Core/Startup/startup_stm32h743xihx.o
LOAD ./Drivers/STM32H7xx_HAL_Driver/Src/stm32h7xx_hal.o
LOAD ./Drivers/STM32H7xx_HAL_Driver/Src/stm32h7xx_hal_cortex.o
LOAD ./Drivers/STM32H7xx_HAL_Driver/Src/stm32h7xx_hal_dma.o
LOAD ./Drivers/STM32H7xx_HAL_Driver/Src/stm32h7xx_hal_dma_ex.o
LOAD ./Drivers/STM32H7xx_HAL_Driver/Src/stm32h7xx_hal_exti.o
LOAD ./Drivers/STM32H7xx_HAL_Driver/Src/stm32h7xx_hal_flash.o
LOAD ./Drivers/STM32H7xx_HAL_Driver/Src/stm32h7xx_hal_flash_ex.o
LOAD ./Drivers/STM32H7xx_HAL_Driver/Src/stm32h7xx_hal_gpio.o
LOAD ./Drivers/STM32H7xx_HAL_Driver/Src/stm32h7xx_hal_hsem.o
LOAD ./Drivers/STM32H7xx_HAL_Driver/Src/stm32h7xx_hal_i2c.o
LOAD ./Drivers/STM32H7xx_HAL_Driver/Src/stm32h7xx_hal_i2c_ex.o
LOAD ./Drivers/STM32H7xx_HAL_Driver/Src/stm32h7xx_hal_mdma.o
LOAD ./Drivers/STM32H7xx_HAL_Driver/Src/stm32h7xx_hal_pcd.o
LOAD ./Drivers/STM32H7xx_HAL_Driver/Src/stm32h7xx_hal_pcd_ex.o
LOAD ./Drivers/STM32H7xx_HAL_Driver/Src/stm32h7xx_hal_pwr.o
LOAD ./Drivers/STM32H7xx_HAL_Driver/Src/stm32h7xx_hal_pwr_ex.o
LOAD ./Drivers/STM32H7xx_HAL_Driver/Src/stm32h7xx_hal_rcc.o
LOAD ./Drivers/STM32H7xx_HAL_Driver/Src/stm32h7xx_hal_rcc_ex.o
LOAD ./Drivers/STM32H7xx_HAL_Driver/Src/stm32h7xx_hal_spi.o
LOAD ./Drivers/STM32H7xx_HAL_Driver/Src/stm32h7xx_hal_spi_ex.o
LOAD ./Drivers/STM32H7xx_HAL_Driver/Src/stm32h7xx_hal_tim.o
LOAD ./Drivers/STM32H7xx_HAL_Driver/Src/stm32h7xx_hal_tim_ex.o
LOAD ./Drivers/STM32H7xx_HAL_Driver/Src/stm32h7xx_hal_uart.o
LOAD ./Drivers/STM32H7xx_HAL_Driver/Src/stm32h7xx_hal_uart_ex.o
LOAD ./Drivers/STM32H7xx_HAL_Driver/Src/stm32h7xx_ll_usb.o
LOAD ./Middlewares/ST/STM32_USB_Device_Library/Class/CDC/Src/usbd_cdc.o
LOAD ./Middlewares/ST/STM32_USB_Device_Library/Core/Src/usbd_core.o
LOAD ./Middlewares/ST/STM32_USB_Device_Library/Core/Src/usbd_ctlreq.o
LOAD ./Middlewares/ST/STM32_USB_Device_Library/Core/Src/usbd_ioreq.o
LOAD ./USB_DEVICE/App/usb_device.o
LOAD ./USB_DEVICE/App/usbd_cdc_if.o
LOAD ./USB_DEVICE/App/usbd_desc.o
LOAD ./USB_DEVICE/Target/usbd_conf.o
START GROUP
LOAD /usr/lib/gcc/arm-none-eabi/14.2.1/../../../arm-none-eabi/lib/thumb/v7e-m+dp/hard/libc_nano.a
LOAD /usr/lib/gcc/arm-none-eabi/14.2.1/../../../arm-none-eabi/lib/thumb/v7e-m+dp/hard/libm.a
END GROUP
START GROUP
LOAD /usr/lib/gcc/arm-none-eabi/14.2.1/thumb/v7e-m+dp/hard/libgcc.a
LOAD /usr/lib/gcc/arm-none-eabi/14.2.1/../../../arm-none-eabi/lib/thumb/v7e-m+dp/hard/libc_nano.a
END GROUP
START GROUP
LOAD /usr/lib/gcc/arm-none-eabi/14.2.1/thumb/v7e-m+dp/hard/libgcc.a
LOAD /usr/lib/gcc/arm-none-eabi/14.2.1/../../../arm-none-eabi/lib/thumb/v7e-m+dp/hard/libc_nano.a
LOAD /usr/lib/gcc/arm-none-eabi/14.2.1/../../../arm-none-eabi/lib/thumb/v7e-m+dp/hard/libnosys.a
END GROUP
START GROUP
LOAD /usr/lib/gcc/arm-none-eabi/14.2.1/thumb/v7e-m+dp/hard/libgcc.a
LOAD /usr/lib/gcc/arm-none-eabi/14.2.1/../../../arm-none-eabi/lib/thumb/v7e-m+dp/hard/libc_nano.a
LOAD /usr/lib/gcc/arm-none-eabi/14.2.1/../../../arm-none-eabi/lib/thumb/v7e-m+dp/hard/libnosys.a
END GROUP
LOAD /usr/lib/gcc/arm-none-eabi/14.2.1/thumb/v7e-m+dp/hard/crtend.o
LOAD /usr/lib/gcc/arm-none-eabi/14.2.1/thumb/v7e-m+dp/hard/crtn.o
                0x24080000                        _estack = (ORIGIN (RAM_D1) + LENGTH (RAM_D1))
                0x00000200                        _Min_Heap_Size = 0x200
                0x00000400                        _Min_Stack_Size = 0x400

.isr_vector     0x08000000      0x298
                0x08000000                        . = ALIGN (0x4)
 *(.isr_vector)
 .isr_vector    0x08000000      0x298 ./Core/Startup/startup_stm32h743xihx.o
                0x08000000                g_pfnVectors
                0x08000298                        . = ALIGN (0x4)

.text           0x080002a0    0x10b44
                0x080002a0                        . = ALIGN (0x4)
 *(.text)
 .text          0x080002a0       0x88 /usr/lib/gcc/arm-none-eabi/14.2.1/thumb/v7e-m+dp/hard/crtbegin.o
 .text          0x08000328        0xc /usr/lib/gcc/arm-none-eabi/14.2.1/../../../arm-none-eabi/lib/thumb/v7e-m+dp/hard/libc_nano.a(libc_a-errno.o)
                0x08000328                __errno
 .text          0x08000334       0x50 /usr/lib/gcc/arm-none-eabi/14.2.1/../../../arm-none-eabi/lib/thumb/v7e-m+dp/hard/libc_nano.a(libc_a-init.o)
                0x08000334                __libc_init_array
 .text          0x08000384       0xa4 /usr/lib/gcc/arm-none-eabi/14.2.1/../../../arm-none-eabi/lib/thumb/v7e-m+dp/hard/libc_nano.a(libc_a-memset.o)
                0x08000384                memset
 .text          0x08000428      0x114 /usr/lib/gcc/arm-none-eabi/14.2.1/../../../arm-none-eabi/lib/thumb/v7e-m+dp/hard/libc_nano.a(libc_a-snprintf.o)
                0x08000428                _sniprintf_r
                0x08000428                _snprintf_r
                0x080004ac                snprintf
                0x080004ac                sniprintf
 .text          0x0800053c      0x400 /usr/lib/gcc/arm-none-eabi/14.2.1/../../../arm-none-eabi/lib/thumb/v7e-m+dp/hard/libc_nano.a(libc_a-nano-svfprintf.o)
                0x0800053c                __ssputs_r
                0x080005fc                __ssprint_r
                0x08000704                _svfprintf_r
                0x08000704                _svfiprintf_r
 .text          0x0800093c      0x148 /usr/lib/gcc/arm-none-eabi/14.2.1/../../../arm-none-eabi/lib/thumb/v7e-m+dp/hard/libc_nano.a(libc_a-mallocr.o)
                0x08000984                _malloc_r
 .text          0x08000a84      0x134 /usr/lib/gcc/arm-none-eabi/14.2.1/../../../arm-none-eabi/lib/thumb/v7e-m+dp/hard/libc_nano.a(libc_a-memcpy.o)
                0x08000a84                memcpy
 .text          0x08000bb8       0xbc /usr/lib/gcc/arm-none-eabi/14.2.1/../../../arm-none-eabi/lib/thumb/v7e-m+dp/hard/libc_nano.a(libc_a-freer.o)
                0x08000bb8                _free_r
 .text          0x08000c74       0x64 /usr/lib/gcc/arm-none-eabi/14.2.1/../../../arm-none-eabi/lib/thumb/v7e-m+dp/hard/libc_nano.a(libc_a-reallocr.o)
                0x08000c74                _realloc_r
 .text          0x08000cd8      0x3a8 /usr/lib/gcc/arm-none-eabi/14.2.1/../../../arm-none-eabi/lib/thumb/v7e-m+dp/hard/libc_nano.a(libc_a-nano-vfprintf_i.o)
                0x08000cd8                _printf_common
                0x08000dfc                _printf_i
 .text          0x08001080        0x8 /usr/lib/gcc/arm-none-eabi/14.2.1/../../../arm-none-eabi/lib/thumb/v7e-m+dp/hard/libc_nano.a(libc_a-mlock.o)
                0x08001080                __malloc_lock
                0x08001084                __malloc_unlock
 *fill*         0x08001088        0x8 
 .text          0x08001090       0xa0 /usr/lib/gcc/arm-none-eabi/14.2.1/../../../arm-none-eabi/lib/thumb/v7e-m+dp/hard/libc_nano.a(libc_a-memchr.o)
                0x08001090                memchr
 .text          0x08001130      0x100 /usr/lib/gcc/arm-none-eabi/14.2.1/../../../arm-none-eabi/lib/thumb/v7e-m+dp/hard/libc_nano.a(libc_a-memmove.o)
                0x08001130                memmove
 .text          0x08001230       0x24 /usr/lib/gcc/arm-none-eabi/14.2.1/../../../arm-none-eabi/lib/thumb/v7e-m+dp/hard/libc_nano.a(libc_a-sbrkr.o)
                0x08001230                _sbrk_r
 .text          0x08001254       0x10 /usr/lib/gcc/arm-none-eabi/14.2.1/../../../arm-none-eabi/lib/thumb/v7e-m+dp/hard/libc_nano.a(libc_a-msizer.o)
                0x08001254                _malloc_usable_size_r
 *fill*         0x08001264        0x4 
 .text          0x08001268      0x1dc /usr/lib/gcc/arm-none-eabi/14.2.1/../../../arm-none-eabi/lib/thumb/v7e-m+dp/hard/libm.a(libm_a-sinf.o)
                0x08001268                sinf
 .text          0x08001444       0x44 /usr/lib/gcc/arm-none-eabi/14.2.1/../../../arm-none-eabi/lib/thumb/v7e-m+dp/hard/libm.a(libm_a-wf_sqrt.o)
                0x08001444                sqrtf
 .text          0x08001488        0x4 /usr/lib/gcc/arm-none-eabi/14.2.1/../../../arm-none-eabi/lib/thumb/v7e-m+dp/hard/libm.a(libm_a-wf_atan2.o)
                0x08001488                atan2f
 .text          0x0800148c       0x98 /usr/lib/gcc/arm-none-eabi/14.2.1/../../../arm-none-eabi/lib/thumb/v7e-m+dp/hard/libm.a(libm_a-math_errf.o)
                0x080014c4                __math_uflowf
                0x080014d0                __math_may_uflowf
                0x080014dc                __math_oflowf
                0x080014e8                __math_divzerof
                0x08001508                __math_invalidf
 *fill*         0x08001524        0x4 
 .text          0x08001528      0x1d4 /usr/lib/gcc/arm-none-eabi/14.2.1/../../../arm-none-eabi/lib/thumb/v7e-m+dp/hard/libm.a(libm_a-cosf.o)
                0x08001528                cosf
 .text          0x080016fc       0x58 /usr/lib/gcc/arm-none-eabi/14.2.1/../../../arm-none-eabi/lib/thumb/v7e-m+dp/hard/libm.a(libm_a-wf_asin.o)
                0x080016fc                asinf
 .text          0x08001754      0x1f8 /usr/lib/gcc/arm-none-eabi/14.2.1/../../../arm-none-eabi/lib/thumb/v7e-m+dp/hard/libm.a(libm_a-ef_asin.o)
                0x08001754                __ieee754_asinf
 .text          0x0800194c      0x148 /usr/lib/gcc/arm-none-eabi/14.2.1/../../../arm-none-eabi/lib/thumb/v7e-m+dp/hard/libm.a(libm_a-ef_atan2.o)
                0x0800194c                __ieee754_atan2f
 .text          0x08001a94      0x19c /usr/lib/gcc/arm-none-eabi/14.2.1/../../../arm-none-eabi/lib/thumb/v7e-m+dp/hard/libm.a(libm_a-sf_atan.o)
                0x08001a94                atanf
 .text          0x08001c30       0x10 /usr/lib/gcc/arm-none-eabi/14.2.1/../../../arm-none-eabi/lib/thumb/v7e-m+dp/hard/libm.a(libm_a-sf_fabs.o)
                0x08001c30                fabsf
 .text          0x08001c40        0x8 /usr/lib/gcc/arm-none-eabi/14.2.1/../../../arm-none-eabi/lib/thumb/v7e-m+dp/hard/libm.a(libm_a-ef_sqrt.o)
                0x08001c40                __ieee754_sqrtf
 .text          0x08001c48        0xc /usr/lib/gcc/arm-none-eabi/14.2.1/../../../arm-none-eabi/lib/thumb/v7e-m+dp/hard/libm.a(libm_a-sf_nan.o)
                0x08001c48                nanf
 .text          0x08001c54      0x378 /usr/lib/gcc/arm-none-eabi/14.2.1/thumb/v7e-m+dp/hard/libgcc.a(_arm_addsubdf3.o)
                0x08001c54                __aeabi_drsub
                0x08001c5c                __aeabi_dsub
                0x08001c5c                __subdf3
                0x08001c60                __adddf3
                0x08001c60                __aeabi_dadd
                0x08001ed8                __aeabi_ui2d
                0x08001ed8                __floatunsidf
                0x08001ef8                __floatsidf
                0x08001ef8                __aeabi_i2d
                0x08001f1c                __extendsfdf2
                0x08001f1c                __aeabi_f2d
                0x08001f60                __aeabi_ul2d
                0x08001f60                __floatundidf
                0x08001f70                __floatdidf
                0x08001f70                __aeabi_l2d
 .text          0x08001fcc       0xa0 /usr/lib/gcc/arm-none-eabi/14.2.1/thumb/v7e-m+dp/hard/libgcc.a(_aeabi_ldivmod.o)
                0x08001fcc                __aeabi_ldivmod
 .text          0x0800206c       0x30 /usr/lib/gcc/arm-none-eabi/14.2.1/thumb/v7e-m+dp/hard/libgcc.a(_aeabi_uldivmod.o)
                0x0800206c                __aeabi_uldivmod
 .text          0x0800209c      0x2f8 /usr/lib/gcc/arm-none-eabi/14.2.1/thumb/v7e-m+dp/hard/libgcc.a(_udivmoddi4.o)
                0x0800209c                __udivmoddi4
 .text          0x08002394        0x4 /usr/lib/gcc/arm-none-eabi/14.2.1/thumb/v7e-m+dp/hard/libgcc.a(_dvmd_tls.o)
                0x08002394                __aeabi_ldiv0
                0x08002394                __aeabi_idiv0
 *(.text*)
 .text.App_SetSpi
                0x08002398       0x38 ./Components/App/Src/app.o
                0x08002398                App_SetSpi
 .text.App_SetUsbTransmit
                0x080023d0       0x20 ./Components/App/Src/app.o
                0x080023d0                App_SetUsbTransmit
 .text.App_SetActivityLed
                0x080023f0       0x2c ./Components/App/Src/app.o
                0x080023f0                App_SetActivityLed
 .text.App_Init
                0x0800241c       0x80 ./Components/App/Src/app.o
                0x0800241c                App_Init
 .text.App_Process
                0x0800249c       0xc0 ./Components/App/Src/app.o
                0x0800249c                App_Process
 .text.App_TryInitICM20948
                0x0800255c      0x194 ./Components/App/Src/app.o
 .text.App_CalibrateGyro
                0x080026f0      0x1cc ./Components/App/Src/app.o
 .text.App_UpdateAttitude
                0x080028bc      0x2e0 ./Components/App/Src/app.o
 .text.App_UpdateMagnetometer
                0x08002b9c       0xfc ./Components/App/Src/app.o
 .text.App_ReportICM20948
                0x08002c98      0x250 ./Components/App/Src/app.o
 .text.App_ReportMagDebug
                0x08002ee8      0x140 ./Components/App/Src/app.o
 .text.App_UsbSend
                0x08003028       0x48 ./Components/App/Src/app.o
 .text.App_GyroRawToMdps
                0x08003070       0x30 ./Components/App/Src/app.o
 .text.App_TempRawToCentiC
                0x080030a0       0x38 ./Components/App/Src/app.o
 .text.App_MagRawToCentiUt
                0x080030d8       0x1c ./Components/App/Src/app.o
 .text.Attitude_MapSensorRawToBody
                0x080030f4       0x38 ./Components/Attitude/Src/attitude.o
                0x080030f4                Attitude_MapSensorRawToBody
 .text.Attitude_MapMagSensorRawToBody
                0x0800312c       0x38 ./Components/Attitude/Src/attitude.o
                0x0800312c                Attitude_MapMagSensorRawToBody
 .text.Attitude_CalibrateMagBodyCentiUt
                0x08003164      0x130 ./Components/Attitude/Src/attitude.o
                0x08003164                Attitude_CalibrateMagBodyCentiUt
 .text.Attitude_CalibrateAccelBodyG
                0x08003294       0xb4 ./Components/Attitude/Src/attitude.o
                0x08003294                Attitude_CalibrateAccelBodyG
 .text.Attitude_AccelRawToBodyG
                0x08003348       0xda ./Components/Attitude/Src/attitude.o
                0x08003348                Attitude_AccelRawToBodyG
 *fill*         0x08003422        0x2 
 .text.Attitude_GyroRawToBodyRadS
                0x08003424       0xf4 ./Components/Attitude/Src/attitude.o
                0x08003424                Attitude_GyroRawToBodyRadS
 .text.Attitude_SpecificForceToGravity
                0x08003518       0x78 ./Components/Attitude/Src/attitude.o
                0x08003518                Attitude_SpecificForceToGravity
 .text.ICM20948_Init
                0x08003590      0x1d8 ./Components/ICM20948/Src/icm20948.o
                0x08003590                ICM20948_Init
 .text.ICM20948_ReadWhoAmI
                0x08003768       0x20 ./Components/ICM20948/Src/icm20948.o
                0x08003768                ICM20948_ReadWhoAmI
 .text.ICM20948_SetAccelRange
                0x08003788       0x7c ./Components/ICM20948/Src/icm20948.o
                0x08003788                ICM20948_SetAccelRange
 .text.ICM20948_SetGyroRange
                0x08003804       0x7c ./Components/ICM20948/Src/icm20948.o
                0x08003804                ICM20948_SetGyroRange
 .text.ICM20948_ReadRaw
                0x08003880       0xd0 ./Components/ICM20948/Src/icm20948.o
                0x08003880                ICM20948_ReadRaw
 .text.ICM20948_InitMagnetometer
                0x08003950      0x12a ./Components/ICM20948/Src/icm20948.o
                0x08003950                ICM20948_InitMagnetometer
 .text.ICM20948_ReadMagRaw
                0x08003a7a       0xc8 ./Components/ICM20948/Src/icm20948.o
                0x08003a7a                ICM20948_ReadMagRaw
 .text.ICM20948_ReadMagDebug
                0x08003b42      0x1ae ./Components/ICM20948/Src/icm20948.o
                0x08003b42                ICM20948_ReadMagDebug
 .text.ICM20948_ReadRegister
                0x08003cf0       0x36 ./Components/ICM20948/Src/icm20948.o
                0x08003cf0                ICM20948_ReadRegister
 .text.ICM20948_ReadRegisters
                0x08003d26       0x5c ./Components/ICM20948/Src/icm20948.o
                0x08003d26                ICM20948_ReadRegisters
 .text.ICM20948_WriteRegister
                0x08003d82       0x58 ./Components/ICM20948/Src/icm20948.o
                0x08003d82                ICM20948_WriteRegister
 .text.ICM20948_SelectBank
                0x08003dda       0x4a ./Components/ICM20948/Src/icm20948.o
 .text.ICM20948_ReadRawRegister
                0x08003e24      0x10a ./Components/ICM20948/Src/icm20948.o
 .text.ICM20948_WriteRawRegister
                0x08003f2e       0x80 ./Components/ICM20948/Src/icm20948.o
 .text.ICM20948_MagReadRegister
                0x08003fae       0x24 ./Components/ICM20948/Src/icm20948.o
 .text.ICM20948_MagReadRegisters
                0x08003fd2       0xa6 ./Components/ICM20948/Src/icm20948.o
 .text.ICM20948_MagWriteRegister
                0x08004078       0x9e ./Components/ICM20948/Src/icm20948.o
 .text.ICM20948_MagDebugReadSlave4
                0x08004116      0x176 ./Components/ICM20948/Src/icm20948.o
 .text.ICM20948_MagConfigureContinuousRead
                0x0800428c       0x6c ./Components/ICM20948/Src/icm20948.o
 .text.ICM20948_FromHalStatus
                0x080042f8       0x22 ./Components/ICM20948/Src/icm20948.o
 .text.ICM20948_BankValue
                0x0800431a       0x1c ./Components/ICM20948/Src/icm20948.o
 .text.ICM20948_ToInt16
                0x08004336       0x2c ./Components/ICM20948/Src/icm20948.o
 .text.Mahony9_Init
                0x08004362       0x80 ./Components/Mahony9/Src/mahony9.o
                0x08004362                Mahony9_Init
 *fill*         0x080043e2        0x2 
 .text.Mahony9_InitFromAccelMag
                0x080043e4      0x550 ./Components/Mahony9/Src/mahony9.o
                0x080043e4                Mahony9_InitFromAccelMag
 .text.Mahony9_Update
                0x08004934       0x6a ./Components/Mahony9/Src/mahony9.o
                0x08004934                Mahony9_Update
 *fill*         0x0800499e        0x2 
 .text.Mahony9_UpdateImu
                0x080049a0       0x64 ./Components/Mahony9/Src/mahony9.o
                0x080049a0                Mahony9_UpdateImu
 .text.Mahony9_GetEulerDegrees
                0x08004a04      0x180 ./Components/Mahony9/Src/mahony9.o
                0x08004a04                Mahony9_GetEulerDegrees
 .text.Mahony9_UpdateInternal
                0x08004b84      0xa64 ./Components/Mahony9/Src/mahony9.o
 .text.Mahony9_NormAccepted
                0x080055e8       0x88 ./Components/Mahony9/Src/mahony9.o
 .text.Mahony9_Clamp
                0x08005670       0x52 ./Components/Mahony9/Src/mahony9.o
 *fill*         0x080056c2        0x2 
 .text.main     0x080056c4       0x58 ./Core/Src/main.o
                0x080056c4                main
 .text.SystemClock_Config
                0x0800571c       0xf8 ./Core/Src/main.o
                0x0800571c                SystemClock_Config
 .text.MX_SPI1_Init
                0x08005814       0xac ./Core/Src/main.o
 .text.MX_UART4_Init
                0x080058c0       0x98 ./Core/Src/main.o
 .text.MX_USART1_UART_Init
                0x08005958       0x98 ./Core/Src/main.o
 .text.MX_GPIO_Init
                0x080059f0      0x13c ./Core/Src/main.o
 .text.MPU_Config
                0x08005b2c       0x58 ./Core/Src/main.o
 .text.Error_Handler
                0x08005b84        0xc ./Core/Src/main.o
                0x08005b84                Error_Handler
 .text.HAL_MspInit
                0x08005b90       0x34 ./Core/Src/stm32h7xx_hal_msp.o
                0x08005b90                HAL_MspInit
 .text.HAL_SPI_MspInit
                0x08005bc4      0x11c ./Core/Src/stm32h7xx_hal_msp.o
                0x08005bc4                HAL_SPI_MspInit
 .text.HAL_UART_MspInit
                0x08005ce0      0x174 ./Core/Src/stm32h7xx_hal_msp.o
                0x08005ce0                HAL_UART_MspInit
 .text.NMI_Handler
                0x08005e54        0x8 ./Core/Src/stm32h7xx_it.o
                0x08005e54                NMI_Handler
 .text.HardFault_Handler
                0x08005e5c        0x8 ./Core/Src/stm32h7xx_it.o
                0x08005e5c                HardFault_Handler
 .text.MemManage_Handler
                0x08005e64        0x8 ./Core/Src/stm32h7xx_it.o
                0x08005e64                MemManage_Handler
 .text.BusFault_Handler
                0x08005e6c        0x8 ./Core/Src/stm32h7xx_it.o
                0x08005e6c                BusFault_Handler
 .text.UsageFault_Handler
                0x08005e74        0x8 ./Core/Src/stm32h7xx_it.o
                0x08005e74                UsageFault_Handler
 .text.SVC_Handler
                0x08005e7c        0xe ./Core/Src/stm32h7xx_it.o
                0x08005e7c                SVC_Handler
 .text.DebugMon_Handler
                0x08005e8a        0xe ./Core/Src/stm32h7xx_it.o
                0x08005e8a                DebugMon_Handler
 .text.PendSV_Handler
                0x08005e98        0xe ./Core/Src/stm32h7xx_it.o
                0x08005e98                PendSV_Handler
 .text.SysTick_Handler
                0x08005ea6        0xc ./Core/Src/stm32h7xx_it.o
                0x08005ea6                SysTick_Handler
 *fill*         0x08005eb2        0x2 
 .text.OTG_FS_IRQHandler
                0x08005eb4       0x14 ./Core/Src/stm32h7xx_it.o
                0x08005eb4                OTG_FS_IRQHandler
 .text._sbrk    0x08005ec8       0x6c ./Core/Src/sysmem.o
                0x08005ec8                _sbrk
 .text.SystemInit
                0x08005f34      0x140 ./Core/Src/system_stm32h7xx.o
                0x08005f34                SystemInit
 .text.ExitRun0Mode
                0x08006074       0x18 ./Core/Src/system_stm32h7xx.o
                0x08006074                ExitRun0Mode
 .text.Reset_Handler
                0x0800608c       0x54 ./Core/Startup/startup_stm32h743xihx.o
                0x0800608c                Reset_Handler
 .text.Default_Handler
                0x080060e0        0x2 ./Core/Startup/startup_stm32h743xihx.o
                0x080060e0                RTC_Alarm_IRQHandler
                0x080060e0                EXTI2_IRQHandler
                0x080060e0                TIM8_CC_IRQHandler
                0x080060e0                HRTIM1_Master_IRQHandler
                0x080060e0                UART8_IRQHandler
                0x080060e0                SPI4_IRQHandler
                0x080060e0                TIM1_CC_IRQHandler
                0x080060e0                BDMA_Channel6_IRQHandler
                0x080060e0                DMA2_Stream5_IRQHandler
                0x080060e0                HRTIM1_FLT_IRQHandler
                0x080060e0                JPEG_IRQHandler
                0x080060e0                DMA1_Stream5_IRQHandler
                0x080060e0                BDMA_Channel1_IRQHandler
                0x080060e0                HRTIM1_TIMD_IRQHandler
                0x080060e0                TAMP_STAMP_IRQHandler
                0x080060e0                EXTI3_IRQHandler
                0x080060e0                LPTIM4_IRQHandler
                0x080060e0                TIM8_TRG_COM_TIM14_IRQHandler
                0x080060e0                LPTIM2_IRQHandler
                0x080060e0                DFSDM1_FLT1_IRQHandler
                0x080060e0                DMAMUX2_OVR_IRQHandler
                0x080060e0                TIM8_UP_TIM13_IRQHandler
                0x080060e0                I2C3_ER_IRQHandler
                0x080060e0                DFSDM1_FLT2_IRQHandler
                0x080060e0                MDMA_IRQHandler
                0x080060e0                LPTIM3_IRQHandler
                0x080060e0                HSEM1_IRQHandler
                0x080060e0                EXTI0_IRQHandler
                0x080060e0                I2C2_EV_IRQHandler
                0x080060e0                DMA1_Stream2_IRQHandler
                0x080060e0                FPU_IRQHandler
                0x080060e0                OTG_HS_WKUP_IRQHandler
                0x080060e0                FDCAN1_IT1_IRQHandler
                0x080060e0                LTDC_ER_IRQHandler
                0x080060e0                DMA2_Stream2_IRQHandler
                0x080060e0                HRTIM1_TIME_IRQHandler
                0x080060e0                SPI1_IRQHandler
                0x080060e0                TIM6_DAC_IRQHandler
                0x080060e0                DCMI_IRQHandler
                0x080060e0                HRTIM1_TIMC_IRQHandler
                0x080060e0                DMA2_Stream3_IRQHandler
                0x080060e0                SAI2_IRQHandler
                0x080060e0                DFSDM1_FLT3_IRQHandler
                0x080060e0                USART6_IRQHandler
                0x080060e0                TIM17_IRQHandler
                0x080060e0                USART3_IRQHandler
                0x080060e0                BDMA_Channel7_IRQHandler
                0x080060e0                LPTIM5_IRQHandler
                0x080060e0                UART5_IRQHandler
                0x080060e0                ADC3_IRQHandler
                0x080060e0                DMA2_Stream0_IRQHandler
                0x080060e0                TIM4_IRQHandler
                0x080060e0                BDMA_Channel2_IRQHandler
                0x080060e0                QUADSPI_IRQHandler
                0x080060e0                I2C1_EV_IRQHandler
                0x080060e0                DMA1_Stream6_IRQHandler
                0x080060e0                DMAMUX1_OVR_IRQHandler
                0x080060e0                DMA1_Stream1_IRQHandler
                0x080060e0                TIM16_IRQHandler
                0x080060e0                UART4_IRQHandler
                0x080060e0                BDMA_Channel5_IRQHandler
                0x080060e0                TIM3_IRQHandler
                0x080060e0                RCC_IRQHandler
                0x080060e0                TIM8_BRK_TIM12_IRQHandler
                0x080060e0                TIM1_TRG_COM_IRQHandler
                0x080060e0                Default_Handler
                0x080060e0                ECC_IRQHandler
                0x080060e0                CEC_IRQHandler
                0x080060e0                EXTI15_10_IRQHandler
                0x080060e0                BDMA_Channel0_IRQHandler
                0x080060e0                ADC_IRQHandler
                0x080060e0                DMA1_Stream7_IRQHandler
                0x080060e0                HRTIM1_TIMA_IRQHandler
                0x080060e0                SPI5_IRQHandler
                0x080060e0                TIM7_IRQHandler
                0x080060e0                SDMMC1_IRQHandler
                0x080060e0                TIM5_IRQHandler
                0x080060e0                DMA2_Stream7_IRQHandler
                0x080060e0                TIM15_IRQHandler
                0x080060e0                PVD_AVD_IRQHandler
                0x080060e0                I2C3_EV_IRQHandler
                0x080060e0                EXTI9_5_IRQHandler
                0x080060e0                RTC_WKUP_IRQHandler
                0x080060e0                LTDC_IRQHandler
                0x080060e0                SAI3_IRQHandler
                0x080060e0                ETH_WKUP_IRQHandler
                0x080060e0                SPDIF_RX_IRQHandler
                0x080060e0                SPI2_IRQHandler
                0x080060e0                OTG_HS_EP1_IN_IRQHandler
                0x080060e0                DMA1_Stream0_IRQHandler
                0x080060e0                CRS_IRQHandler
                0x080060e0                EXTI4_IRQHandler
                0x080060e0                RNG_IRQHandler
                0x080060e0                HRTIM1_TIMB_IRQHandler
                0x080060e0                FDCAN2_IT1_IRQHandler
                0x080060e0                ETH_IRQHandler
                0x080060e0                TIM1_UP_IRQHandler
                0x080060e0                BDMA_Channel4_IRQHandler
                0x080060e0                OTG_HS_EP1_OUT_IRQHandler
                0x080060e0                WWDG_IRQHandler
                0x080060e0                SPI6_IRQHandler
                0x080060e0                MDIOS_IRQHandler
                0x080060e0                I2C4_EV_IRQHandler
                0x080060e0                FDCAN2_IT0_IRQHandler
                0x080060e0                LPUART1_IRQHandler
                0x080060e0                FDCAN1_IT0_IRQHandler
                0x080060e0                TIM2_IRQHandler
                0x080060e0                OTG_FS_WKUP_IRQHandler
                0x080060e0                OTG_HS_IRQHandler
                0x080060e0                DMA2D_IRQHandler
                0x080060e0                TIM1_BRK_IRQHandler
                0x080060e0                EXTI1_IRQHandler
                0x080060e0                SDMMC2_IRQHandler
                0x080060e0                OTG_FS_EP1_OUT_IRQHandler
                0x080060e0                BDMA_Channel3_IRQHandler
                0x080060e0                UART7_IRQHandler
                0x080060e0                MDIOS_WKUP_IRQHandler
                0x080060e0                USART2_IRQHandler
                0x080060e0                DFSDM1_FLT0_IRQHandler
                0x080060e0                SAI4_IRQHandler
                0x080060e0                I2C2_ER_IRQHandler
                0x080060e0                DMA2_Stream1_IRQHandler
                0x080060e0                FLASH_IRQHandler
                0x080060e0                DMA2_Stream4_IRQHandler
                0x080060e0                USART1_IRQHandler
                0x080060e0                SPI3_IRQHandler
                0x080060e0                WAKEUP_PIN_IRQHandler
                0x080060e0                DMA1_Stream4_IRQHandler
                0x080060e0                OTG_FS_EP1_IN_IRQHandler
                0x080060e0                I2C1_ER_IRQHandler
                0x080060e0                FMC_IRQHandler
                0x080060e0                FDCAN_CAL_IRQHandler
                0x080060e0                SWPMI1_IRQHandler
                0x080060e0                COMP1_IRQHandler
                0x080060e0                LPTIM1_IRQHandler
                0x080060e0                I2C4_ER_IRQHandler
                0x080060e0                DMA2_Stream6_IRQHandler
                0x080060e0                SAI1_IRQHandler
                0x080060e0                DMA1_Stream3_IRQHandler
 *fill*         0x080060e2        0x2 
 .text.HAL_Init
                0x080060e4       0x78 ./Drivers/STM32H7xx_HAL_Driver/Src/stm32h7xx_hal.o
                0x080060e4                HAL_Init
 .text.HAL_InitTick
                0x0800615c       0x6c ./Drivers/STM32H7xx_HAL_Driver/Src/stm32h7xx_hal.o
                0x0800615c                HAL_InitTick
 .text.HAL_IncTick
                0x080061c8       0x28 ./Drivers/STM32H7xx_HAL_Driver/Src/stm32h7xx_hal.o
                0x080061c8                HAL_IncTick
 .text.HAL_GetTick
                0x080061f0       0x18 ./Drivers/STM32H7xx_HAL_Driver/Src/stm32h7xx_hal.o
                0x080061f0                HAL_GetTick
 .text.HAL_Delay
                0x08006208       0x48 ./Drivers/STM32H7xx_HAL_Driver/Src/stm32h7xx_hal.o
                0x08006208                HAL_Delay
 .text.HAL_GetREVID
                0x08006250       0x18 ./Drivers/STM32H7xx_HAL_Driver/Src/stm32h7xx_hal.o
                0x08006250                HAL_GetREVID
 .text.__NVIC_SetPriorityGrouping
                0x08006268       0x48 ./Drivers/STM32H7xx_HAL_Driver/Src/stm32h7xx_hal_cortex.o
 .text.__NVIC_GetPriorityGrouping
                0x080062b0       0x1c ./Drivers/STM32H7xx_HAL_Driver/Src/stm32h7xx_hal_cortex.o
 .text.__NVIC_EnableIRQ
                0x080062cc       0x3c ./Drivers/STM32H7xx_HAL_Driver/Src/stm32h7xx_hal_cortex.o
 .text.__NVIC_SetPriority
                0x08006308       0x54 ./Drivers/STM32H7xx_HAL_Driver/Src/stm32h7xx_hal_cortex.o
 .text.NVIC_EncodePriority
                0x0800635c       0x66 ./Drivers/STM32H7xx_HAL_Driver/Src/stm32h7xx_hal_cortex.o
 *fill*         0x080063c2        0x2 
 .text.SysTick_Config
                0x080063c4       0x44 ./Drivers/STM32H7xx_HAL_Driver/Src/stm32h7xx_hal_cortex.o
 .text.HAL_NVIC_SetPriorityGrouping
                0x08006408       0x16 ./Drivers/STM32H7xx_HAL_Driver/Src/stm32h7xx_hal_cortex.o
                0x08006408                HAL_NVIC_SetPriorityGrouping
 .text.HAL_NVIC_SetPriority
                0x0800641e       0x34 ./Drivers/STM32H7xx_HAL_Driver/Src/stm32h7xx_hal_cortex.o
                0x0800641e                HAL_NVIC_SetPriority
 .text.HAL_NVIC_EnableIRQ
                0x08006452       0x1c ./Drivers/STM32H7xx_HAL_Driver/Src/stm32h7xx_hal_cortex.o
                0x08006452                HAL_NVIC_EnableIRQ
 .text.HAL_SYSTICK_Config
                0x0800646e       0x18 ./Drivers/STM32H7xx_HAL_Driver/Src/stm32h7xx_hal_cortex.o
                0x0800646e                HAL_SYSTICK_Config
 *fill*         0x08006486        0x2 
 .text.HAL_MPU_Disable
                0x08006488       0x30 ./Drivers/STM32H7xx_HAL_Driver/Src/stm32h7xx_hal_cortex.o
                0x08006488                HAL_MPU_Disable
 .text.HAL_MPU_Enable
                0x080064b8       0x40 ./Drivers/STM32H7xx_HAL_Driver/Src/stm32h7xx_hal_cortex.o
                0x080064b8                HAL_MPU_Enable
 .text.HAL_MPU_ConfigRegion
                0x080064f8       0x80 ./Drivers/STM32H7xx_HAL_Driver/Src/stm32h7xx_hal_cortex.o
                0x080064f8                HAL_MPU_ConfigRegion
 .text.HAL_GPIO_Init
                0x08006578      0x374 ./Drivers/STM32H7xx_HAL_Driver/Src/stm32h7xx_hal_gpio.o
                0x08006578                HAL_GPIO_Init
 .text.HAL_GPIO_WritePin
                0x080068ec       0x32 ./Drivers/STM32H7xx_HAL_Driver/Src/stm32h7xx_hal_gpio.o
                0x080068ec                HAL_GPIO_WritePin
 .text.HAL_GPIO_TogglePin
                0x0800691e       0x34 ./Drivers/STM32H7xx_HAL_Driver/Src/stm32h7xx_hal_gpio.o
                0x0800691e                HAL_GPIO_TogglePin
 .text.HAL_PCD_Init
                0x08006952      0x218 ./Drivers/STM32H7xx_HAL_Driver/Src/stm32h7xx_hal_pcd.o
                0x08006952                HAL_PCD_Init
 .text.HAL_PCD_Start
                0x08006b6a       0x6a ./Drivers/STM32H7xx_HAL_Driver/Src/stm32h7xx_hal_pcd.o
                0x08006b6a                HAL_PCD_Start
 .text.HAL_PCD_IRQHandler
                0x08006bd4      0x9d0 ./Drivers/STM32H7xx_HAL_Driver/Src/stm32h7xx_hal_pcd.o
                0x08006bd4                HAL_PCD_IRQHandler
 .text.HAL_PCD_SetAddress
                0x080075a4       0x48 ./Drivers/STM32H7xx_HAL_Driver/Src/stm32h7xx_hal_pcd.o
                0x080075a4                HAL_PCD_SetAddress
 .text.HAL_PCD_EP_Open
                0x080075ec       0xd4 ./Drivers/STM32H7xx_HAL_Driver/Src/stm32h7xx_hal_pcd.o
                0x080075ec                HAL_PCD_EP_Open
 .text.HAL_PCD_EP_Close
                0x080076c0       0x94 ./Drivers/STM32H7xx_HAL_Driver/Src/stm32h7xx_hal_pcd.o
                0x080076c0                HAL_PCD_EP_Close
 .text.HAL_PCD_EP_Receive
                0x08007754       0x76 ./Drivers/STM32H7xx_HAL_Driver/Src/stm32h7xx_hal_pcd.o
                0x08007754                HAL_PCD_EP_Receive
 .text.HAL_PCD_EP_GetRxCount
                0x080077ca       0x30 ./Drivers/STM32H7xx_HAL_Driver/Src/stm32h7xx_hal_pcd.o
                0x080077ca                HAL_PCD_EP_GetRxCount
 .text.HAL_PCD_EP_Transmit
                0x080077fa       0x74 ./Drivers/STM32H7xx_HAL_Driver/Src/stm32h7xx_hal_pcd.o
                0x080077fa                HAL_PCD_EP_Transmit
 .text.HAL_PCD_EP_SetStall
                0x0800786e       0xc6 ./Drivers/STM32H7xx_HAL_Driver/Src/stm32h7xx_hal_pcd.o
                0x0800786e                HAL_PCD_EP_SetStall
 .text.HAL_PCD_EP_ClrStall
                0x08007934       0xac ./Drivers/STM32H7xx_HAL_Driver/Src/stm32h7xx_hal_pcd.o
                0x08007934                HAL_PCD_EP_ClrStall
 .text.HAL_PCD_EP_Abort
                0x080079e0       0x62 ./Drivers/STM32H7xx_HAL_Driver/Src/stm32h7xx_hal_pcd.o
                0x080079e0                HAL_PCD_EP_Abort
 .text.PCD_WriteEmptyTxFifo
                0x08007a42      0x118 ./Drivers/STM32H7xx_HAL_Driver/Src/stm32h7xx_hal_pcd.o
 *fill*         0x08007b5a        0x2 
 .text.PCD_EP_OutXfrComplete_int
                0x08007b5c      0x1d0 ./Drivers/STM32H7xx_HAL_Driver/Src/stm32h7xx_hal_pcd.o
 .text.PCD_EP_OutSetupPacket_int
                0x08007d2c       0x8c ./Drivers/STM32H7xx_HAL_Driver/Src/stm32h7xx_hal_pcd.o
 .text.HAL_PCDEx_SetTxFiFo
                0x08007db8       0x8e ./Drivers/STM32H7xx_HAL_Driver/Src/stm32h7xx_hal_pcd_ex.o
                0x08007db8                HAL_PCDEx_SetTxFiFo
 .text.HAL_PCDEx_SetRxFiFo
                0x08007e46       0x22 ./Drivers/STM32H7xx_HAL_Driver/Src/stm32h7xx_hal_pcd_ex.o
                0x08007e46                HAL_PCDEx_SetRxFiFo
 .text.HAL_PCDEx_ActivateLPM
                0x08007e68       0x48 ./Drivers/STM32H7xx_HAL_Driver/Src/stm32h7xx_hal_pcd_ex.o
                0x08007e68                HAL_PCDEx_ActivateLPM
 .text.HAL_PCDEx_LPM_Callback
                0x08007eb0       0x18 ./Drivers/STM32H7xx_HAL_Driver/Src/stm32h7xx_hal_pcd_ex.o
                0x08007eb0                HAL_PCDEx_LPM_Callback
 .text.HAL_PWREx_ConfigSupply
                0x08007ec8       0x74 ./Drivers/STM32H7xx_HAL_Driver/Src/stm32h7xx_hal_pwr_ex.o
                0x08007ec8                HAL_PWREx_ConfigSupply
 .text.HAL_PWREx_EnableUSBVoltageDetector
                0x08007f3c       0x20 ./Drivers/STM32H7xx_HAL_Driver/Src/stm32h7xx_hal_pwr_ex.o
                0x08007f3c                HAL_PWREx_EnableUSBVoltageDetector
 .text.HAL_RCC_OscConfig
                0x08007f5c      0x8b4 ./Drivers/STM32H7xx_HAL_Driver/Src/stm32h7xx_hal_rcc.o
                0x08007f5c                HAL_RCC_OscConfig
 .text.HAL_RCC_ClockConfig
                0x08008810      0x36c ./Drivers/STM32H7xx_HAL_Driver/Src/stm32h7xx_hal_rcc.o
                0x08008810                HAL_RCC_ClockConfig
 .text.HAL_RCC_GetSysClockFreq
                0x08008b7c      0x2f4 ./Drivers/STM32H7xx_HAL_Driver/Src/stm32h7xx_hal_rcc.o
                0x08008b7c                HAL_RCC_GetSysClockFreq
 .text.HAL_RCC_GetHCLKFreq
                0x08008e70       0x60 ./Drivers/STM32H7xx_HAL_Driver/Src/stm32h7xx_hal_rcc.o
                0x08008e70                HAL_RCC_GetHCLKFreq
 .text.HAL_RCC_GetPCLK1Freq
                0x08008ed0       0x2c ./Drivers/STM32H7xx_HAL_Driver/Src/stm32h7xx_hal_rcc.o
                0x08008ed0                HAL_RCC_GetPCLK1Freq
 .text.HAL_RCC_GetPCLK2Freq
                0x08008efc       0x2c ./Drivers/STM32H7xx_HAL_Driver/Src/stm32h7xx_hal_rcc.o
                0x08008efc                HAL_RCC_GetPCLK2Freq
 .text.HAL_RCCEx_PeriphCLKConfig
                0x08008f28     0x1414 ./Drivers/STM32H7xx_HAL_Driver/Src/stm32h7xx_hal_rcc_ex.o
                0x08008f28                HAL_RCCEx_PeriphCLKConfig
 .text.HAL_RCCEx_GetD3PCLK1Freq
                0x0800a33c       0x2c ./Drivers/STM32H7xx_HAL_Driver/Src/stm32h7xx_hal_rcc_ex.o
                0x0800a33c                HAL_RCCEx_GetD3PCLK1Freq
 .text.HAL_RCCEx_GetPLL2ClockFreq
                0x0800a368      0x2a8 ./Drivers/STM32H7xx_HAL_Driver/Src/stm32h7xx_hal_rcc_ex.o
                0x0800a368                HAL_RCCEx_GetPLL2ClockFreq
 .text.HAL_RCCEx_GetPLL3ClockFreq
                0x0800a610      0x2a8 ./Drivers/STM32H7xx_HAL_Driver/Src/stm32h7xx_hal_rcc_ex.o
                0x0800a610                HAL_RCCEx_GetPLL3ClockFreq
 .text.RCCEx_PLL2_Config
                0x0800a8b8      0x164 ./Drivers/STM32H7xx_HAL_Driver/Src/stm32h7xx_hal_rcc_ex.o
 .text.RCCEx_PLL3_Config
                0x0800aa1c      0x164 ./Drivers/STM32H7xx_HAL_Driver/Src/stm32h7xx_hal_rcc_ex.o
 .text.HAL_SPI_Init
                0x0800ab80      0x248 ./Drivers/STM32H7xx_HAL_Driver/Src/stm32h7xx_hal_spi.o
                0x0800ab80                HAL_SPI_Init
 .text.HAL_SPI_Transmit
                0x0800adc8      0x3dc ./Drivers/STM32H7xx_HAL_Driver/Src/stm32h7xx_hal_spi.o
                0x0800adc8                HAL_SPI_Transmit
 .text.HAL_SPI_TransmitReceive
                0x0800b1a4      0x674 ./Drivers/STM32H7xx_HAL_Driver/Src/stm32h7xx_hal_spi.o
                0x0800b1a4                HAL_SPI_TransmitReceive
 .text.SPI_CloseTransfer
                0x0800b818      0x140 ./Drivers/STM32H7xx_HAL_Driver/Src/stm32h7xx_hal_spi.o
 .text.SPI_WaitOnFlagUntilTimeout
                0x0800b958       0x5c ./Drivers/STM32H7xx_HAL_Driver/Src/stm32h7xx_hal_spi.o
 .text.SPI_GetPacketSize
                0x0800b9b4       0x36 ./Drivers/STM32H7xx_HAL_Driver/Src/stm32h7xx_hal_spi.o
 .text.HAL_UART_Init
                0x0800b9ea       0xa0 ./Drivers/STM32H7xx_HAL_Driver/Src/stm32h7xx_hal_uart.o
                0x0800b9ea                HAL_UART_Init
 *fill*         0x0800ba8a        0x2 
 .text.UART_SetConfig
                0x0800ba8c      0xad0 ./Drivers/STM32H7xx_HAL_Driver/Src/stm32h7xx_hal_uart.o
                0x0800ba8c                UART_SetConfig
 .text.UART_AdvFeatureConfig
                0x0800c55c      0x144 ./Drivers/STM32H7xx_HAL_Driver/Src/stm32h7xx_hal_uart.o
                0x0800c55c                UART_AdvFeatureConfig
 .text.UART_CheckIdleState
                0x0800c6a0      0x154 ./Drivers/STM32H7xx_HAL_Driver/Src/stm32h7xx_hal_uart.o
                0x0800c6a0                UART_CheckIdleState
 .text.UART_WaitOnFlagUntilTimeout
                0x0800c7f4       0xda ./Drivers/STM32H7xx_HAL_Driver/Src/stm32h7xx_hal_uart.o
                0x0800c7f4                UART_WaitOnFlagUntilTimeout
 *fill*         0x0800c8ce        0x2 
 .text.UART_EndRxTransfer
                0x0800c8d0       0xcc ./Drivers/STM32H7xx_HAL_Driver/Src/stm32h7xx_hal_uart.o
 .text.HAL_UARTEx_DisableFifoMode
                0x0800c99c       0x72 ./Drivers/STM32H7xx_HAL_Driver/Src/stm32h7xx_hal_uart_ex.o
                0x0800c99c                HAL_UARTEx_DisableFifoMode
 .text.HAL_UARTEx_SetTxFifoThreshold
                0x0800ca0e       0x7c ./Drivers/STM32H7xx_HAL_Driver/Src/stm32h7xx_hal_uart_ex.o
                0x0800ca0e                HAL_UARTEx_SetTxFifoThreshold
 .text.HAL_UARTEx_SetRxFifoThreshold
                0x0800ca8a       0x7c ./Drivers/STM32H7xx_HAL_Driver/Src/stm32h7xx_hal_uart_ex.o
                0x0800ca8a                HAL_UARTEx_SetRxFifoThreshold
 *fill*         0x0800cb06        0x2 
 .text.UARTEx_SetNbDataToProcess
                0x0800cb08       0x9c ./Drivers/STM32H7xx_HAL_Driver/Src/stm32h7xx_hal_uart_ex.o
 .text.USB_CoreInit
                0x0800cba4       0xf0 ./Drivers/STM32H7xx_HAL_Driver/Src/stm32h7xx_ll_usb.o
                0x0800cba4                USB_CoreInit
 .text.USB_SetTurnaroundTime
                0x0800cc94      0x144 ./Drivers/STM32H7xx_HAL_Driver/Src/stm32h7xx_ll_usb.o
                0x0800cc94                USB_SetTurnaroundTime
 .text.USB_EnableGlobalInt
                0x0800cdd8       0x22 ./Drivers/STM32H7xx_HAL_Driver/Src/stm32h7xx_ll_usb.o
                0x0800cdd8                USB_EnableGlobalInt
 .text.USB_DisableGlobalInt
                0x0800cdfa       0x22 ./Drivers/STM32H7xx_HAL_Driver/Src/stm32h7xx_ll_usb.o
                0x0800cdfa                USB_DisableGlobalInt
 .text.USB_SetCurrentMode
                0x0800ce1c       0x98 ./Drivers/STM32H7xx_HAL_Driver/Src/stm32h7xx_ll_usb.o
                0x0800ce1c                USB_SetCurrentMode
 .text.USB_DevInit
                0x0800ceb4      0x2bc ./Drivers/STM32H7xx_HAL_Driver/Src/stm32h7xx_ll_usb.o
                0x0800ceb4                USB_DevInit
 .text.USB_FlushTxFifo
                0x0800d170       0x64 ./Drivers/STM32H7xx_HAL_Driver/Src/stm32h7xx_ll_usb.o
                0x0800d170                USB_FlushTxFifo
 .text.USB_FlushRxFifo
                0x0800d1d4       0x5c ./Drivers/STM32H7xx_HAL_Driver/Src/stm32h7xx_ll_usb.o
                0x0800d1d4                USB_FlushRxFifo
 .text.USB_SetDevSpeed
                0x0800d230       0x32 ./Drivers/STM32H7xx_HAL_Driver/Src/stm32h7xx_ll_usb.o
                0x0800d230                USB_SetDevSpeed
 .text.USB_GetDevSpeed
                0x0800d262       0x4a ./Drivers/STM32H7xx_HAL_Driver/Src/stm32h7xx_ll_usb.o
                0x0800d262                USB_GetDevSpeed
 .text.USB_ActivateEndpoint
                0x0800d2ac      0x110 ./Drivers/STM32H7xx_HAL_Driver/Src/stm32h7xx_ll_usb.o
                0x0800d2ac                USB_ActivateEndpoint
 .text.USB_DeactivateEndpoint
                0x0800d3bc      0x1b8 ./Drivers/STM32H7xx_HAL_Driver/Src/stm32h7xx_ll_usb.o
                0x0800d3bc                USB_DeactivateEndpoint
 .text.USB_EPStartXfer
                0x0800d574      0x548 ./Drivers/STM32H7xx_HAL_Driver/Src/stm32h7xx_ll_usb.o
                0x0800d574                USB_EPStartXfer
 .text.USB_EPStopXfer
                0x0800dabc      0x1fa ./Drivers/STM32H7xx_HAL_Driver/Src/stm32h7xx_ll_usb.o
                0x0800dabc                USB_EPStopXfer
 .text.USB_EPSetStall
                0x0800dcb6       0xdc ./Drivers/STM32H7xx_HAL_Driver/Src/stm32h7xx_ll_usb.o
                0x0800dcb6                USB_EPSetStall
 .text.USB_EPClearStall
                0x0800dd92       0xcc ./Drivers/STM32H7xx_HAL_Driver/Src/stm32h7xx_ll_usb.o
                0x0800dd92                USB_EPClearStall
 .text.USB_WritePacket
                0x0800de5e       0x7c ./Drivers/STM32H7xx_HAL_Driver/Src/stm32h7xx_ll_usb.o
                0x0800de5e                USB_WritePacket
 .text.USB_ReadPacket
                0x0800deda       0xb0 ./Drivers/STM32H7xx_HAL_Driver/Src/stm32h7xx_ll_usb.o
                0x0800deda                USB_ReadPacket
 .text.USB_SetDevAddress
                0x0800df8a       0x4c ./Drivers/STM32H7xx_HAL_Driver/Src/stm32h7xx_ll_usb.o
                0x0800df8a                USB_SetDevAddress
 .text.USB_DevConnect
                0x0800dfd6       0x42 ./Drivers/STM32H7xx_HAL_Driver/Src/stm32h7xx_ll_usb.o
                0x0800dfd6                USB_DevConnect
 .text.USB_DevDisconnect
                0x0800e018       0x42 ./Drivers/STM32H7xx_HAL_Driver/Src/stm32h7xx_ll_usb.o
                0x0800e018                USB_DevDisconnect
 .text.USB_ReadInterrupts
                0x0800e05a       0x26 ./Drivers/STM32H7xx_HAL_Driver/Src/stm32h7xx_ll_usb.o
                0x0800e05a                USB_ReadInterrupts
 .text.USB_ReadDevAllOutEpInterrupt
                0x0800e080       0x34 ./Drivers/STM32H7xx_HAL_Driver/Src/stm32h7xx_ll_usb.o
                0x0800e080                USB_ReadDevAllOutEpInterrupt
 .text.USB_ReadDevAllInEpInterrupt
                0x0800e0b4       0x34 ./Drivers/STM32H7xx_HAL_Driver/Src/stm32h7xx_ll_usb.o
                0x0800e0b4                USB_ReadDevAllInEpInterrupt
 .text.USB_ReadDevOutEPInterrupt
                0x0800e0e8       0x3c ./Drivers/STM32H7xx_HAL_Driver/Src/stm32h7xx_ll_usb.o
                0x0800e0e8                USB_ReadDevOutEPInterrupt
 .text.USB_ReadDevInEPInterrupt
                0x0800e124       0x5c ./Drivers/STM32H7xx_HAL_Driver/Src/stm32h7xx_ll_usb.o
                0x0800e124                USB_ReadDevInEPInterrupt
 .text.USB_GetMode
                0x0800e180       0x1c ./Drivers/STM32H7xx_HAL_Driver/Src/stm32h7xx_ll_usb.o
                0x0800e180                USB_GetMode
 .text.USB_ActivateSetup
                0x0800e19c       0x48 ./Drivers/STM32H7xx_HAL_Driver/Src/stm32h7xx_ll_usb.o
                0x0800e19c                USB_ActivateSetup
 .text.USB_EP0_OutStart
                0x0800e1e4       0xbc ./Drivers/STM32H7xx_HAL_Driver/Src/stm32h7xx_ll_usb.o
                0x0800e1e4                USB_EP0_OutStart
 .text.USB_CoreReset
                0x0800e2a0       0x70 ./Drivers/STM32H7xx_HAL_Driver/Src/stm32h7xx_ll_usb.o
 .text.USBD_CDC_Init
                0x0800e310      0x1f0 ./Middlewares/ST/STM32_USB_Device_Library/Class/CDC/Src/usbd_cdc.o
 .text.USBD_CDC_DeInit
                0x0800e500      0x104 ./Middlewares/ST/STM32_USB_Device_Library/Class/CDC/Src/usbd_cdc.o
 .text.USBD_CDC_Setup
                0x0800e604      0x1b8 ./Middlewares/ST/STM32_USB_Device_Library/Class/CDC/Src/usbd_cdc.o
 .text.USBD_CDC_DataIn
                0x0800e7bc       0xfe ./Middlewares/ST/STM32_USB_Device_Library/Class/CDC/Src/usbd_cdc.o
 .text.USBD_CDC_DataOut
                0x0800e8ba       0x70 ./Middlewares/ST/STM32_USB_Device_Library/Class/CDC/Src/usbd_cdc.o
 .text.USBD_CDC_EP0_RxReady
                0x0800e92a       0x74 ./Middlewares/ST/STM32_USB_Device_Library/Class/CDC/Src/usbd_cdc.o
 *fill*         0x0800e99e        0x2 
 .text.USBD_CDC_GetFSCfgDesc
                0x0800e9a0       0x70 ./Middlewares/ST/STM32_USB_Device_Library/Class/CDC/Src/usbd_cdc.o
 .text.USBD_CDC_GetHSCfgDesc
                0x0800ea10       0x70 ./Middlewares/ST/STM32_USB_Device_Library/Class/CDC/Src/usbd_cdc.o
 .text.USBD_CDC_GetOtherSpeedCfgDesc
                0x0800ea80       0x70 ./Middlewares/ST/STM32_USB_Device_Library/Class/CDC/Src/usbd_cdc.o
 .text.USBD_CDC_GetDeviceQualifierDescriptor
                0x0800eaf0       0x20 ./Middlewares/ST/STM32_USB_Device_Library/Class/CDC/Src/usbd_cdc.o
                0x0800eaf0                USBD_CDC_GetDeviceQualifierDescriptor
 .text.USBD_CDC_RegisterInterface
                0x0800eb10       0x34 ./Middlewares/ST/STM32_USB_Device_Library/Class/CDC/Src/usbd_cdc.o
                0x0800eb10                USBD_CDC_RegisterInterface
 .text.USBD_CDC_SetTxBuffer
                0x0800eb44       0x44 ./Middlewares/ST/STM32_USB_Device_Library/Class/CDC/Src/usbd_cdc.o
                0x0800eb44                USBD_CDC_SetTxBuffer
 .text.USBD_CDC_SetRxBuffer
                0x0800eb88       0x3a ./Middlewares/ST/STM32_USB_Device_Library/Class/CDC/Src/usbd_cdc.o
                0x0800eb88                USBD_CDC_SetRxBuffer
 *fill*         0x0800ebc2        0x2 
 .text.USBD_CDC_TransmitPacket
                0x0800ebc4       0x80 ./Middlewares/ST/STM32_USB_Device_Library/Class/CDC/Src/usbd_cdc.o
                0x0800ebc4                USBD_CDC_TransmitPacket
 .text.USBD_CDC_ReceivePacket
                0x0800ec44       0x6c ./Middlewares/ST/STM32_USB_Device_Library/Class/CDC/Src/usbd_cdc.o
                0x0800ec44                USBD_CDC_ReceivePacket
 .text.USBD_Init
                0x0800ecb0       0x60 ./Middlewares/ST/STM32_USB_Device_Library/Core/Src/usbd_core.o
                0x0800ecb0                USBD_Init
 .text.USBD_RegisterClass
                0x0800ed10       0x6c ./Middlewares/ST/STM32_USB_Device_Library/Core/Src/usbd_core.o
                0x0800ed10                USBD_RegisterClass
 .text.USBD_Start
                0x0800ed7c       0x18 ./Middlewares/ST/STM32_USB_Device_Library/Core/Src/usbd_core.o
                0x0800ed7c                USBD_Start
 .text.USBD_RunTestMode
                0x0800ed94       0x16 ./Middlewares/ST/STM32_USB_Device_Library/Core/Src/usbd_core.o
                0x0800ed94                USBD_RunTestMode
 .text.USBD_SetClassConfig
                0x0800edaa       0x38 ./Middlewares/ST/STM32_USB_Device_Library/Core/Src/usbd_core.o
                0x0800edaa                USBD_SetClassConfig
 .text.USBD_ClrClassConfig
                0x0800ede2       0x34 ./Middlewares/ST/STM32_USB_Device_Library/Core/Src/usbd_core.o
                0x0800ede2                USBD_ClrClassConfig
 .text.USBD_LL_SetupStage
                0x0800ee16       0xaa ./Middlewares/ST/STM32_USB_Device_Library/Core/Src/usbd_core.o
                0x0800ee16                USBD_LL_SetupStage
 .text.USBD_LL_DataOutStage
                0x0800eec0      0x178 ./Middlewares/ST/STM32_USB_Device_Library/Core/Src/usbd_core.o
                0x0800eec0                USBD_LL_DataOutStage
 .text.USBD_LL_DataInStage
                0x0800f038      0x176 ./Middlewares/ST/STM32_USB_Device_Library/Core/Src/usbd_core.o
                0x0800f038                USBD_LL_DataInStage
 .text.USBD_LL_Reset
                0x0800f1ae       0xa6 ./Middlewares/ST/STM32_USB_Device_Library/Core/Src/usbd_core.o
                0x0800f1ae                USBD_LL_Reset
 .text.USBD_LL_SetSpeed
                0x0800f254       0x20 ./Middlewares/ST/STM32_USB_Device_Library/Core/Src/usbd_core.o
                0x0800f254                USBD_LL_SetSpeed
 .text.USBD_LL_Suspend
                0x0800f274       0x38 ./Middlewares/ST/STM32_USB_Device_Library/Core/Src/usbd_core.o
                0x0800f274                USBD_LL_Suspend
 .text.USBD_LL_Resume
                0x0800f2ac       0x30 ./Middlewares/ST/STM32_USB_Device_Library/Core/Src/usbd_core.o
                0x0800f2ac                USBD_LL_Resume
 .text.USBD_LL_SOF
                0x0800f2dc       0x40 ./Middlewares/ST/STM32_USB_Device_Library/Core/Src/usbd_core.o
                0x0800f2dc                USBD_LL_SOF
 .text.USBD_LL_IsoINIncomplete
                0x0800f31c       0x64 ./Middlewares/ST/STM32_USB_Device_Library/Core/Src/usbd_core.o
                0x0800f31c                USBD_LL_IsoINIncomplete
 .text.USBD_LL_IsoOUTIncomplete
                0x0800f380       0x64 ./Middlewares/ST/STM32_USB_Device_Library/Core/Src/usbd_core.o
                0x0800f380                USBD_LL_IsoOUTIncomplete
 .text.USBD_LL_DevConnected
                0x0800f3e4       0x16 ./Middlewares/ST/STM32_USB_Device_Library/Core/Src/usbd_core.o
                0x0800f3e4                USBD_LL_DevConnected
 .text.USBD_LL_DevDisconnected
                0x0800f3fa       0x46 ./Middlewares/ST/STM32_USB_Device_Library/Core/Src/usbd_core.o
                0x0800f3fa                USBD_LL_DevDisconnected
 .text.USBD_CoreFindIF
                0x0800f440       0x1a ./Middlewares/ST/STM32_USB_Device_Library/Core/Src/usbd_core.o
                0x0800f440                USBD_CoreFindIF
 .text.USBD_CoreFindEP
                0x0800f45a       0x1a ./Middlewares/ST/STM32_USB_Device_Library/Core/Src/usbd_core.o
                0x0800f45a                USBD_CoreFindEP
 .text.USBD_GetEpDesc
                0x0800f474       0x70 ./Middlewares/ST/STM32_USB_Device_Library/Core/Src/usbd_core.o
                0x0800f474                USBD_GetEpDesc
 .text.USBD_GetNextDesc
                0x0800f4e4       0x38 ./Middlewares/ST/STM32_USB_Device_Library/Core/Src/usbd_core.o
                0x0800f4e4                USBD_GetNextDesc
 .text.SWAPBYTE
                0x0800f51c       0x3e ./Middlewares/ST/STM32_USB_Device_Library/Core/Src/usbd_ctlreq.o
 *fill*         0x0800f55a        0x2 
 .text.USBD_StdDevReq
                0x0800f55c       0xe4 ./Middlewares/ST/STM32_USB_Device_Library/Core/Src/usbd_ctlreq.o
                0x0800f55c                USBD_StdDevReq
 .text.USBD_StdItfReq
                0x0800f640       0xd8 ./Middlewares/ST/STM32_USB_Device_Library/Core/Src/usbd_ctlreq.o
                0x0800f640                USBD_StdItfReq
 .text.USBD_StdEPReq
                0x0800f718      0x33e ./Middlewares/ST/STM32_USB_Device_Library/Core/Src/usbd_ctlreq.o
                0x0800f718                USBD_StdEPReq
 *fill*         0x0800fa56        0x2 
 .text.USBD_GetDescriptor
                0x0800fa58      0x328 ./Middlewares/ST/STM32_USB_Device_Library/Core/Src/usbd_ctlreq.o
 .text.USBD_SetAddress
                0x0800fd80       0x88 ./Middlewares/ST/STM32_USB_Device_Library/Core/Src/usbd_ctlreq.o
 .text.USBD_SetConfig
                0x0800fe08      0x154 ./Middlewares/ST/STM32_USB_Device_Library/Core/Src/usbd_ctlreq.o
 .text.USBD_GetConfig
                0x0800ff5c       0x6c ./Middlewares/ST/STM32_USB_Device_Library/Core/Src/usbd_ctlreq.o
 .text.USBD_GetStatus
                0x0800ffc8       0x68 ./Middlewares/ST/STM32_USB_Device_Library/Core/Src/usbd_ctlreq.o
 .text.USBD_SetFeature
                0x08010030       0x52 ./Middlewares/ST/STM32_USB_Device_Library/Core/Src/usbd_ctlreq.o
 .text.USBD_ClrFeature
                0x08010082       0x44 ./Middlewares/ST/STM32_USB_Device_Library/Core/Src/usbd_ctlreq.o
 .text.USBD_ParseSetupRequest
                0x080100c6       0x74 ./Middlewares/ST/STM32_USB_Device_Library/Core/Src/usbd_ctlreq.o
                0x080100c6                USBD_ParseSetupRequest
 .text.USBD_CtlError
                0x0801013a       0x22 ./Middlewares/ST/STM32_USB_Device_Library/Core/Src/usbd_ctlreq.o
                0x0801013a                USBD_CtlError
 .text.USBD_GetString
                0x0801015c       0xa4 ./Middlewares/ST/STM32_USB_Device_Library/Core/Src/usbd_ctlreq.o
                0x0801015c                USBD_GetString
 .text.USBD_GetLen
                0x08010200       0x34 ./Middlewares/ST/STM32_USB_Device_Library/Core/Src/usbd_ctlreq.o
 .text.USBD_CtlSendData
                0x08010234       0x3c ./Middlewares/ST/STM32_USB_Device_Library/Core/Src/usbd_ioreq.o
                0x08010234                USBD_CtlSendData
 .text.USBD_CtlContinueSendData
                0x08010270       0x22 ./Middlewares/ST/STM32_USB_Device_Library/Core/Src/usbd_ioreq.o
                0x08010270                USBD_CtlContinueSendData
 .text.USBD_CtlPrepareRx
                0x08010292       0x42 ./Middlewares/ST/STM32_USB_Device_Library/Core/Src/usbd_ioreq.o
                0x08010292                USBD_CtlPrepareRx
 .text.USBD_CtlContinueRx
                0x080102d4       0x22 ./Middlewares/ST/STM32_USB_Device_Library/Core/Src/usbd_ioreq.o
                0x080102d4                USBD_CtlContinueRx
 .text.USBD_CtlSendStatus
                0x080102f6       0x26 ./Middlewares/ST/STM32_USB_Device_Library/Core/Src/usbd_ioreq.o
                0x080102f6                USBD_CtlSendStatus
 .text.USBD_CtlReceiveStatus
                0x0801031c       0x26 ./Middlewares/ST/STM32_USB_Device_Library/Core/Src/usbd_ioreq.o
                0x0801031c                USBD_CtlReceiveStatus
 *fill*         0x08010342        0x2 
 .text.MX_USB_DEVICE_Init
                0x08010344       0x64 ./USB_DEVICE/App/usb_device.o
                0x08010344                MX_USB_DEVICE_Init
 .text.CDC_Init_FS
                0x080103a8       0x28 ./USB_DEVICE/App/usbd_cdc_if.o
 .text.CDC_DeInit_FS
                0x080103d0       0x10 ./USB_DEVICE/App/usbd_cdc_if.o
 .text.CDC_Control_FS
                0x080103e0       0xbc ./USB_DEVICE/App/usbd_cdc_if.o
 .text.CDC_Receive_FS
                0x0801049c       0x28 ./USB_DEVICE/App/usbd_cdc_if.o
 .text.CDC_Transmit_FS
                0x080104c4       0x54 ./USB_DEVICE/App/usbd_cdc_if.o
                0x080104c4                CDC_Transmit_FS
 .text.CDC_TransmitCplt_FS
                0x08010518       0x22 ./USB_DEVICE/App/usbd_cdc_if.o
 *fill*         0x0801053a        0x2 
 .text.USBD_FS_DeviceDescriptor
                0x0801053c       0x24 ./USB_DEVICE/App/usbd_desc.o
                0x0801053c                USBD_FS_DeviceDescriptor
 .text.USBD_FS_LangIDStrDescriptor
                0x08010560       0x24 ./USB_DEVICE/App/usbd_desc.o
                0x08010560                USBD_FS_LangIDStrDescriptor
 .text.USBD_FS_ProductStrDescriptor
                0x08010584       0x3c ./USB_DEVICE/App/usbd_desc.o
                0x08010584                USBD_FS_ProductStrDescriptor
 .text.USBD_FS_ManufacturerStrDescriptor
                0x080105c0       0x28 ./USB_DEVICE/App/usbd_desc.o
                0x080105c0                USBD_FS_ManufacturerStrDescriptor
 .text.USBD_FS_SerialStrDescriptor
                0x080105e8       0x24 ./USB_DEVICE/App/usbd_desc.o
                0x080105e8                USBD_FS_SerialStrDescriptor
 .text.USBD_FS_ConfigStrDescriptor
                0x0801060c       0x3c ./USB_DEVICE/App/usbd_desc.o
                0x0801060c                USBD_FS_ConfigStrDescriptor
 .text.USBD_FS_InterfaceStrDescriptor
                0x08010648       0x3c ./USB_DEVICE/App/usbd_desc.o
                0x08010648                USBD_FS_InterfaceStrDescriptor
 .text.Get_SerialNum
                0x08010684       0x58 ./USB_DEVICE/App/usbd_desc.o
 .text.IntToUnicode
                0x080106dc       0x7e ./USB_DEVICE/App/usbd_desc.o
 *fill*         0x0801075a        0x2 
 .text.HAL_PCD_MspInit
                0x0801075c       0xe8 ./USB_DEVICE/Target/usbd_conf.o
                0x0801075c                HAL_PCD_MspInit
 .text.HAL_PCD_SetupStageCallback
                0x08010844       0x24 ./USB_DEVICE/Target/usbd_conf.o
                0x08010844                HAL_PCD_SetupStageCallback
 .text.HAL_PCD_DataOutStageCallback
                0x08010868       0x36 ./USB_DEVICE/Target/usbd_conf.o
                0x08010868                HAL_PCD_DataOutStageCallback
 .text.HAL_PCD_DataInStageCallback
                0x0801089e       0x34 ./USB_DEVICE/Target/usbd_conf.o
                0x0801089e                HAL_PCD_DataInStageCallback
 .text.HAL_PCD_SOFCallback
                0x080108d2       0x1c ./USB_DEVICE/Target/usbd_conf.o
                0x080108d2                HAL_PCD_SOFCallback
 .text.HAL_PCD_ResetCallback
                0x080108ee       0x50 ./USB_DEVICE/Target/usbd_conf.o
                0x080108ee                HAL_PCD_ResetCallback
 *fill*         0x0801093e        0x2 
 .text.HAL_PCD_SuspendCallback
                0x08010940       0x4c ./USB_DEVICE/Target/usbd_conf.o
                0x08010940                HAL_PCD_SuspendCallback
 .text.HAL_PCD_ResumeCallback
                0x0801098c       0x1c ./USB_DEVICE/Target/usbd_conf.o
                0x0801098c                HAL_PCD_ResumeCallback
 .text.HAL_PCD_ISOOUTIncompleteCallback
                0x080109a8       0x24 ./USB_DEVICE/Target/usbd_conf.o
                0x080109a8                HAL_PCD_ISOOUTIncompleteCallback
 .text.HAL_PCD_ISOINIncompleteCallback
                0x080109cc       0x24 ./USB_DEVICE/Target/usbd_conf.o
                0x080109cc                HAL_PCD_ISOINIncompleteCallback
 .text.HAL_PCD_ConnectCallback
                0x080109f0       0x1c ./USB_DEVICE/Target/usbd_conf.o
                0x080109f0                HAL_PCD_ConnectCallback
 .text.HAL_PCD_DisconnectCallback
                0x08010a0c       0x1c ./USB_DEVICE/Target/usbd_conf.o
                0x08010a0c                HAL_PCD_DisconnectCallback
 .text.USBD_LL_Init
                0x08010a28       0xa0 ./USB_DEVICE/Target/usbd_conf.o
                0x08010a28                USBD_LL_Init
 .text.USBD_LL_Start
                0x08010ac8       0x36 ./USB_DEVICE/Target/usbd_conf.o
                0x08010ac8                USBD_LL_Start
 .text.USBD_LL_OpenEP
                0x08010afe       0x4c ./USB_DEVICE/Target/usbd_conf.o
                0x08010afe                USBD_LL_OpenEP
 .text.USBD_LL_CloseEP
                0x08010b4a       0x3e ./USB_DEVICE/Target/usbd_conf.o
                0x08010b4a                USBD_LL_CloseEP
 .text.USBD_LL_StallEP
                0x08010b88       0x3e ./USB_DEVICE/Target/usbd_conf.o
                0x08010b88                USBD_LL_StallEP
 .text.USBD_LL_ClearStallEP
                0x08010bc6       0x3e ./USB_DEVICE/Target/usbd_conf.o
                0x08010bc6                USBD_LL_ClearStallEP
 .text.USBD_LL_IsStallEP
                0x08010c04       0x58 ./USB_DEVICE/Target/usbd_conf.o
                0x08010c04                USBD_LL_IsStallEP
 .text.USBD_LL_SetUSBAddress
                0x08010c5c       0x3e ./USB_DEVICE/Target/usbd_conf.o
                0x08010c5c                USBD_LL_SetUSBAddress
 .text.USBD_LL_Transmit
                0x08010c9a       0x42 ./USB_DEVICE/Target/usbd_conf.o
                0x08010c9a                USBD_LL_Transmit
 .text.USBD_LL_PrepareReceive
                0x08010cdc       0x42 ./USB_DEVICE/Target/usbd_conf.o
                0x08010cdc                USBD_LL_PrepareReceive
 .text.USBD_LL_GetRxDataSize
                0x08010d1e       0x26 ./USB_DEVICE/Target/usbd_conf.o
                0x08010d1e                USBD_LL_GetRxDataSize
 .text.USBD_static_malloc
                0x08010d44       0x1c ./USB_DEVICE/Target/usbd_conf.o
                0x08010d44                USBD_static_malloc
 .text.USBD_static_free
                0x08010d60       0x14 ./USB_DEVICE/Target/usbd_conf.o
                0x08010d60                USBD_static_free
 .text.USBD_Get_USB_Status
                0x08010d74       0x58 ./USB_DEVICE/Target/usbd_conf.o
                0x08010d74                USBD_Get_USB_Status
 *(.glue_7)
 .glue_7        0x08010dcc        0x0 linker stubs
 *(.glue_7t)
 .glue_7t       0x08010dcc        0x0 linker stubs
 *(.eh_frame)
 .eh_frame      0x08010dcc        0x0 /usr/lib/gcc/arm-none-eabi/14.2.1/thumb/v7e-m+dp/hard/crtbegin.o
 *(.init)
 .init          0x08010dcc        0x4 /usr/lib/gcc/arm-none-eabi/14.2.1/thumb/v7e-m+dp/hard/crti.o
                0x08010dcc                _init
 .init          0x08010dd0        0x8 /usr/lib/gcc/arm-none-eabi/14.2.1/thumb/v7e-m+dp/hard/crtn.o
 *(.fini)
 .fini          0x08010dd8        0x4 /usr/lib/gcc/arm-none-eabi/14.2.1/thumb/v7e-m+dp/hard/crti.o
                0x08010dd8                _fini
 .fini          0x08010ddc        0x8 /usr/lib/gcc/arm-none-eabi/14.2.1/thumb/v7e-m+dp/hard/crtn.o
                0x08010de4                        . = ALIGN (0x4)
                0x08010de4                        _etext = .

.vfp11_veneer   0x08010de4        0x0
 .vfp11_veneer  0x08010de4        0x0 linker stubs

.v4_bx          0x08010de4        0x0
 .v4_bx         0x08010de4        0x0 linker stubs

.iplt           0x08010de4        0x0
 .iplt          0x08010de4        0x0 /usr/lib/gcc/arm-none-eabi/14.2.1/thumb/v7e-m+dp/hard/crtbegin.o

.rodata         0x08010de8      0x55c
                0x08010de8                        . = ALIGN (0x4)
 *(.rodata)
 .rodata        0x08010de8      0x140 /usr/lib/gcc/arm-none-eabi/14.2.1/../../../arm-none-eabi/lib/thumb/v7e-m+dp/hard/libm.a(libm_a-sincosf_data.o)
                0x08010de8                __inv_pio4
                0x08010e48                __sincosf_table
 .rodata        0x08010f28       0x18 /usr/lib/gcc/arm-none-eabi/14.2.1/../../../arm-none-eabi/lib/thumb/v7e-m+dp/hard/libm.a(libm_a-ef_atan2.o)
 .rodata        0x08010f40       0x20 /usr/lib/gcc/arm-none-eabi/14.2.1/../../../arm-none-eabi/lib/thumb/v7e-m+dp/hard/libm.a(libm_a-sf_atan.o)
 *(.rodata*)
 .rodata.mahony9_config
                0x08010f60       0x1c ./Components/App/Src/app.o
 .rodata.App_TryInitICM20948.str1.4
                0x08010f7c      0x38d ./Components/App/Src/app.o
                                0x111 (size before relaxing)
 .rodata.App_CalibrateGyro.str1.4
                0x08011309       0x25 ./Components/App/Src/app.o
 .rodata.App_ReportICM20948.str1.4
                0x08011309       0xb5 ./Components/App/Src/app.o
 .rodata.App_ReportMagDebug.str1.4
                0x08011309      0x115 ./Components/App/Src/app.o
 *fill*         0x08011309        0x3 
 .rodata.D1CorePrescTable
                0x0801130c       0x10 ./Core/Src/system_stm32h7xx.o
                0x0801130c                D1CorePrescTable
 .rodata.UARTPrescTable
                0x0801131c       0x18 ./Drivers/STM32H7xx_HAL_Driver/Src/stm32h7xx_hal_uart.o
                0x0801131c                UARTPrescTable
 .rodata.numerator.1
                0x08011334        0x8 ./Drivers/STM32H7xx_HAL_Driver/Src/stm32h7xx_hal_uart_ex.o
 .rodata.denominator.0
                0x0801133c        0x8 ./Drivers/STM32H7xx_HAL_Driver/Src/stm32h7xx_hal_uart_ex.o
 .rodata.USBD_FS_ProductStrDescriptor.str1.4
                0x08011344       0x16 ./USB_DEVICE/App/usbd_desc.o
 .rodata.USBD_FS_ManufacturerStrDescriptor.str1.4
                0x08011344       0x13 ./USB_DEVICE/App/usbd_desc.o
 .rodata.USBD_FS_ConfigStrDescriptor.str1.4
                0x08011344        0xb ./USB_DEVICE/App/usbd_desc.o
 .rodata.USBD_FS_InterfaceStrDescriptor.str1.4
                0x08011344        0xe ./USB_DEVICE/App/usbd_desc.o
 .rodata.str1.4
                0x08011344       0x13 /usr/lib/gcc/arm-none-eabi/14.2.1/../../../arm-none-eabi/lib/thumb/v7e-m+dp/hard/libc_nano.a(libc_a-nano-svfprintf.o)
 .rodata.str1.4
                0x08011344       0x25 /usr/lib/gcc/arm-none-eabi/14.2.1/../../../arm-none-eabi/lib/thumb/v7e-m+dp/hard/libc_nano.a(libc_a-nano-vfprintf_i.o)
 .rodata.str1.4
                0x08011344        0x1 /usr/lib/gcc/arm-none-eabi/14.2.1/../../../arm-none-eabi/lib/thumb/v7e-m+dp/hard/libm.a(libm_a-wf_asin.o)
                0x0801136c                        . = ALIGN (0x4)

.ARM.extab
 *(.ARM.extab* .gnu.linkonce.armextab.*)

.ARM            0x08011344        0x8
                0x08011344                        __exidx_start = .
 *(.ARM.exidx*)
 .ARM.exidx     0x08011344        0x8 /usr/lib/gcc/arm-none-eabi/14.2.1/../../../arm-none-eabi/lib/thumb/v7e-m+dp/hard/libc_nano.a(libc_a-memcpy.o)
 .ARM.exidx     0x0801134c        0x0 /usr/lib/gcc/arm-none-eabi/14.2.1/../../../arm-none-eabi/lib/thumb/v7e-m+dp/hard/libc_nano.a(libc_a-memchr.o)
                                  0x8 (size before relaxing)
 .ARM.exidx     0x0801134c        0x0 /usr/lib/gcc/arm-none-eabi/14.2.1/thumb/v7e-m+dp/hard/libgcc.a(_udivmoddi4.o)
                                  0x8 (size before relaxing)
                0x0801134c                        __exidx_end = .

.preinit_array  0x0801134c        0x0
                0x0801134c                        PROVIDE (__preinit_array_start = .)
 *(.preinit_array*)
                0x0801134c                        PROVIDE (__preinit_array_end = .)

.init_array     0x0801134c        0x4
                0x0801134c                        PROVIDE (__init_array_start = .)
 *(SORT_BY_NAME(.init_array.*))
 *(.init_array*)
 .init_array    0x0801134c        0x4 /usr/lib/gcc/arm-none-eabi/14.2.1/thumb/v7e-m+dp/hard/crtbegin.o
                0x08011350                        PROVIDE (__init_array_end = .)

.fini_array     0x08011350        0x4
                0x08011350                        PROVIDE (__fini_array_start = .)
 *(SORT_BY_NAME(.fini_array.*))
 *(.fini_array*)
 .fini_array    0x08011350        0x4 /usr/lib/gcc/arm-none-eabi/14.2.1/thumb/v7e-m+dp/hard/crtbegin.o
                0x08011354                        PROVIDE (__fini_array_end = .)
                0x08011354                        _sidata = LOADADDR (.data)

.rel.dyn        0x08011354        0x0
 .rel.iplt      0x08011354        0x0 /usr/lib/gcc/arm-none-eabi/14.2.1/thumb/v7e-m+dp/hard/crtbegin.o

.data           0x24000000      0x158 load address 0x08011354
                0x24000000                        . = ALIGN (0x4)
                0x24000000                        _sdata = .
 *(.data)
 .data          0x24000000       0x50 /usr/lib/gcc/arm-none-eabi/14.2.1/../../../arm-none-eabi/lib/thumb/v7e-m+dp/hard/libc_nano.a(libc_a-impure.o)
                0x24000000                _impure_ptr
                0x24000004                _impure_data
 *(.data*)
 .data.icm20948_status
                0x24000050        0x1 ./Components/App/Src/app.o
 .data.icm20948_mag_status
                0x24000051        0x1 ./Components/App/Src/app.o
 .data.icm20948_mag_init_status
                0x24000052        0x1 ./Components/App/Src/app.o
 *fill*         0x24000053        0x1 
 .data.SystemCoreClock
                0x24000054        0x4 ./Core/Src/system_stm32h7xx.o
                0x24000054                SystemCoreClock
 .data.SystemD2Clock
                0x24000058        0x4 ./Core/Src/system_stm32h7xx.o
                0x24000058                SystemD2Clock
 .data.uwTickPrio
                0x2400005c        0x4 ./Drivers/STM32H7xx_HAL_Driver/Src/stm32h7xx_hal.o
                0x2400005c                uwTickPrio
 .data.uwTickFreq
                0x24000060        0x1 ./Drivers/STM32H7xx_HAL_Driver/Src/stm32h7xx_hal.o
                0x24000060                uwTickFreq
 *fill*         0x24000061        0x3 
 .data.USBD_CDC_DeviceQualifierDesc
                0x24000064        0xa ./Middlewares/ST/STM32_USB_Device_Library/Class/CDC/Src/usbd_cdc.o
 *fill*         0x2400006e        0x2 
 .data.USBD_CDC
                0x24000070       0x38 ./Middlewares/ST/STM32_USB_Device_Library/Class/CDC/Src/usbd_cdc.o
                0x24000070                USBD_CDC
 .data.USBD_CDC_CfgDesc
                0x240000a8       0x43 ./Middlewares/ST/STM32_USB_Device_Library/Class/CDC/Src/usbd_cdc.o
 .data.CDCInEpAdd
                0x240000eb        0x1 ./Middlewares/ST/STM32_USB_Device_Library/Class/CDC/Src/usbd_cdc.o
 .data.CDCOutEpAdd
                0x240000ec        0x1 ./Middlewares/ST/STM32_USB_Device_Library/Class/CDC/Src/usbd_cdc.o
 .data.CDCCmdEpAdd
                0x240000ed        0x1 ./Middlewares/ST/STM32_USB_Device_Library/Class/CDC/Src/usbd_cdc.o
 *fill*         0x240000ee        0x2 
 .data.USBD_Interface_fops_FS
                0x240000f0       0x14 ./USB_DEVICE/App/usbd_cdc_if.o
                0x240000f0                USBD_Interface_fops_FS
 .data.FS_Desc  0x24000104       0x20 ./USB_DEVICE/App/usbd_desc.o
                0x24000104                FS_Desc
 .data.USBD_FS_DeviceDesc
                0x24000124       0x12 ./USB_DEVICE/App/usbd_desc.o
                0x24000124                USBD_FS_DeviceDesc
 *fill*         0x24000136        0x2 
 .data.USBD_LangIDDesc
                0x24000138        0x4 ./USB_DEVICE/App/usbd_desc.o
                0x24000138                USBD_LangIDDesc
 .data.USBD_StringSerial
                0x2400013c       0x1a ./USB_DEVICE/App/usbd_desc.o
                0x2400013c                USBD_StringSerial
 *(.RamFunc)
 *(.RamFunc*)
                0x24000158                        . = ALIGN (0x4)
 *fill*         0x24000156        0x2 
                0x24000158                        _edata = .

.tm_clone_table
                0x24000158        0x0 load address 0x080114ac
 .tm_clone_table
                0x24000158        0x0 /usr/lib/gcc/arm-none-eabi/14.2.1/thumb/v7e-m+dp/hard/crtbegin.o
 .tm_clone_table
                0x24000158        0x0 /usr/lib/gcc/arm-none-eabi/14.2.1/thumb/v7e-m+dp/hard/crtend.o

.igot.plt       0x24000158        0x0 load address 0x080114ac
 .igot.plt      0x24000158        0x0 /usr/lib/gcc/arm-none-eabi/14.2.1/thumb/v7e-m+dp/hard/crtbegin.o
                0x24000158                        . = ALIGN (0x4)

.bss            0x24000158     0x213c load address 0x080114ac
                0x24000158                        _sbss = .
                0x24000158                        __bss_start__ = _sbss
 *(.bss)
 .bss           0x24000158       0x1c /usr/lib/gcc/arm-none-eabi/14.2.1/thumb/v7e-m+dp/hard/crtbegin.o
 .bss           0x24000174      0x13c /usr/lib/gcc/arm-none-eabi/14.2.1/../../../arm-none-eabi/lib/thumb/v7e-m+dp/hard/libc_nano.a(libc_a-findfp.o)
                0x24000174                __sf
                0x240002ac                __stdio_exit_handler
 .bss           0x240002b0        0x8 /usr/lib/gcc/arm-none-eabi/14.2.1/../../../arm-none-eabi/lib/thumb/v7e-m+dp/hard/libc_nano.a(libc_a-mallocr.o)
                0x240002b0                __malloc_sbrk_start
                0x240002b4                __malloc_free_list
 .bss           0x240002b8        0x4 /usr/lib/gcc/arm-none-eabi/14.2.1/../../../arm-none-eabi/lib/thumb/v7e-m+dp/hard/libc_nano.a(libc_a-reent.o)
                0x240002b8                errno
 *(.bss*)
 .bss.app_spi   0x240002bc        0x4 ./Components/App/Src/app.o
 .bss.app_icm_cs_port
                0x240002c0        0x4 ./Components/App/Src/app.o
 .bss.app_icm_cs_pin
                0x240002c4        0x2 ./Components/App/Src/app.o
 *fill*         0x240002c6        0x2 
 .bss.app_usb_transmit
                0x240002c8        0x4 ./Components/App/Src/app.o
 .bss.app_activity_led_port
                0x240002cc        0x4 ./Components/App/Src/app.o
 .bss.app_activity_led_pin
                0x240002d0        0x2 ./Components/App/Src/app.o
 *fill*         0x240002d2        0x2 
 .bss.icm20948  0x240002d4       0x14 ./Components/App/Src/app.o
 .bss.icm20948_raw
                0x240002e8        0xe ./Components/App/Src/app.o
 *fill*         0x240002f6        0x2 
 .bss.icm20948_mag_raw
                0x240002f8        0x6 ./Components/App/Src/app.o
 *fill*         0x240002fe        0x2 
 .bss.icm20948_gyro_bias
                0x24000300        0x6 ./Components/App/Src/app.o
 *fill*         0x24000306        0x2 
 .bss.icm20948_mag_body_cal_cuT
                0x24000308        0xc ./Components/App/Src/app.o
 .bss.icm20948_who_am_i
                0x24000314        0x1 ./Components/App/Src/app.o
 .bss.icm20948_mag_valid
                0x24000315        0x1 ./Components/App/Src/app.o
 *fill*         0x24000316        0x2 
 .bss.icm20948_last_sample_ms
                0x24000318        0x4 ./Components/App/Src/app.o
 .bss.icm20948_last_report_ms
                0x2400031c        0x4 ./Components/App/Src/app.o
 .bss.icm20948_last_mag_ms
                0x24000320        0x4 ./Components/App/Src/app.o
 .bss.icm20948_last_reinit_ms
                0x24000324        0x4 ./Components/App/Src/app.o
 .bss.app_last_led_ms
                0x24000328        0x4 ./Components/App/Src/app.o
 .bss.app_last_mag_debug_ms
                0x2400032c        0x4 ./Components/App/Src/app.o
 .bss.mahony9   0x24000330       0x3c ./Components/App/Src/app.o
 .bss.attitude  0x2400036c        0xc ./Components/App/Src/app.o
 .bss.usb_tx_buffer
                0x24000378      0x180 ./Components/App/Src/app.o
 .bss.hspi1     0x240004f8       0x88 ./Core/Src/main.o
                0x240004f8                hspi1
 .bss.huart4    0x24000580       0x94 ./Core/Src/main.o
                0x24000580                huart4
 .bss.huart1    0x24000614       0x94 ./Core/Src/main.o
                0x24000614                huart1
 .bss.__sbrk_heap_end
                0x240006a8        0x4 ./Core/Src/sysmem.o
 .bss.uwTick    0x240006ac        0x4 ./Drivers/STM32H7xx_HAL_Driver/Src/stm32h7xx_hal.o
                0x240006ac                uwTick
 .bss.cfgidx.0  0x240006b0        0x1 ./Middlewares/ST/STM32_USB_Device_Library/Core/Src/usbd_ctlreq.o
 *fill*         0x240006b1        0x3 
 .bss.hUsbDeviceFS
                0x240006b4      0x2dc ./USB_DEVICE/App/usb_device.o
                0x240006b4                hUsbDeviceFS
 .bss.UserRxBufferFS
                0x24000990      0x800 ./USB_DEVICE/App/usbd_cdc_if.o
                0x24000990                UserRxBufferFS
 .bss.UserTxBufferFS
                0x24001190      0x800 ./USB_DEVICE/App/usbd_cdc_if.o
                0x24001190                UserTxBufferFS
 .bss.USBD_StrDesc
                0x24001990      0x200 ./USB_DEVICE/App/usbd_desc.o
                0x24001990                USBD_StrDesc
 .bss.hpcd_USB_OTG_FS
                0x24001b90      0x4e4 ./USB_DEVICE/Target/usbd_conf.o
                0x24001b90                hpcd_USB_OTG_FS
 .bss.mem.0     0x24002074      0x220 ./USB_DEVICE/Target/usbd_conf.o
 *(COMMON)
                0x24002294                        . = ALIGN (0x4)
                0x24002294                        _ebss = .
                0x24002294                        __bss_end__ = _ebss

._user_heap_stack
                0x24002294      0x604 load address 0x080114ac
                0x24002298                        . = ALIGN (0x8)
 *fill*         0x24002294        0x4 
                [!provide]                        PROVIDE (end = .)
                0x24002298                        PROVIDE (_end = .)
                0x24002498                        . = (. + _Min_Heap_Size)
 *fill*         0x24002298      0x200 
                0x24002898                        . = (. + _Min_Stack_Size)
 *fill*         0x24002498      0x400 
                0x24002898                        . = ALIGN (0x8)

/DISCARD/
 libc.a(*)
 libm.a(*)
 libgcc.a(*)

.ARM.attributes
                0x00000000       0x2e
 *(.ARM.attributes)
 .ARM.attributes
                0x00000000       0x20 /usr/lib/gcc/arm-none-eabi/14.2.1/thumb/v7e-m+dp/hard/crti.o
 .ARM.attributes
                0x00000020       0x32 /usr/lib/gcc/arm-none-eabi/14.2.1/thumb/v7e-m+dp/hard/crtbegin.o
 .ARM.attributes
                0x00000052       0x32 ./Components/App/Src/app.o
 .ARM.attributes
                0x00000084       0x32 ./Components/Attitude/Src/attitude.o
 .ARM.attributes
                0x000000b6       0x32 ./Components/ICM20948/Src/icm20948.o
 .ARM.attributes
                0x000000e8       0x32 ./Components/Mahony9/Src/mahony9.o
 .ARM.attributes
                0x0000011a       0x32 ./Core/Src/main.o
 .ARM.attributes
                0x0000014c       0x32 ./Core/Src/stm32h7xx_hal_msp.o
 .ARM.attributes
                0x0000017e       0x32 ./Core/Src/stm32h7xx_it.o
 .ARM.attributes
                0x000001b0       0x32 ./Core/Src/sysmem.o
 .ARM.attributes
                0x000001e2       0x32 ./Core/Src/system_stm32h7xx.o
 .ARM.attributes
                0x00000214       0x21 ./Core/Startup/startup_stm32h743xihx.o
 .ARM.attributes
                0x00000235       0x32 ./Drivers/STM32H7xx_HAL_Driver/Src/stm32h7xx_hal.o
 .ARM.attributes
                0x00000267       0x32 ./Drivers/STM32H7xx_HAL_Driver/Src/stm32h7xx_hal_cortex.o
 .ARM.attributes
                0x00000299       0x32 ./Drivers/STM32H7xx_HAL_Driver/Src/stm32h7xx_hal_gpio.o
 .ARM.attributes
                0x000002cb       0x32 ./Drivers/STM32H7xx_HAL_Driver/Src/stm32h7xx_hal_pcd.o
 .ARM.attributes
                0x000002fd       0x32 ./Drivers/STM32H7xx_HAL_Driver/Src/stm32h7xx_hal_pcd_ex.o
 .ARM.attributes
                0x0000032f       0x32 ./Drivers/STM32H7xx_HAL_Driver/Src/stm32h7xx_hal_pwr_ex.o
 .ARM.attributes
                0x00000361       0x32 ./Drivers/STM32H7xx_HAL_Driver/Src/stm32h7xx_hal_rcc.o
 .ARM.attributes
                0x00000393       0x32 ./Drivers/STM32H7xx_HAL_Driver/Src/stm32h7xx_hal_rcc_ex.o
 .ARM.attributes
                0x000003c5       0x32 ./Drivers/STM32H7xx_HAL_Driver/Src/stm32h7xx_hal_spi.o
 .ARM.attributes
                0x000003f7       0x32 ./Drivers/STM32H7xx_HAL_Driver/Src/stm32h7xx_hal_uart.o
 .ARM.attributes
                0x00000429       0x32 ./Drivers/STM32H7xx_HAL_Driver/Src/stm32h7xx_hal_uart_ex.o
 .ARM.attributes
                0x0000045b       0x32 ./Drivers/STM32H7xx_HAL_Driver/Src/stm32h7xx_ll_usb.o
 .ARM.attributes
                0x0000048d       0x32 ./Middlewares/ST/STM32_USB_Device_Library/Class/CDC/Src/usbd_cdc.o
 .ARM.attributes
                0x000004bf       0x32 ./Middlewares/ST/STM32_USB_Device_Library/Core/Src/usbd_core.o
 .ARM.attributes
                0x000004f1       0x32 ./Middlewares/ST/STM32_USB_Device_Library/Core/Src/usbd_ctlreq.o
 .ARM.attributes
                0x00000523       0x32 ./Middlewares/ST/STM32_USB_Device_Library/Core/Src/usbd_ioreq.o
 .ARM.attributes
                0x00000555       0x32 ./USB_DEVICE/App/usb_device.o
 .ARM.attributes
                0x00000587       0x32 ./USB_DEVICE/App/usbd_cdc_if.o
 .ARM.attributes
                0x000005b9       0x32 ./USB_DEVICE/App/usbd_desc.o
 .ARM.attributes
                0x000005eb       0x32 ./USB_DEVICE/Target/usbd_conf.o
 .ARM.attributes
                0x0000061d       0x32 /usr/lib/gcc/arm-none-eabi/14.2.1/../../../arm-none-eabi/lib/thumb/v7e-m+dp/hard/libc_nano.a(libc_a-errno.o)
 .ARM.attributes
                0x0000064f       0x32 /usr/lib/gcc/arm-none-eabi/14.2.1/../../../arm-none-eabi/lib/thumb/v7e-m+dp/hard/libc_nano.a(libc_a-init.o)
 .ARM.attributes
                0x00000681       0x32 /usr/lib/gcc/arm-none-eabi/14.2.1/../../../arm-none-eabi/lib/thumb/v7e-m+dp/hard/libc_nano.a(libc_a-memset.o)
 .ARM.attributes
                0x000006b3       0x32 /usr/lib/gcc/arm-none-eabi/14.2.1/../../../arm-none-eabi/lib/thumb/v7e-m+dp/hard/libc_nano.a(libc_a-impure.o)
 .ARM.attributes
                0x000006e5       0x32 /usr/lib/gcc/arm-none-eabi/14.2.1/../../../arm-none-eabi/lib/thumb/v7e-m+dp/hard/libc_nano.a(libc_a-snprintf.o)
 .ARM.attributes
                0x00000717       0x32 /usr/lib/gcc/arm-none-eabi/14.2.1/../../../arm-none-eabi/lib/thumb/v7e-m+dp/hard/libc_nano.a(libc_a-nano-svfprintf.o)
 .ARM.attributes
                0x00000749       0x32 /usr/lib/gcc/arm-none-eabi/14.2.1/../../../arm-none-eabi/lib/thumb/v7e-m+dp/hard/libc_nano.a(libc_a-findfp.o)
 .ARM.attributes
                0x0000077b       0x32 /usr/lib/gcc/arm-none-eabi/14.2.1/../../../arm-none-eabi/lib/thumb/v7e-m+dp/hard/libc_nano.a(libc_a-mallocr.o)
 .ARM.attributes
                0x000007ad       0x1e /usr/lib/gcc/arm-none-eabi/14.2.1/../../../arm-none-eabi/lib/thumb/v7e-m+dp/hard/libc_nano.a(libc_a-memcpy.o)
 .ARM.attributes
                0x000007cb       0x32 /usr/lib/gcc/arm-none-eabi/14.2.1/../../../arm-none-eabi/lib/thumb/v7e-m+dp/hard/libc_nano.a(libc_a-freer.o)
 .ARM.attributes
                0x000007fd       0x32 /usr/lib/gcc/arm-none-eabi/14.2.1/../../../arm-none-eabi/lib/thumb/v7e-m+dp/hard/libc_nano.a(libc_a-reallocr.o)
 .ARM.attributes
                0x0000082f       0x32 /usr/lib/gcc/arm-none-eabi/14.2.1/../../../arm-none-eabi/lib/thumb/v7e-m+dp/hard/libc_nano.a(libc_a-nano-vfprintf_i.o)
 .ARM.attributes
                0x00000861       0x32 /usr/lib/gcc/arm-none-eabi/14.2.1/../../../arm-none-eabi/lib/thumb/v7e-m+dp/hard/libc_nano.a(libc_a-mlock.o)
 .ARM.attributes
                0x00000893       0x1c /usr/lib/gcc/arm-none-eabi/14.2.1/../../../arm-none-eabi/lib/thumb/v7e-m+dp/hard/libc_nano.a(libc_a-memchr.o)
 .ARM.attributes
                0x000008af       0x32 /usr/lib/gcc/arm-none-eabi/14.2.1/../../../arm-none-eabi/lib/thumb/v7e-m+dp/hard/libc_nano.a(libc_a-memmove.o)
 .ARM.attributes
                0x000008e1       0x32 /usr/lib/gcc/arm-none-eabi/14.2.1/../../../arm-none-eabi/lib/thumb/v7e-m+dp/hard/libc_nano.a(libc_a-sbrkr.o)
 .ARM.attributes
                0x00000913       0x32 /usr/lib/gcc/arm-none-eabi/14.2.1/../../../arm-none-eabi/lib/thumb/v7e-m+dp/hard/libc_nano.a(libc_a-msizer.o)
 .ARM.attributes
                0x00000945       0x32 /usr/lib/gcc/arm-none-eabi/14.2.1/../../../arm-none-eabi/lib/thumb/v7e-m+dp/hard/libc_nano.a(libc_a-reent.o)
 .ARM.attributes
                0x00000977       0x32 /usr/lib/gcc/arm-none-eabi/14.2.1/../../../arm-none-eabi/lib/thumb/v7e-m+dp/hard/libm.a(libm_a-sinf.o)
 .ARM.attributes
                0x000009a9       0x32 /usr/lib/gcc/arm-none-eabi/14.2.1/../../../arm-none-eabi/lib/thumb/v7e-m+dp/hard/libm.a(libm_a-sincosf_data.o)
 .ARM.attributes
                0x000009db       0x32 /usr/lib/gcc/arm-none-eabi/14.2.1/../../../arm-none-eabi/lib/thumb/v7e-m+dp/hard/libm.a(libm_a-wf_sqrt.o)
 .ARM.attributes
                0x00000a0d       0x32 /usr/lib/gcc/arm-none-eabi/14.2.1/../../../arm-none-eabi/lib/thumb/v7e-m+dp/hard/libm.a(libm_a-wf_atan2.o)
 .ARM.attributes
                0x00000a3f       0x32 /usr/lib/gcc/arm-none-eabi/14.2.1/../../../arm-none-eabi/lib/thumb/v7e-m+dp/hard/libm.a(libm_a-math_errf.o)
 .ARM.attributes
                0x00000a71       0x32 /usr/lib/gcc/arm-none-eabi/14.2.1/../../../arm-none-eabi/lib/thumb/v7e-m+dp/hard/libm.a(libm_a-cosf.o)
 .ARM.attributes
                0x00000aa3       0x32 /usr/lib/gcc/arm-none-eabi/14.2.1/../../../arm-none-eabi/lib/thumb/v7e-m+dp/hard/libm.a(libm_a-wf_asin.o)
 .ARM.attributes
                0x00000ad5       0x32 /usr/lib/gcc/arm-none-eabi/14.2.1/../../../arm-none-eabi/lib/thumb/v7e-m+dp/hard/libm.a(libm_a-ef_asin.o)
 .ARM.attributes
                0x00000b07       0x32 /usr/lib/gcc/arm-none-eabi/14.2.1/../../../arm-none-eabi/lib/thumb/v7e-m+dp/hard/libm.a(libm_a-ef_atan2.o)
 .ARM.attributes
                0x00000b39       0x32 /usr/lib/gcc/arm-none-eabi/14.2.1/../../../arm-none-eabi/lib/thumb/v7e-m+dp/hard/libm.a(libm_a-sf_atan.o)
 .ARM.attributes
                0x00000b6b       0x32 /usr/lib/gcc/arm-none-eabi/14.2.1/../../../arm-none-eabi/lib/thumb/v7e-m+dp/hard/libm.a(libm_a-sf_fabs.o)
 .ARM.attributes
                0x00000b9d       0x32 /usr/lib/gcc/arm-none-eabi/14.2.1/../../../arm-none-eabi/lib/thumb/v7e-m+dp/hard/libm.a(libm_a-ef_sqrt.o)
 .ARM.attributes
                0x00000bcf       0x32 /usr/lib/gcc/arm-none-eabi/14.2.1/../../../arm-none-eabi/lib/thumb/v7e-m+dp/hard/libm.a(libm_a-sf_nan.o)
 .ARM.attributes
                0x00000c01       0x20 /usr/lib/gcc/arm-none-eabi/14.2.1/thumb/v7e-m+dp/hard/libgcc.a(_arm_addsubdf3.o)
 .ARM.attributes
                0x00000c21       0x20 /usr/lib/gcc/arm-none-eabi/14.2.1/thumb/v7e-m+dp/hard/libgcc.a(_aeabi_ldivmod.o)
 .ARM.attributes
                0x00000c41       0x20 /usr/lib/gcc/arm-none-eabi/14.2.1/thumb/v7e-m+dp/hard/libgcc.a(_aeabi_uldivmod.o)
 .ARM.attributes
                0x00000c61       0x32 /usr/lib/gcc/arm-none-eabi/14.2.1/thumb/v7e-m+dp/hard/libgcc.a(_udivmoddi4.o)
 .ARM.attributes
                0x00000c93       0x20 /usr/lib/gcc/arm-none-eabi/14.2.1/thumb/v7e-m+dp/hard/libgcc.a(_dvmd_tls.o)
 .ARM.attributes
                0x00000cb3       0x32 /usr/lib/gcc/arm-none-eabi/14.2.1/thumb/v7e-m+dp/hard/crtend.o
 .ARM.attributes
                0x00000ce5       0x20 /usr/lib/gcc/arm-none-eabi/14.2.1/thumb/v7e-m+dp/hard/crtn.o
OUTPUT(stm32_quad_dr.elf elf32-littlearm)
LOAD linker stubs
LOAD /usr/lib/gcc/arm-none-eabi/14.2.1/../../../arm-none-eabi/lib/thumb/v7e-m+dp/hard/libc.a
LOAD /usr/lib/gcc/arm-none-eabi/14.2.1/../../../arm-none-eabi/lib/thumb/v7e-m+dp/hard/libm.a
LOAD /usr/lib/gcc/arm-none-eabi/14.2.1/thumb/v7e-m+dp/hard/libgcc.a

.comment        0x00000000       0x4c
 .comment       0x00000000       0x4c /usr/lib/gcc/arm-none-eabi/14.2.1/thumb/v7e-m+dp/hard/crtbegin.o
                                 0x27 (size before relaxing)
 .comment       0x0000004c       0x27 ./Components/App/Src/app.o
 .comment       0x0000004c       0x27 ./Components/Attitude/Src/attitude.o
 .comment       0x0000004c       0x27 ./Components/ICM20948/Src/icm20948.o
 .comment       0x0000004c       0x27 ./Components/Mahony9/Src/mahony9.o
 .comment       0x0000004c       0x27 ./Core/Src/main.o
 .comment       0x0000004c       0x27 ./Core/Src/stm32h7xx_hal_msp.o
 .comment       0x0000004c       0x27 ./Core/Src/stm32h7xx_it.o
 .comment       0x0000004c       0x27 ./Core/Src/sysmem.o
 .comment       0x0000004c       0x27 ./Core/Src/system_stm32h7xx.o
 .comment       0x0000004c       0x27 ./Drivers/STM32H7xx_HAL_Driver/Src/stm32h7xx_hal.o
 .comment       0x0000004c       0x27 ./Drivers/STM32H7xx_HAL_Driver/Src/stm32h7xx_hal_cortex.o
 .comment       0x0000004c       0x27 ./Drivers/STM32H7xx_HAL_Driver/Src/stm32h7xx_hal_gpio.o
 .comment       0x0000004c       0x27 ./Drivers/STM32H7xx_HAL_Driver/Src/stm32h7xx_hal_pcd.o
 .comment       0x0000004c       0x27 ./Drivers/STM32H7xx_HAL_Driver/Src/stm32h7xx_hal_pcd_ex.o
 .comment       0x0000004c       0x27 ./Drivers/STM32H7xx_HAL_Driver/Src/stm32h7xx_hal_pwr_ex.o
 .comment       0x0000004c       0x27 ./Drivers/STM32H7xx_HAL_Driver/Src/stm32h7xx_hal_rcc.o
 .comment       0x0000004c       0x27 ./Drivers/STM32H7xx_HAL_Driver/Src/stm32h7xx_hal_rcc_ex.o
 .comment       0x0000004c       0x27 ./Drivers/STM32H7xx_HAL_Driver/Src/stm32h7xx_hal_spi.o
 .comment       0x0000004c       0x27 ./Drivers/STM32H7xx_HAL_Driver/Src/stm32h7xx_hal_uart.o
 .comment       0x0000004c       0x27 ./Drivers/STM32H7xx_HAL_Driver/Src/stm32h7xx_hal_uart_ex.o
 .comment       0x0000004c       0x27 ./Drivers/STM32H7xx_HAL_Driver/Src/stm32h7xx_ll_usb.o
 .comment       0x0000004c       0x27 ./Middlewares/ST/STM32_USB_Device_Library/Class/CDC/Src/usbd_cdc.o
 .comment       0x0000004c       0x27 ./Middlewares/ST/STM32_USB_Device_Library/Core/Src/usbd_core.o
 .comment       0x0000004c       0x27 ./Middlewares/ST/STM32_USB_Device_Library/Core/Src/usbd_ctlreq.o
 .comment       0x0000004c       0x27 ./Middlewares/ST/STM32_USB_Device_Library/Core/Src/usbd_ioreq.o
 .comment       0x0000004c       0x27 ./USB_DEVICE/App/usb_device.o
 .comment       0x0000004c       0x27 ./USB_DEVICE/App/usbd_cdc_if.o
 .comment       0x0000004c       0x27 ./USB_DEVICE/App/usbd_desc.o
 .comment       0x0000004c       0x27 ./USB_DEVICE/Target/usbd_conf.o
 .comment       0x0000004c       0x27 /usr/lib/gcc/arm-none-eabi/14.2.1/../../../arm-none-eabi/lib/thumb/v7e-m+dp/hard/libc_nano.a(libc_a-errno.o)
 .comment       0x0000004c       0x27 /usr/lib/gcc/arm-none-eabi/14.2.1/../../../arm-none-eabi/lib/thumb/v7e-m+dp/hard/libc_nano.a(libc_a-init.o)
 .comment       0x0000004c       0x27 /usr/lib/gcc/arm-none-eabi/14.2.1/../../../arm-none-eabi/lib/thumb/v7e-m+dp/hard/libc_nano.a(libc_a-memset.o)
 .comment       0x0000004c       0x27 /usr/lib/gcc/arm-none-eabi/14.2.1/../../../arm-none-eabi/lib/thumb/v7e-m+dp/hard/libc_nano.a(libc_a-impure.o)
 .comment       0x0000004c       0x27 /usr/lib/gcc/arm-none-eabi/14.2.1/../../../arm-none-eabi/lib/thumb/v7e-m+dp/hard/libc_nano.a(libc_a-snprintf.o)
 .comment       0x0000004c       0x27 /usr/lib/gcc/arm-none-eabi/14.2.1/../../../arm-none-eabi/lib/thumb/v7e-m+dp/hard/libc_nano.a(libc_a-nano-svfprintf.o)
 .comment       0x0000004c       0x27 /usr/lib/gcc/arm-none-eabi/14.2.1/../../../arm-none-eabi/lib/thumb/v7e-m+dp/hard/libc_nano.a(libc_a-findfp.o)
 .comment       0x0000004c       0x27 /usr/lib/gcc/arm-none-eabi/14.2.1/../../../arm-none-eabi/lib/thumb/v7e-m+dp/hard/libc_nano.a(libc_a-mallocr.o)
 .comment       0x0000004c       0x27 /usr/lib/gcc/arm-none-eabi/14.2.1/../../../arm-none-eabi/lib/thumb/v7e-m+dp/hard/libc_nano.a(libc_a-freer.o)