../Components/PwmTimer/Src/pwm_timer.c:11:17:PwmTimer_GetInputClockHz	72	static
../Components/PwmTimer/Src/pwm_timer.c:65:17:PwmTimer_Init	32	static
../Components/PwmTimer/Src/pwm_timer.c:107:17:PwmChannel_Init	56	static
../Components/PwmTimer/Src/pwm_timer.c:143:17:PwmChannel_Start	24	static
../Components/PwmTimer/Src/pwm_timer.c:166:17:PwmChannel_Stop	24	static
../Components/PwmTimer/Src/pwm_timer.c:197:17:PwmChannel_SetCompare	16	static
../Components/PwmTimer/Src/pwm_timer.c:212:17:PwmChannel_StartDma	32	static
../Components/PwmTimer/Src/pwm_timer.c:254:17:PwmChannel_StopDma	24	static
../Components/PwmTimer/Src/pwm_timer.c:275:17:PwmChannel_ServiceDma	24	static
../Components/PwmTimer/Src/pwm_timer.c:308:6:PwmChannel_IsDmaBusy	16	static
../Components/PwmTimer/Src/pwm_timer.c:313:17:PwmTimer_StartCompareBurstDma	56	static
../Components/PwmTimer/Src/pwm_timer.c:369:17:PwmTimer_StopDma	24	static
../Components/PwmTimer/Src/pwm_timer.c:409:17:PwmTimer_ServiceDma	24	static
../Components/PwmTimer/Src/pwm_timer.c:443:6:PwmTimer_IsDmaBusy	16	static
../Components/PwmTimer/Src/pwm_timer.c:448:13:PwmTimer_IsApb2Timer	16	static
../Components/PwmTimer/Src/pwm_timer.c:455:13:PwmTimer_IsValidChannel	16	static
../Components/PwmTimer/Src/pwm_timer.c:461:17:PwmTimer_ChannelDmaId	16	static
../Components/PwmTimer/Src/pwm_timer.c:478:17:PwmTimer_BurstLength	16	static
../Components/PwmTimer/Src/pwm_timer.c:483:24:PwmTimer_FromHalStatus	16	static
