../Components/DroneControl/Src/drone_control.c:105:6:DroneControl_Init	48	static
../Components/DroneControl/Src/drone_control.c:141:6:DroneControl_UpdateBodyRates	40	static
../Components/DroneControl/Src/drone_control.c:166:6:DroneControl_GetRateControlDebug	16	static
../Components/DroneControl/Src/drone_control.c:171:6:DroneControl_Process	16	static
../Components/DroneControl/Src/drone_control.c:198:6:DroneControl_OnUartRxEvent	24	static
../Components/DroneControl/Src/drone_control.c:230:6:DroneControl_OnUartError	16	static
../Components/DroneControl/Src/drone_control.c:239:8:DroneControl_ReadUartRxLog	24	static
../Components/DroneControl/Src/drone_control.c:257:13:start_uart_receive	8	static
../Components/DroneControl/Src/drone_control.c:267:13:process_uart_bytes	80	static
../Components/DroneControl/Src/drone_control.c:303:13:process_raw_packet	56	static
../Components/DroneControl/Src/drone_control.c:321:13:process_control_command	24	static
../Components/DroneControl/Src/drone_control.c:431:13:enter_failsafe	16	static
../Components/DroneControl/Src/drone_control.c:442:13:disarm_output	8	static
../Components/DroneControl/Src/drone_control.c:449:13:apply_throttle	32	static
../Components/DroneControl/Src/drone_control.c:487:13:send_status	88	static
