../Components/DroneControl/Src/drone_control.c:63:6:DroneControl_Init	48	static
../Components/DroneControl/Src/drone_control.c:98:6:DroneControl_Process	16	static
../Components/DroneControl/Src/drone_control.c:125:6:DroneControl_OnUartRxEvent	24	static
../Components/DroneControl/Src/drone_control.c:157:6:DroneControl_OnUartError	16	static
../Components/DroneControl/Src/drone_control.c:166:8:DroneControl_ReadUartRxLog	24	static
../Components/DroneControl/Src/drone_control.c:184:13:start_uart_receive	8	static
../Components/DroneControl/Src/drone_control.c:194:13:process_uart_bytes	80	static
../Components/DroneControl/Src/drone_control.c:230:13:process_raw_packet	56	static
../Components/DroneControl/Src/drone_control.c:248:13:process_control_command	24	static
../Components/DroneControl/Src/drone_control.c:354:13:enter_failsafe	16	static
../Components/DroneControl/Src/drone_control.c:365:13:disarm_output	8	static
../Components/DroneControl/Src/drone_control.c:371:13:apply_throttle	32	static
../Components/DroneControl/Src/drone_control.c:409:13:send_status	88	static
