../Components/DroneControl/Src/drone_control.c:137:6:DroneControl_Init	16	static
../Components/DroneControl/Src/drone_control.c:162:6:DroneControl_UpdateBodyRates	40	static
../Components/DroneControl/Src/drone_control.c:210:6:DroneControl_GetRateControlDebug	16	static
../Components/DroneControl/Src/drone_control.c:215:6:DroneControl_GetMixerTelemetry	32	static,ignoring_inline_asm
../Components/DroneControl/Src/drone_control.c:265:6:DroneControl_PublishFlightTelemetrySample	128	static
../Components/DroneControl/Src/drone_control.c:327:6:DroneControl_Process	16	static
../Components/DroneControl/Src/drone_control.c:364:6:DroneControl_OnUartRxEvent	24	static
../Components/DroneControl/Src/drone_control.c:396:6:DroneControl_OnUartError	16	static
../Components/DroneControl/Src/drone_control.c:405:8:DroneControl_ReadUartRxLog	24	static
../Components/DroneControl/Src/drone_control.c:423:13:start_uart_receive	8	static
../Components/DroneControl/Src/drone_control.c:433:13:process_uart_bytes	80	static
../Components/DroneControl/Src/drone_control.c:469:13:process_raw_packet	56	static
../Components/DroneControl/Src/drone_control.c:487:13:process_control_command	24	static
../Components/DroneControl/Src/drone_control.c:618:13:enter_failsafe	16	static
../Components/DroneControl/Src/drone_control.c:629:13:disarm_output	16	static
../Components/DroneControl/Src/drone_control.c:643:13:apply_throttle	24	static
../Components/DroneControl/Src/drone_control.c:670:14:throttle_to_mixer_command	24	static
../Components/DroneControl/Src/drone_control.c:687:13:apply_mixed_output	96	static
../Components/DroneControl/Src/drone_control.c:758:13:publish_mixer_telemetry	48	static,ignoring_inline_asm
../Components/DroneControl/Src/drone_control.c:797:13:publish_disarmed_telemetry	56	static
../Components/DroneControl/Src/drone_control.c:816:17:get_legacy_motor_output	24	static
../Components/DroneControl/Src/drone_control.c:833:13:send_status	104	static
../Components/DroneControl/Src/drone_control.c:869:13:send_flight_telemetry	120	static
../Components/DroneControl/Src/drone_control.c:888:13:try_send_packet	24	static
../Components/DroneControl/Src/drone_control.c:911:13:scale_to_i16	32	static
