../Components/DroneControl/Src/drone_control.c:175:6:DroneControl_Init	16	static
../Components/DroneControl/Src/drone_control.c:200:6:DroneControl_UpdateBodyRates	40	static
../Components/DroneControl/Src/drone_control.c:248:6:DroneControl_GetRateControlDebug	16	static
../Components/DroneControl/Src/drone_control.c:253:6:DroneControl_GetMixerTelemetry	32	static,ignoring_inline_asm
../Components/DroneControl/Src/drone_control.c:303:6:DroneControl_PublishFlightTelemetrySample	128	static
../Components/DroneControl/Src/drone_control.c:365:6:DroneControl_Process	16	static
../Components/DroneControl/Src/drone_control.c:402:6:DroneControl_OnUartRxEvent	24	static
../Components/DroneControl/Src/drone_control.c:434:6:DroneControl_OnUartError	16	static
../Components/DroneControl/Src/drone_control.c:443:8:DroneControl_ReadUartRxLog	24	static
../Components/DroneControl/Src/drone_control.c:461:13:start_uart_receive	8	static
../Components/DroneControl/Src/drone_control.c:471:13:process_uart_bytes	80	static
../Components/DroneControl/Src/drone_control.c:507:13:process_raw_packet	56	static
../Components/DroneControl/Src/drone_control.c:525:13:process_control_command	24	static
../Components/DroneControl/Src/drone_control.c:652:13:enter_failsafe	16	static
../Components/DroneControl/Src/drone_control.c:663:13:disarm_output	8	static
../Components/DroneControl/Src/drone_control.c:671:13:apply_throttle	24	static
../Components/DroneControl/Src/drone_control.c:698:14:throttle_to_pwm	24	static
../Components/DroneControl/Src/drone_control.c:714:13:apply_mixed_output	72	static
../Components/DroneControl/Src/drone_control.c:768:13:publish_mixer_telemetry	48	static,ignoring_inline_asm
../Components/DroneControl/Src/drone_control.c:807:13:publish_disarmed_telemetry	56	static
../Components/DroneControl/Src/drone_control.c:826:13:send_status	104	static
../Components/DroneControl/Src/drone_control.c:863:13:send_flight_telemetry	120	static
../Components/DroneControl/Src/drone_control.c:882:13:try_send_packet	24	static
../Components/DroneControl/Src/drone_control.c:905:13:scale_to_i16	32	static
