../Components/DroneControl/Src/drone_control.c:153:6:DroneControl_Init	16	static
../Components/DroneControl/Src/drone_control.c:178:6:DroneControl_UpdateBodyRates	40	static
../Components/DroneControl/Src/drone_control.c:226:6:DroneControl_GetRateControlDebug	16	static
../Components/DroneControl/Src/drone_control.c:231:6:DroneControl_GetMixerTelemetry	32	static,ignoring_inline_asm
../Components/DroneControl/Src/drone_control.c:281:6:DroneControl_Process	16	static
../Components/DroneControl/Src/drone_control.c:308:6:DroneControl_OnUartRxEvent	24	static
../Components/DroneControl/Src/drone_control.c:340:6:DroneControl_OnUartError	16	static
../Components/DroneControl/Src/drone_control.c:349:8:DroneControl_ReadUartRxLog	24	static
../Components/DroneControl/Src/drone_control.c:367:13:start_uart_receive	8	static
../Components/DroneControl/Src/drone_control.c:377:13:process_uart_bytes	80	static
../Components/DroneControl/Src/drone_control.c:413:13:process_raw_packet	56	static
../Components/DroneControl/Src/drone_control.c:431:13:process_control_command	24	static
../Components/DroneControl/Src/drone_control.c:558:13:enter_failsafe	16	static
../Components/DroneControl/Src/drone_control.c:569:13:disarm_output	8	static
../Components/DroneControl/Src/drone_control.c:577:13:apply_throttle	24	static
../Components/DroneControl/Src/drone_control.c:604:13:apply_mixed_output	64	static
../Components/DroneControl/Src/drone_control.c:654:13:publish_mixer_telemetry	48	static,ignoring_inline_asm
../Components/DroneControl/Src/drone_control.c:693:13:publish_disarmed_telemetry	56	static
../Components/DroneControl/Src/drone_control.c:712:13:send_status	112	static
