../Components/App/Src/app.c:74:6:App_SetSpi	24	static
../Components/App/Src/app.c:81:6:App_SetUsbTransmit	16	static
../Components/App/Src/app.c:86:6:App_SetActivityLed	16	static
../Components/App/Src/app.c:92:6:App_SetMotorTimer	16	static
../Components/App/Src/app.c:97:6:App_SetControlUart	16	static
../Components/App/Src/app.c:102:6:App_OnUsbReceive	16	static
../Components/App/Src/app.c:112:6:App_OnUsbTransmitComplete	4	static
../Components/App/Src/app.c:117:6:App_Init	16	static
../Components/App/Src/app.c:141:6:App_Process	16	static
../Components/App/Src/app.c:184:6:HAL_UARTEx_RxEventCallback	16	static
../Components/App/Src/app.c:189:6:HAL_UART_ErrorCallback	16	static
../Components/App/Src/app.c:194:13:App_FlushControlUartLog	40	static
../Components/App/Src/app.c:236:13:App_TryInitICM20948	24	static
../Components/App/Src/app.c:303:13:App_CalibrateGyro	152	static
../Components/App/Src/app.c:360:13:App_UpdateAttitude	104	static
../Components/App/Src/app.c:463:13:App_UpdateMagnetometer	56	static
../Components/App/Src/app.c:511:13:App_ReportICM20948	192	static
../Components/App/Src/app.c:580:13:App_ReportMagDebug	216	static
../Components/App/Src/app.c:626:13:App_IcmLog	16	static
../Components/App/Src/app.c:653:16:App_GyroRawToMdps	16	static
../Components/App/Src/app.c:658:16:App_TempRawToCentiC	16	static
../Components/App/Src/app.c:663:16:App_MagRawToCentiUt	16	static
