../Core/Src/main.c:89:5:main	8	static
../Core/Src/main.c:181:6:SystemClock_Config	120	static
../Core/Src/main.c:240:13:MX_SPI1_Init	8	static
../Core/Src/main.c:288:13:MX_TIM3_Init	40	static
../Core/Src/main.c:333:13:MX_USART1_UART_Init	8	static
../Core/Src/main.c:381:13:MX_GPIO_Init	48	static
../Core/Src/main.c:441:6:StartDefaultTask	16	static
../Core/Src/main.c:456:6:MPU_Config	24	static
../Core/Src/main.c:491:6:HAL_TIM_PeriodElapsedCallback	16	static
../Core/Src/main.c:509:6:Error_Handler	4	static,ignoring_inline_asm
